D/CanData ( 2351): NPCanDataHandler::onCanDataRcv:0
D/CanData ( 2351): NPCanDataRcvEvent::NPCanDataRcvEvent
D/CanData ( 2351): NPCanDataRcvEvent::Pack(PBYTE pbyBuf, PINT piBufSize)
D/CanData ( 3744): NPCanDataRcvEvent::NPCanDataRcvEvent(PBYTE pbyBuf, PINT piBufSize)
D/CanBusData( 3744): onRcvCanDataEvent
D/CanBusData( 3744): onRcvCanDataEvent:newnewnewnew[12][16][6][96][3][0][15][0][0][0][0][0][0][148]
D/CanBusData( 3744): onRcvCanDataEvent value is 1632,into switch 
D/CanBusData( 3744): CanBus_SNR_STATUS  INFO 
D/CanBusData( 3744): CanBusData::onSNRInfoChange
D/CanBusData( 3744): CanBusData::NotifyToCallBack19,3,0
D/CanBusData( 3744): CanBusData::NotifyToCallBack19,4,15
D/CanData ( 2351): NPCanDataComManager::pbyData[47]=0,data[13]=165
D/CanData ( 2351): ------NPCanDataRxDataRecieveReq::DoAction
D/CanData ( 2351): ----DoAction:[12][16][3][115][3]
D/CanData ( 2351): ------NPCanDataRxDataRecieveReq::DoAction using NPCanDataComManager thread
D/CanData ( 2351): NPCanDataComManager::checkFrame()
D/CanData ( 2351): save frame start
D/CanData ( 2351): framebufferPtr size is0
D/CanData ( 2351): checkFrame  framebufferPtr size is14
D/CanData ( 2351): NPCanDataHandler::onCanDataRcv:0
D/CanData ( 2351): NPCanDataRcvEvent::NPCanDataRcvEvent
D/CanData ( 2351): NPCanDataRcvEvent::Pack(PBYTE pbyBuf, PINT piBufSize)
D/CanData ( 3744): NPCanDataRcvEvent::NPCanDataRcvEvent(PBYTE pbyBuf, PINT piBufSize)
D/CanBusData( 3744): onRcvCanDataEvent
D/CanBusData( 3744): onRcvCanDataEvent:newnewnewnew[12][16][3][115][3][0][0][0][0][0][0][0][0][149]
D/CanBusData( 3744): onRcvCanDataEvent value is 883,into switch 
D/CanBusData( 3744): CanBus_CGWM_STATUS  INFO 
D/CanData ( 2351): NPCanDataComManager::pbyData[48]=0,data[13]=181
D/CanData ( 2351): ------NPCanDataRxDataRecieveReq::DoAction
D/CanData ( 2351): ----DoAction:[12][16][3][115][3]
D/CanData ( 2351): ------NPCanDataRxDataRecieveReq::DoAction using NPCanDataComManager thread
D/CanData ( 2351): NPCanDataComManager::checkFrame()
D/CanData ( 2351): save frame start
D/CanData ( 2351): framebufferPtr size is0
D/CanData ( 2351): checkFrame  framebufferPtr size is14
D/CanData ( 2351): NPCanDataHandler::onCanDataRcv:0
D/CanData ( 2351): NPCanDataRcvEvent::NPCanDataRcvEvent
D/CanData ( 2351): NPCanDataRcvEvent::Pack(PBYTE pbyBuf, PINT piBufSize)
D/CanData ( 3744): NPCanDataRcvEvent::NPCanDataRcvEvent(PBYTE pbyBuf, PINT piBufSize)
D/CanBusData( 3744): onRcvCanDataEvent
D/CanBusData( 3744): onRcvCanDataEvent:newnewnewnew[12][16][3][115][3][16][0][0][0][0][0][0][0][165]
D/CanBusData( 3744): onRcvCanDataEvent value is 883,into switch 
D/CanBusData( 3744): CanBus_CGWM_STATUS  INFO 
D/CanBusData( 3744): CanBusData::onCGWMInfoChange 
D/CanBusData( 3744): CanBusData::NotifyToCallBack21,1,1
D/CanData ( 2351): NPCanDataComManager::pbyData[49]=0,data[13]=197
D/CanData ( 2351): ------NPCanDataRxDataRecieveReq::DoAction
D/CanData ( 2351): ----DoAction:[12][16][3][115][3]
D/CanData ( 2351): ------NPCanDataRxDataRecieveReq::DoAction using NPCanDataComManager thread
D/CanData ( 2351): NPCanDataComManager::checkFrame()
D/CanData ( 2351): save frame start
D/CanData ( 2351): framebufferPtr size is0
D/CanData ( 2351): checkFrame  framebufferPtr size is14
D/CanData ( 2351): NPCanDataHandler::onCanDataRcv:0
D/CanData ( 2351): NPCanDataRcvEvent::NPCanDataRcvEvent
D/CanData ( 2351): NPCanDataRcvEvent::Pack(PBYTE pbyBuf, PINT piBufSize)
D/CanData ( 3744): NPCanDataRcvEvent::NPCanDataRcvEvent(PBYTE pbyBuf, PINT piBufSize)
D/CanBusData( 3744): onRcvCanDataEvent
D/CanBusData( 3744): onRcvCanDataEvent:newnewnewnew[12][16][3][115][3][32][0][0][0][0][0][0][0][181]
D/CanBusData( 3744): onRcvCanDataEvent value is 883,into switch 
D/CanBusData( 3744): CanBus_CGWM_STATUS  INFO 
D/CanBusData( 3744): CanBusData::onCGWMInfoChange 
D/CanBusData( 3744): CanBusData::NotifyToCallBack21,1,2
D/CanData ( 2351): NPCanDataComManager::pbyData[50]=0,data[13]=150
D/CanData ( 2351): ------NPCanDataRxDataRecieveReq::DoAction
D/CanData ( 2351): ----DoAction:[12][16][3][115][3]
D/CanData ( 2351): ------NPCanDataRxDataRecieveReq::DoAction using NPCanDataComManager thread
D/CanData ( 2351): NPCanDataComManager::checkFrame()
D/CanData ( 2351): save frame start
D/CanData ( 2351): framebufferPtr size is0
D/CanData ( 2351): checkFrame  framebufferPtr size is14
D/CanData ( 2351): NPCanDataHandler::onCanDataRcv:0
D/CanData ( 2351): NPCanDataRcvEvent::NPCanDataRcvEvent
D/CanData ( 2351): NPCanDataRcvEvent::Pack(PBYTE pbyBuf, PINT piBufSize)
D/CanData ( 3744): NPCanDataRcvEvent::NPCanDataRcvEvent(PBYTE pbyBuf, PINT piBufSize)
D/CanBusData( 3744): onRcvCanDataEvent
D/CanBusData( 3744): onRcvCanDataEvent:newnewnewnew[12][16][3][115][3][48][0][0][0][0][0][0][0][197]
D/CanBusData( 3744): onRcvCanDataEvent value is 883,into switch 
D/CanBusData( 3744): CanBus_CGWM_STATUS  INFO 
D/CanBusData( 3744): CanBusData::onCGWMInfoChange 
D/CanBusData( 3744): CanBusData::NotifyToCallBack21,1,3
D/CanData ( 2351): NPCanDataComManager::pbyData[51]=0,data[13]=151
D/CanData ( 2351): ------NPCanDataRxDataRecieveReq::DoAction
D/CanData ( 2351): ----DoAction:[12][16][3][115][3]
D/CanData ( 2351): ------NPCanDataRxDataRecieveReq::DoAction using NPCanDataComManager thread
D/CanData ( 2351): NPCanDataComManager::checkFrame()
D/CanData ( 2351): save frame start
D/CanData ( 2351): framebufferPtr size is0
D/CanData ( 2351): checkFrame  framebufferPtr size is14
D/CanData ( 2351): NPCanDataHandler::onCanDataRcv:0
D/CanData ( 2351): NPCanDataRcvEvent::NPCanDataRcvEvent
D/CanData ( 2351): NPCanDataRcvEvent::Pack(PBYTE pbyBuf, PINT piBufSize)
D/CanData ( 3744): NPCanDataRcvEvent::NPCanDataRcvEvent(PBYTE pbyBuf, PINT piBufSize)
D/CanBusData( 3744): onRcvCanDataEvent
D/CanBusData( 3744): onRcvCanDataEvent:newnewnewnew[12][16][3][115][3][1][0][0][0][0][0][0][0][150]
D/CanBusData( 3744): onRcvCanDataEvent value is 883,into switch 
D/CanBusData( 3744): CanBus_CGWM_STATUS  INFO 
D/CanBusData( 3744): CanBusData::onCGWMInfoChange 
D/CanBusData( 3744): CanBusData::NotifyToCallBack21,1,0
D/CanBusData( 3744): CanBusData::NotifyToCallBack21,2,1
D/CanData ( 2351): NPCanDataComManager::pbyData[52]=0,data[13]=152
D/CanData ( 2351): ------NPCanDataRxDataRecieveReq::DoAction
D/CanData ( 2351): ----DoAction:[12][16][3][115][3]
D/CanData ( 2351): ------NPCanDataRxDataRecieveReq::DoAction using NPCanDataComManager thread
D/CanData ( 2351): NPCanDataComManager::checkFrame()
D/CanData ( 2351): save frame start
D/CanData ( 2351): framebufferPtr size is0
D/CanData ( 2351): checkFrame  framebufferPtr size is14
D/CanData ( 2351): NPCanDataHandler::onCanDataRcv:0
D/CanData ( 2351): NPCanDataRcvEvent::NPCanDataRcvEvent
D/CanData ( 2351): NPCanDataRcvEvent::Pack(PBYTE pbyBuf, PINT piBufSize)
D/CanData ( 3744): NPCanDataRcvEvent::NPCanDataRcvEvent(PBYTE pbyBuf, PINT piBufSize)
D/CanBusData( 3744): onRcvCanDataEvent
D/CanBusData( 3744): onRcvCanDataEvent:newnewnewnew[12][16][3][115][3][2][0][0][0][0][0][0][0][151]
D/CanBusData( 3744): onRcvCanDataEvent value is 883,into switch 
D/CanBusData( 3744): CanBus_CGWM_STATUS  INFO 
D/CanBusData( 3744): CanBusData::onCGWMInfoChange 
D/CanBusData( 3744): CanBusData::NotifyToCallBack21,2,2
D/CanData ( 2351): NPCanDataComManager::pbyData[53]=0,data[13]=153
D/CanData ( 2351): ------NPCanDataRxDataRecieveReq::DoAction
D/CanData ( 2351): ----DoAction:[12][16][3][115][3]
D/CanData ( 2351): ------NPCanDataRxDataRecieveReq::DoAction using NPCanDataComManager thread
D/CanData ( 2351): NPCanDataComManager::checkFrame()
D/CanData ( 2351): save frame start
D/CanData ( 2351): framebufferPtr size is0
D/CanData ( 2351): checkFrame  framebufferPtr size is14
D/CanData ( 2351): NPCanDataHandler::onCanDataRcv:0
D/CanData ( 2351): NPCanDataRcvEvent::NPCanDataRcvEvent
D/CanData ( 2351): NPCanDataRcvEvent::Pack(PBYTE pbyBuf, PINT piBufSize)
D/CanData ( 3744): NPCanDataRcvEvent::NPCanDataRcvEvent(PBYTE pbyBuf, PINT piBufSize)
D/CanBusData( 3744): onRcvCanDataEvent
D/CanBusData( 3744): onRcvCanDataEvent:newnewnewnew[12][16][3][115][3][3][0][0][0][0][0][0][0][152]
D/CanBusData( 3744): onRcvCanDataEvent value is 883,into switch 
D/CanBusData( 3744): CanBus_CGWM_STATUS  INFO 
D/CanBusData( 3744): CanBusData::onCGWMInfoChange 
D/CanBusData( 3744): CanBusData::NotifyToCallBack21,2,3
D/CanData ( 2351): NPCanDataComManager::pbyData[54]=0,data[13]=154
D/CanData ( 2351): ------NPCanDataRxDataRecieveReq::DoAction
D/CanData ( 2351): ----DoAction:[12][16][3][115][3]
D/CanData ( 2351): ------NPCanDataRxDataRecieveReq::DoAction using NPCanDataComManager thread
D/CanData ( 2351): NPCanDataComManager::checkFrame()
D/CanData ( 2351): save frame start
D/CanData ( 2351): framebufferPtr size is0
D/CanData ( 2351): checkFrame  framebufferPtr size is14
D/CanData ( 2351): NPCanDataHandler::onCanDataRcv:0
D/CanData ( 2351): NPCanDataRcvEvent::NPCanDataRcvEvent
D/CanData ( 2351): NPCanDataRcvEvent::Pack(PBYTE pbyBuf, PINT piBufSize)
D/CanData ( 3744): NPCanDataRcvEvent::NPCanDataRcvEvent(PBYTE pbyBuf, PINT piBufSize)
D/CanBusData( 3744): onRcvCanDataEvent
D/CanBusData( 3744): onRcvCanDataEvent:newnewnewnew[12][16][3][115][3][4][0][0][0][0][0][0][0][153]
D/CanBusData( 3744): onRcvCanDataEvent value is 883,into switch 
D/CanBusData( 3744): CanBus_CGWM_STATUS  INFO 
D/CanBusData( 3744): CanBusData::onCGWMInfoChange 
D/CanBusData( 3744): CanBusData::NotifyToCallBack21,2,4
D/CanData ( 2351): NPCanDataComManager::pbyData[55]=0,data[13]=155
D/CanData ( 2351): ------NPCanDataRxDataRecieveReq::DoAction
D/CanData ( 2351): ----DoAction:[12][16][3][115][3]
D/CanData ( 2351): ------NPCanDataRxDataRecieveReq::DoAction using NPCanDataComManager thread
D/CanData ( 2351): NPCanDataComManager::checkFrame()
D/CanData ( 2351): save frame start
D/CanData ( 2351): framebufferPtr size is0
D/CanData ( 2351): checkFrame  framebufferPtr size is14
D/CanData ( 2351): NPCanDataHandler::onCanDataRcv:0
D/CanData ( 2351): NPCanDataRcvEvent::NPCanDataRcvEvent
D/CanData ( 2351): NPCanDataRcvEvent::Pack(PBYTE pbyBuf, PINT piBufSize)
D/CanData ( 3744): NPCanDataRcvEvent::NPCanDataRcvEvent(PBYTE pbyBuf, PINT piBufSize)
D/CanBusData( 3744): onRcvCanDataEvent
D/CanBusData( 3744): onRcvCanDataEvent:newnewnewnew[12][16][3][115][3][5][0][0][0][0][0][0][0][154]
D/CanBusData( 3744): onRcvCanDataEvent value is 883,into switch 
D/CanBusData( 3744): CanBus_CGWM_STATUS  INFO 
D/CanBusData( 3744): CanBusData::onCGWMInfoChange 
D/CanBusData( 3744): CanBusData::NotifyToCallBack21,2,5
D/CanData ( 2351): NPCanDataComManager::pbyData[56]=0,data[13]=156
D/CanData ( 2351): ------NPCanDataRxDataRecieveReq::DoAction
D/CanData ( 2351): ----DoAction:[12][16][3][115][3]
D/CanData ( 2351): ------NPCanDataRxDataRecieveReq::DoAction using NPCanDataComManager thread
D/CanData ( 2351): NPCanDataComManager::checkFrame()
D/CanData ( 2351): save frame start
D/CanData ( 2351): framebufferPtr size is0
D/CanData ( 2351): checkFrame  framebufferPtr size is14
D/CanData ( 2351): NPCanDataHandler::onCanDataRcv:0
D/CanData ( 2351): NPCanDataRcvEvent::NPCanDataRcvEvent
D/CanData ( 2351): NPCanDataRcvEvent::Pack(PBYTE pbyBuf, PINT piBufSize)
D/CanData ( 3744): NPCanDataRcvEvent::NPCanDataRcvEvent(PBYTE pbyBuf, PINT piBufSize)
D/CanBusData( 3744): onRcvCanDataEvent
D/CanBusData( 3744): onRcvCanDataEvent:newnewnewnew[12][16][3][115][3][6][0][0][0][0][0][0][0][155]
D/CanBusData( 3744): onRcvCanDataEvent value is 883,into switch 
D/CanBusData( 3744): CanBus_CGWM_STATUS  INFO 
D/CanBusData( 3744): CanBusData::onCGWMInfoChange 
D/CanBusData( 3744): CanBusData::NotifyToCallBack21,2,6
D/CanData ( 2351): NPCanDataComManager::pbyData[57]=0,data[13]=157
D/CanData ( 2351): ------NPCanDataRxDataRecieveReq::DoAction
D/CanData ( 2351): ----DoAction:[12][16][3][115][3]
D/CanData ( 2351): ------NPCanDataRxDataRecieveReq::DoAction using NPCanDataComManager thread
D/CanData ( 2351): NPCanDataComManager::checkFrame()
D/CanData ( 2351): save frame start
D/CanData ( 2351): framebufferPtr size is0
D/CanData ( 2351): checkFrame  framebufferPtr size is14
D/CanData ( 2351): NPCanDataHandler::onCanDataRcv:0
D/CanData ( 2351): NPCanDataRcvEvent::NPCanDataRcvEvent
D/CanData ( 2351): NPCanDataRcvEvent::Pack(PBYTE pbyBuf, PINT piBufSize)
D/CanData ( 3744): NPCanDataRcvEvent::NPCanDataRcvEvent(PBYTE pbyBuf, PINT piBufSize)
D/CanBusData( 3744): onRcvCanDataEvent
D/CanBusData( 3744): onRcvCanDataEvent:newnewnewnew[12][16][3][115][3][7][0][0][0][0][0][0][0][156]
D/CanBusData( 3744): onRcvCanDataEvent value is 883,into switch 
D/CanBusData( 3744): CanBus_CGWM_STATUS  INFO 
D/CanBusData( 3744): CanBusData::onCGWMInfoChange 
D/CanBusData( 3744): CanBusData::NotifyToCallBack21,2,7
D/CanData ( 2351): NPCanDataComManager::pbyData[58]=0,data[13]=158
D/CanData ( 2351): ------NPCanDataRxDataRecieveReq::DoAction
D/CanData ( 2351): ----DoAction:[12][16][3][115][3]
D/CanData ( 2351): ------NPCanDataRxDataRecieveReq::DoAction using NPCanDataComManager thread
D/CanData ( 2351): NPCanDataComManager::checkFrame()
D/CanData ( 2351): save frame start
D/CanData ( 2351): framebufferPtr size is0
D/CanData ( 2351): checkFrame  framebufferPtr size is14
D/CanData ( 2351): NPCanDataHandler::onCanDataRcv:0
D/CanData ( 2351): NPCanDataRcvEvent::NPCanDataRcvEvent
D/CanData ( 2351): NPCanDataRcvEvent::Pack(PBYTE pbyBuf, PINT piBufSize)
D/CanData ( 3744): NPCanDataRcvEvent::NPCanDataRcvEvent(PBYTE pbyBuf, PINT piBufSize)
D/CanBusData( 3744): onRcvCanDataEvent
D/CanBusData( 3744): onRcvCanDataEvent:newnewnewnew[12][16][3][115][3][8][0][0][0][0][0][0][0][157]
D/CanBusData( 3744): onRcvCanDataEvent value is 883,into switch 
D/CanBusData( 3744): CanBus_CGWM_STATUS  INFO 
D/CanBusData( 3744): CanBusData::onCGWMInfoChange 
D/CanBusData( 3744): CanBusData::NotifyToCallBack21,2,8
D/CanData ( 2351): NPCanDataComManager::pbyData[59]=0,data[13]=159
D/CanData ( 2351): ------NPCanDataRxDataRecieveReq::DoAction
D/CanData ( 2351): ----DoAction:[12][16][3][115][3]
D/CanData ( 2351): ------NPCanDataRxDataRecieveReq::DoAction using NPCanDataComManager thread
D/CanData ( 2351): NPCanDataComManager::checkFrame()
D/CanData ( 2351): save frame start
D/CanData ( 2351): framebufferPtr size is0
D/CanData ( 2351): checkFrame  framebufferPtr size is14
D/CanData ( 2351): NPCanDataHandler::onCanDataRcv:0
D/CanData ( 2351): NPCanDataRcvEvent::NPCanDataRcvEvent
D/CanData ( 2351): NPCanDataRcvEvent::Pack(PBYTE pbyBuf, PINT piBufSize)
D/CanData ( 3744): NPCanDataRcvEvent::NPCanDataRcvEvent(PBYTE pbyBuf, PINT piBufSize)
D/CanBusData( 3744): onRcvCanDataEvent
D/CanBusData( 3744): onRcvCanDataEvent:newnewnewnew[12][16][3][115][3][9][0][0][0][0][0][0][0][158]
D/CanBusData( 3744): onRcvCanDataEvent value is 883,into switch 
D/CanBusData( 3744): CanBus_CGWM_STATUS  INFO 
D/CanBusData( 3744): CanBusData::onCGWMInfoChange 
D/CanBusData( 3744): CanBusData::NotifyToCallBack21,2,9
D/CanData ( 2351): NPCanDataComManager::pbyData[60]=0,data[13]=160
D/CanData ( 2351): ------NPCanDataRxDataRecieveReq::DoAction
D/CanData ( 2351): ----DoAction:[12][16][3][115][3]
D/CanData ( 2351): ------NPCanDataRxDataRecieveReq::DoAction using NPCanDataComManager thread
D/CanData ( 2351): NPCanDataComManager::checkFrame()
D/CanData ( 2351): save frame start
D/CanData ( 2351): framebufferPtr size is0
D/CanData ( 2351): checkFrame  framebufferPtr size is14
D/CanData ( 2351): NPCanDataHandler::onCanDataRcv:0
D/CanData ( 2351): NPCanDataRcvEvent::NPCanDataRcvEvent
D/CanData ( 2351): NPCanDataRcvEvent::Pack(PBYTE pbyBuf, PINT piBufSize)
D/CanData ( 3744): NPCanDataRcvEvent::NPCanDataRcvEvent(PBYTE pbyBuf, PINT piBufSize)
D/CanBusData( 3744): onRcvCanDataEvent
D/CanBusData( 3744): onRcvCanDataEvent:newnewnewnew[12][16][3][115][3][10][0][0][0][0][0][0][0][159]
D/CanBusData( 3744): onRcvCanDataEvent value is 883,into switch 
D/CanBusData( 3744): CanBus_CGWM_STATUS  INFO 
D/CanBusData( 3744): CanBusData::onCGWMInfoChange 
D/CanBusData( 3744): CanBusData::NotifyToCallBack21,2,10
D/CanData ( 2351): NPCanDataComManager::pbyData[61]=0,data[13]=161
D/CanData ( 2351): ------NPCanDataRxDataRecieveReq::DoAction
D/CanData ( 2351): ----DoAction:[12][16][3][115][3]
D/CanData ( 2351): ------NPCanDataRxDataRecieveReq::DoAction using NPCanDataComManager thread
D/CanData ( 2351): NPCanDataComManager::checkFrame()
D/CanData ( 2351): save frame start
D/CanData ( 2351): framebufferPtr size is0
D/CanData ( 2351): checkFrame  framebufferPtr size is14
D/CanData ( 2351): NPCanDataHandler::onCanDataRcv:0
D/CanData ( 2351): NPCanDataRcvEvent::NPCanDataRcvEvent
D/CanData ( 2351): NPCanDataRcvEvent::Pack(PBYTE pbyBuf, PINT piBufSize)
D/CanData ( 3744): NPCanDataRcvEvent::NPCanDataRcvEvent(PBYTE pbyBuf, PINT piBufSize)
D/CanBusData( 3744): onRcvCanDataEvent
D/CanBusData( 3744): onRcvCanDataEvent:newnewnewnew[12][16][3][115][3][11][0][0][0][0][0][0][0][160]
D/CanBusData( 3744): onRcvCanDataEvent value is 883,into switch 
D/CanBusData( 3744): CanBus_CGWM_STATUS  INFO 
D/CanBusData( 3744): CanBusData::onCGWMInfoChange 
D/CanBusData( 3744): CanBusData::NotifyToCallBack21,2,11
D/CanData ( 2351): NPCanDataComManager::pbyData[62]=0,data[13]=162
D/CanData ( 2351): ------NPCanDataRxDataRecieveReq::DoAction
D/CanData ( 2351): ----DoAction:[12][16][3][115][3]
D/CanData ( 2351): ------NPCanDataRxDataRecieveReq::DoAction using NPCanDataComManager thread
D/CanData ( 2351): NPCanDataComManager::checkFrame()
D/CanData ( 2351): save frame start
D/CanData ( 2351): framebufferPtr size is0
D/CanData ( 2351): checkFrame  framebufferPtr size is14
D/CanData ( 2351): NPCanDataHandler::onCanDataRcv:0
D/CanData ( 2351): NPCanDataRcvEvent::NPCanDataRcvEvent
D/CanData ( 2351): NPCanDataRcvEvent::Pack(PBYTE pbyBuf, PINT piBufSize)
D/CanData ( 3744): NPCanDataRcvEvent::NPCanDataRcvEvent(PBYTE pbyBuf, PINT piBufSize)
D/CanBusData( 3744): onRcvCanDataEvent
D/CanBusData( 3744): onRcvCanDataEvent:newnewnewnew[12][16][3][115][3][12][0][0][0][0][0][0][0][161]
D/CanBusData( 3744): onRcvCanDataEvent value is 883,into switch 
D/CanBusData( 3744): CanBus_CGWM_STATUS  INFO 
D/CanBusData( 3744): CanBusData::onCGWMInfoChange 
D/CanBusData( 3744): CanBusData::NotifyToCallBack21,2,12
D/CanData ( 2351): NPCanDataComManager::pbyData[63]=0,data[13]=163
D/CanData ( 2351): ------NPCanDataRxDataRecieveReq::DoAction
D/CanData ( 2351): ----DoAction:[12][16][3][115][3]
D/CanData ( 2351): ------NPCanDataRxDataRecieveReq::DoAction using NPCanDataComManager thread
D/CanData ( 2351): NPCanDataComManager::checkFrame()
D/CanData ( 2351): save frame start
D/CanData ( 2351): framebufferPtr size is0
D/CanData ( 2351): checkFrame  framebufferPtr size is14
D/CanData ( 2351): NPCanDataHandler::onCanDataRcv:0
D/CanData ( 2351): NPCanDataRcvEvent::NPCanDataRcvEvent
D/CanData ( 2351): NPCanDataRcvEvent::Pack(PBYTE pbyBuf, PINT piBufSize)
D/CanData ( 3744): NPCanDataRcvEvent::NPCanDataRcvEvent(PBYTE pbyBuf, PINT piBufSize)
D/CanBusData( 3744): onRcvCanDataEvent
D/CanBusData( 3744): onRcvCanDataEvent:newnewnewnew[12][16][3][115][3][13][0][0][0][0][0][0][0][162]
D/CanBusData( 3744): onRcvCanDataEvent value is 883,into switch 
D/CanBusData( 3744): CanBus_CGWM_STATUS  INFO 
D/CanBusData( 3744): CanBusData::onCGWMInfoChange 
D/CanBusData( 3744): CanBusData::NotifyToCallBack21,2,13
D/CanData ( 2351): NPCanDataComManager::pbyData[64]=0,data[13]=164
D/CanData ( 2351): ------NPCanDataRxDataRecieveReq::DoAction
D/CanData ( 2351): ----DoAction:[12][16][3][115][3]
D/CanData ( 2351): ------NPCanDataRxDataRecieveReq::DoAction using NPCanDataComManager thread
D/CanData ( 2351): NPCanDataComManager::checkFrame()
D/CanData ( 2351): save frame start
D/CanData ( 2351): framebufferPtr size is0
D/CanData ( 2351): checkFrame  framebufferPtr size is14
D/CanData ( 2351): NPCanDataHandler::onCanDataRcv:0
D/CanData ( 2351): NPCanDataRcvEvent::NPCanDataRcvEvent
D/CanData ( 2351): NPCanDataRcvEvent::Pack(PBYTE pbyBuf, PINT piBufSize)
D/CanData ( 3744): NPCanDataRcvEvent::NPCanDataRcvEvent(PBYTE pbyBuf, PINT piBufSize)
D/CanBusData( 3744): onRcvCanDataEvent
D/CanBusData( 3744): onRcvCanDataEvent:newnewnewnew[12][16][3][115][3][14][0][0][0][0][0][0][0][163]
D/CanBusData( 3744): onRcvCanDataEvent value is 883,into switch 
D/CanBusData( 3744): CanBus_CGWM_STATUS  INFO 
D/CanBusData( 3744): CanBusData::onCGWMInfoChange 
D/CanBusData( 3744): CanBusData::NotifyToCallBack21,2,14
D/CanData ( 2351): NPCanDataComManager::pbyData[65]=0,data[13]=210
D/CanData ( 2351): ------NPCanDataRxDataRecieveReq::DoAction
D/CanData ( 2351): ----DoAction:[12][16][3][115][3]
D/CanData ( 2351): ------NPCanDataRxDataRecieveReq::DoAction using NPCanDataComManager thread
D/CanData ( 2351): NPCanDataComManager::checkFrame()
D/CanData ( 2351): save frame start
D/CanData ( 2351): framebufferPtr size is0
D/CanData ( 2351): checkFrame  framebufferPtr size is14
D/CanData ( 2351): NPCanDataHandler::onCanDataRcv:0
D/CanData ( 2351): NPCanDataRcvEvent::NPCanDataRcvEvent
D/CanData ( 2351): NPCanDataRcvEvent::Pack(PBYTE pbyBuf, PINT piBufSize)
D/CanData ( 3744): NPCanDataRcvEvent::NPCanDataRcvEvent(PBYTE pbyBuf, PINT piBufSize)
D/CanBusData( 3744): onRcvCanDataEvent
D/CanBusData( 3744): onRcvCanDataEvent:newnewnewnew[12][16][3][115][3][15][0][0][0][0][0][0][0][164]
D/CanBusData( 3744): onRcvCanDataEvent value is 883,into switch 
D/CanBusData( 3744): CanBus_CGWM_STATUS  INFO 
D/CanBusData( 3744): CanBusData::onCGWMInfoChange 
D/CanBusData( 3744): CanBusData::NotifyToCallBack21,2,15
D/CanData ( 2351): NPCanDataComManager::pbyData[66]=0,data[13]=214
D/CanData ( 2351): ------NPCanDataRxDataRecieveReq::DoAction
D/CanData ( 2351): ----DoAction:[12][16][3][177][2]
D/CanData ( 2351): ------NPCanDataRxDataRecieveReq::DoAction using NPCanDataComManager thread
D/CanData ( 2351): NPCanDataComManager::checkFrame()
D/CanData ( 2351): save frame start
D/CanData ( 2351): framebufferPtr size is0
D/CanData ( 2351): checkFrame  framebufferPtr size is14
D/CanData ( 2351): NPCanDataHandler::onCanDataRcv:0
D/CanData ( 2351): NPCanDataRcvEvent::NPCanDataRcvEvent
D/CanData ( 2351): NPCanDataRcvEvent::Pack(PBYTE pbyBuf, PINT piBufSize)
D/CanData ( 3744): NPCanDataRcvEvent::NPCanDataRcvEvent(PBYTE pbyBuf, PINT piBufSize)
D/CanBusData( 3744): onRcvCanDataEvent
D/CanBusData( 3744): onRcvCanDataEvent:newnewnewnew[12][16][3][177][2][0][0][0][0][0][0][0][0][210]
D/CanBusData( 3744): onRcvCanDataEvent value is 945,into switch 
D/CanBusData( 3744): CanBus_ABG_STATUS INFO 
D/CanData ( 2351): NPCanDataComManager::pbyData[67]=0,data[13]=218
D/CanData ( 2351): ------NPCanDataRxDataRecieveReq::DoAction
D/CanData ( 2351): ----DoAction:[12][16][3][177][2]
D/CanData ( 2351): ------NPCanDataRxDataRecieveReq::DoAction using NPCanDataComManager thread
D/CanData ( 2351): NPCanDataComManager::checkFrame()
D/CanData ( 2351): save frame start
D/CanData ( 2351): framebufferPtr size is0
D/CanData ( 2351): checkFrame  framebufferPtr size is14
D/CanData ( 2351): NPCanDataHandler::onCanDataRcv:0
D/CanData ( 2351): NPCanDataRcvEvent::NPCanDataRcvEvent
D/CanData ( 2351): NPCanDataRcvEvent::Pack(PBYTE pbyBuf, PINT piBufSize)
D/CanData ( 3744): NPCanDataRcvEvent::NPCanDataRcvEvent(PBYTE pbyBuf, PINT piBufSize)
D/CanBusData( 3744): onRcvCanDataEvent
D/CanBusData( 3744): onRcvCanDataEvent:newnewnewnew[12][16][3][177][2][4][0][0][0][0][0][0][0][214]
D/CanBusData( 3744): onRcvCanDataEvent value is 945,into switch 
D/CanBusData( 3744): CanBus_ABG_STATUS INFO 
D/CanBusData( 3744): CanBusData::onABGInfoChange 
D/CanBusData( 3744): CanBusData::NotifyToCallBack22,1,1
D/CanData ( 2351): NPCanDataComManager::pbyData[68]=0,data[13]=222
D/CanData ( 2351): ------NPCanDataRxDataRecieveReq::DoAction
D/CanData ( 2351): ----DoAction:[12][16][3][177][2]
D/CanData ( 2351): ------NPCanDataRxDataRecieveReq::DoAction using NPCanDataComManager thread
D/CanData ( 2351): NPCanDataComManager::checkFrame()
D/CanData ( 2351): save frame start
D/CanData ( 2351): framebufferPtr size is0
D/CanData ( 2351): checkFrame  framebufferPtr size is14
D/CanData ( 2351): NPCanDataHandler::onCanDataRcv:0
D/CanData ( 2351): NPCanDataRcvEvent::NPCanDataRcvEvent
D/CanData ( 2351): NPCanDataRcvEvent::Pack(PBYTE pbyBuf, PINT piBufSize)
D/CanData ( 3744): NPCanDataRcvEvent::NPCanDataRcvEvent(PBYTE pbyBuf, PINT piBufSize)
D/CanBusData( 3744): onRcvCanDataEvent
D/CanBusData( 3744): onRcvCanDataEvent:newnewnewnew[12][16][3][177][2][8][0][0][0][0][0][0][0][218]
D/CanBusData( 3744): onRcvCanDataEvent value is 945,into switch 
D/CanBusData( 3744): CanBus_ABG_STATUS INFO 
D/CanBusData( 3744): CanBusData::onABGInfoChange 
D/CanBusData( 3744): CanBusData::NotifyToCallBack22,1,2
D/CanData ( 2351): NPCanDataComManager::pbyData[69]=0,data[13]=161
D/CanData ( 2351): ------NPCanDataRxDataRecieveReq::DoAction
D/CanData ( 2351): ----DoAction:[12][16][3][177][2]
D/CanData ( 2351): ------NPCanDataRxDataRecieveReq::DoAction using NPCanDataComManager thread
D/CanData ( 2351): NPCanDataComManager::checkFrame()
D/CanData ( 2351): save frame start
D/CanData ( 2351): framebufferPtr size is0
D/CanData ( 2351): checkFrame  framebufferPtr size is14
D/CanData ( 2351): NPCanDataHandler::onCanDataRcv:0
D/CanData ( 2351): NPCanDataRcvEvent::NPCanDataRcvEvent
D/CanData ( 2351): NPCanDataRcvEvent::Pack(PBYTE pbyBuf, PINT piBufSize)
D/CanData ( 3744): NPCanDataRcvEvent::NPCanDataRcvEvent(PBYTE pbyBuf, PINT piBufSize)
D/CanBusData( 3744): onRcvCanDataEvent
D/CanBusData( 3744): onRcvCanDataEvent:newnewnewnew[12][16][3][177][2][12][0][0][0][0][0][0][0][222]
D/CanBusData( 3744): onRcvCanDataEvent value is 945,into switch 
D/CanBusData( 3744): CanBus_ABG_STATUS INFO 
D/CanBusData( 3744): CanBusData::onABGInfoChange 
D/CanBusData( 3744): CanBusData::NotifyToCallBack22,1,3
D/CanData ( 2351): NPCanDataComManager::pbyData[70]=0,data[13]=165
D/CanData ( 2351): ------NPCanDataRxDataRecieveReq::DoAction
D/CanData ( 2351): ----DoAction:[12][16][1][128][4]
D/CanData ( 2351): ------NPCanDataRxDataRecieveReq::DoAction using NPCanDataComManager thread
D/CanData ( 2351): NPCanDataComManager::checkFrame()
D/CanData ( 2351): save frame start
D/CanData ( 2351): framebufferPtr size is0
D/CanData ( 2351): checkFrame  framebufferPtr size is14
D/CanData ( 2351): NPCanDataHandler::onCanDataRcv:0
D/CanData ( 2351): NPCanDataRcvEvent::NPCanDataRcvEvent
D/CanData ( 2351): NPCanDataRcvEvent::Pack(PBYTE pbyBuf, PINT piBufSize)
D/CanData ( 3744): NPCanDataRcvEvent::NPCanDataRcvEvent(PBYTE pbyBuf, PINT piBufSize)
D/CanBusData( 3744): onRcvCanDataEvent
D/CanBusData( 3744): onRcvCanDataEvent:newnewnewnew[12][16][1][128][4][0][0][0][0][0][0][0][0][161]
D/CanBusData( 3744): onRcvCanDataEvent value is 384,into switch 
D/CanBusData( 3744): CanBus_MET_STATUS INFO 
D/CanData ( 2351): NPCanDataComManager::pbyData[71]=0,data[13]=163
D/CanData ( 2351): ------NPCanDataRxDataRecieveReq::DoAction
D/CanData ( 2351): ----DoAction:[12][16][1][128][4]
D/CanData ( 2351): ------NPCanDataRxDataRecieveReq::DoAction using NPCanDataComManager thread
D/CanData ( 2351): NPCanDataComManager::checkFrame()
D/CanData ( 2351): save frame start
D/CanData ( 2351): framebufferPtr size is0
D/CanData ( 2351): checkFrame  framebufferPtr size is14
D/CanData ( 2351): NPCanDataHandler::onCanDataRcv:0
D/CanData ( 2351): NPCanDataRcvEvent::NPCanDataRcvEvent
D/CanData ( 2351): NPCanDataRcvEvent::Pack(PBYTE pbyBuf, PINT piBufSize)
D/CanData ( 3744): NPCanDataRcvEvent::NPCanDataRcvEvent(PBYTE pbyBuf, PINT piBufSize)
D/CanBusData( 3744): onRcvCanDataEvent
D/CanBusData( 3744): onRcvCanDataEvent:newnewnewnew[12][16][1][128][4][4][0][0][0][0][0][0][0][165]
D/CanBusData( 3744): onRcvCanDataEvent value is 384,into switch 
D/CanBusData( 3744): CanBus_MET_STATUS INFO 
D/CanBusData( 3744): CanBusData::onMETInfoChange
D/CanBusData( 3744): CanBusData::NotifyToCallBack23,1,1
D/CanData ( 2351): NPCanDataComManager::pbyData[72]=0,data[13]=176
D/CanData ( 2351): ------NPCanDataRxDataRecieveReq::DoAction
D/CanData ( 2351): ----DoAction:[12][16][1][128][4]
D/CanData ( 2351): ------NPCanDataRxDataRecieveReq::DoAction using NPCanDataComManager thread
D/CanData ( 2351): NPCanDataComManager::checkFrame()
D/CanData ( 2351): save frame start
D/CanData ( 2351): framebufferPtr size is0
D/CanData ( 2351): checkFrame  framebufferPtr size is14
D/CanData ( 2351): NPCanDataHandler::onCanDataRcv:0
D/CanData ( 2351): NPCanDataRcvEvent::NPCanDataRcvEvent
D/CanData ( 2351): NPCanDataRcvEvent::Pack(PBYTE pbyBuf, PINT piBufSize)
D/CanData ( 3744): NPCanDataRcvEvent::NPCanDataRcvEvent(PBYTE pbyBuf, PINT piBufSize)
D/CanBusData( 3744): onRcvCanDataEvent
D/CanBusData( 3744): onRcvCanDataEvent:newnewnewnew[12][16][1][128][4][2][0][0][0][0][0][0][0][163]
D/CanBusData( 3744): onRcvCanDataEvent value is 384,into switch 
D/CanBusData( 3744): CanBus_MET_STATUS INFO 
D/CanBusData( 3744): CanBusData::onMETInfoChange
D/CanBusData( 3744): CanBusData::NotifyToCallBack23,1,0
D/CanBusData( 3744): CanBusData::NotifyToCallBack23,2,1
D/CanData ( 2351): NPCanDataComManager::pbyData[73]=0,data[13]=161
D/CanData ( 2351): ------NPCanDataRxDataRecieveReq::DoAction
D/CanData ( 2351): ----DoAction:[12][16][1][128][4]
D/CanData ( 2351): ------NPCanDataRxDataRecieveReq::DoAction using NPCanDataComManager thread
D/CanData ( 2351): NPCanDataComManager::checkFrame()
D/CanData ( 2351): save frame start
D/CanData ( 2351): framebufferPtr size is0
D/CanData ( 2351): checkFrame  framebufferPtr size is14
D/CanData ( 2351): NPCanDataHandler::onCanDataRcv:0
D/CanData ( 2351): NPCanDataRcvEvent::NPCanDataRcvEvent
D/CanData ( 2351): NPCanDataRcvEvent::Pack(PBYTE pbyBuf, PINT piBufSize)
D/CanData ( 3744): NPCanDataRcvEvent::NPCanDataRcvEvent(PBYTE pbyBuf, PINT piBufSize)
D/CanBusData( 3744): onRcvCanDataEvent
D/CanBusData( 3744): onRcvCanDataEvent:newnewnewnew[12][16][1][128][4][0][15][0][0][0][0][0][0][176]
D/CanBusData( 3744): onRcvCanDataEvent value is 384,into switch 
D/CanBusData( 3744): CanBus_MET_STATUS INFO 
D/CanBusData( 3744): CanBusData::onMETInfoChange
D/CanBusData( 3744): CanBusData::NotifyToCallBack23,2,0
D/CanBusData( 3744): CanBusData::NotifyToCallBack23,4,15
D/CanData ( 2351): NPCanDataComManager::pbyData[74]=0,data[13]=90
D/CanData ( 2351): ------NPCanDataRxDataRecieveReq::DoAction
D/CanData ( 2351): ----DoAction:[12][16][0][128][5]
D/CanData ( 2351): ------NPCanDataRxDataRecieveReq::DoAction using NPCanDataComManager thread
D/CanData ( 2351): NPCanDataComManager::checkFrame()
D/CanData ( 2351): save frame start
D/CanData ( 2351): framebufferPtr size is0
D/CanData ( 2351): checkFrame  framebufferPtr size is14
D/CanData ( 2351): NPCanDataHandler::onCanDataRcv:0
D/CanData ( 2351): NPCanDataRcvEvent::NPCanDataRcvEvent
D/CanData ( 2351): NPCanDataRcvEvent::Pack(PBYTE pbyBuf, PINT piBufSize)
D/CanData ( 3744): NPCanDataRcvEvent::NPCanDataRcvEvent(PBYTE pbyBuf, PINT piBufSize)
D/CanBusData( 3744): onRcvCanDataEvent
D/CanBusData( 3744): onRcvCanDataEvent:newnewnewnew[12][16][0][128][5][0][0][0][0][0][0][0][0][161]
D/CanBusData( 3744): onRcvCanDataEvent value is 128,into switch 
D/CanBusData( 3744): CanBus_MET_SP_STATUS INFO 
D/CanBusData( 3744): CanBusData::onMETSPInfoChange
D/CanData ( 2351): NPCanDataComManager::pbyData[75]=0,data[13]=154
D/CanData ( 2351): ------NPCanDataRxDataRecieveReq::DoAction
D/CanData ( 2351): ----DoAction:[12][16][6][48][8]
D/CanData ( 2351): ------NPCanDataRxDataRecieveReq::DoAction using NPCanDataComManager thread
D/CanData ( 2351): NPCanDataComManager::checkFrame()
D/CanData ( 2351): save frame start
D/CanData ( 2351): framebufferPtr size is0
D/CanData ( 2351): checkFrame  framebufferPtr size is14
D/CanData ( 2351): NPCanDataHandler::onCanDataRcv:0
D/CanData ( 2351): NPCanDataRcvEvent::NPCanDataRcvEvent
D/CanData ( 2351): NPCanDataRcvEvent::Pack(PBYTE pbyBuf, PINT piBufSize)
D/CanData ( 3744): NPCanDataRcvEvent::NPCanDataRcvEvent(PBYTE pbyBuf, PINT piBufSize)
D/CanBusData( 3744): onRcvCanDataEvent
D/CanBusData( 3744): onRcvCanDataEvent:newnewnewnew[12][16][6][48][8][0][0][0][0][0][0][0][0][90]
D/CanBusData( 3744): onRcvCanDataEvent value is 1584,into switch 
D/CanBusData( 3744): CanBus_BDY_STATUS  INFO 
D/CanData ( 2351): NPCanDataComManager::pbyData[76]=0,data[13]=122
D/CanData ( 2351): ------NPCanDataRxDataRecieveReq::DoAction
D/CanData ( 2351): ----DoAction:[12][16][6][48][8]
D/CanData ( 2351): ------NPCanDataRxDataRecieveReq::DoAction using NPCanDataComManager thread
D/CanData ( 2351): NPCanDataComManager::checkFrame()
D/CanData ( 2351): save frame start
D/CanData ( 2351): framebufferPtr size is0
D/CanData ( 2351): checkFrame  framebufferPtr size is14
D/CanData ( 2351): NPCanDataHandler::onCanDataRcv:0
D/CanData ( 2351): NPCanDataRcvEvent::NPCanDataRcvEvent
D/CanData ( 2351): NPCanDataRcvEvent::Pack(PBYTE pbyBuf, PINT piBufSize)
D/CanData ( 3744): NPCanDataRcvEvent::NPCanDataRcvEvent(PBYTE pbyBuf, PINT piBufSize)
D/CanBusData( 3744): onRcvCanDataEvent
D/CanBusData( 3744): onRcvCanDataEvent:newnewnewnew[12][16][6][48][8][64][0][0][0][0][0][0][0][154]
D/CanBusData( 3744): onRcvCanDataEvent value is 1584,into switch 
D/CanBusData( 3744): CanBus_BDY_STATUS  INFO 
D/CanBusData( 3744): CanBusData::onBDYInfoChange
D/CanBusData( 3744): CanBusData::NotifyToCallBack26,1,1
D/CanData ( 2351): NPCanDataComManager::pbyData[77]=0,data[13]=106
D/CanData ( 2351): ------NPCanDataRxDataRecieveReq::DoAction
D/CanData ( 2351): ----DoAction:[12][16][6][48][8]
D/CanData ( 2351): ------NPCanDataRxDataRecieveReq::DoAction using NPCanDataComManager thread
D/CanData ( 2351): NPCanDataComManager::checkFrame()
D/CanData ( 2351): save frame start
D/CanData ( 2351): framebufferPtr size is0
D/CanData ( 2351): checkFrame  framebufferPtr size is14
D/CanData ( 2351): NPCanDataHandler::onCanDataRcv:0
D/CanData ( 2351): NPCanDataRcvEvent::NPCanDataRcvEvent
D/CanData ( 2351): NPCanDataRcvEvent::Pack(PBYTE pbyBuf, PINT piBufSize)
D/CanData ( 3744): NPCanDataRcvEvent::NPCanDataRcvEvent(PBYTE pbyBuf, PINT piBufSize)
D/CanBusData( 3744): onRcvCanDataEvent
D/CanBusData( 3744): onRcvCanDataEvent:newnewnewnew[12][16][6][48][8][32][0][0][0][0][0][0][0][122]
D/CanBusData( 3744): onRcvCanDataEvent value is 1584,into switch 
D/CanBusData( 3744): CanBus_BDY_STATUS  INFO 
D/CanBusData( 3744): CanBusData::onBDYInfoChange
D/CanBusData( 3744): CanBusData::NotifyToCallBack26,1,0
D/CanBusData( 3744): CanBusData::NotifyToCallBack26,2,1
D/CanData ( 2351): NPCanDataComManager::pbyData[78]=0,data[13]=98
D/CanData ( 2351): ------NPCanDataRxDataRecieveReq::DoAction
D/CanData ( 2351): ----DoAction:[12][16][6][48][8]
D/CanData ( 2351): ------NPCanDataRxDataRecieveReq::DoAction using NPCanDataComManager thread
D/CanData ( 2351): NPCanDataComManager::checkFrame()
D/CanData ( 2351): save frame start
D/CanData ( 2351): framebufferPtr size is0
D/CanData ( 2351): checkFrame  framebufferPtr size is14
D/CanData ( 2351): NPCanDataHandler::onCanDataRcv:0
D/CanData ( 2351): NPCanDataRcvEvent::NPCanDataRcvEvent
D/CanData ( 2351): NPCanDataRcvEvent::Pack(PBYTE pbyBuf, PINT piBufSize)
D/CanData ( 3744): NPCanDataRcvEvent::NPCanDataRcvEvent(PBYTE pbyBuf, PINT piBufSize)
D/CanBusData( 3744): onRcvCanDataEvent
D/CanBusData( 3744): onRcvCanDataEvent:newnewnewnew[12][16][6][48][8][16][0][0][0][0][0][0][0][106]
D/CanBusData( 3744): onRcvCanDataEvent value is 1584,into switch 
D/CanBusData( 3744): CanBus_BDY_STATUS  INFO 
D/CanBusData( 3744): CanBusData::onBDYInfoChange
D/CanBusData( 3744): CanBusData::NotifyToCallBack26,2,0
D/CanBusData( 3744): CanBusData::NotifyToCallBack26,3,1
D/CanData ( 2351): NPCanDataComManager::pbyData[79]=0,data[13]=106
D/CanData ( 2351): ------NPCanDataRxDataRecieveReq::DoAction
D/CanData ( 2351): ----DoAction:[12][16][6][48][8]
D/CanData ( 2351): ------NPCanDataRxDataRecieveReq::DoAction using NPCanDataComManager thread
D/CanData ( 2351): NPCanDataComManager::checkFrame()
D/CanData ( 2351): save frame start
D/CanData ( 2351): framebufferPtr size is0
D/CanData ( 2351): checkFrame  framebufferPtr size is14
D/CanData ( 2351): NPCanDataHandler::onCanDataRcv:0
D/CanData ( 2351): NPCanDataRcvEvent::NPCanDataRcvEvent
D/CanData ( 2351): NPCanDataRcvEvent::Pack(PBYTE pbyBuf, PINT piBufSize)
D/CanData ( 3744): NPCanDataRcvEvent::NPCanDataRcvEvent(PBYTE pbyBuf, PINT piBufSize)
D/CanBusData( 3744): onRcvCanDataEvent
D/CanBusData( 3744): onRcvCanDataEvent:newnewnewnew[12][16][6][48][8][8][0][0][0][0][0][0][0][98]
D/CanBusData( 3744): onRcvCanDataEvent value is 1584,into switch 
D/CanBusData( 3744): CanBus_BDY_STATUS  INFO 
D/CanBusData( 3744): CanBusData::onBDYInfoChange
D/CanBusData( 3744): CanBusData::NotifyToCallBack26,3,0
D/CanBusData( 3744): CanBusData::NotifyToCallBack26,4,0
D/CanData ( 2351): NPCanDataComManager::pbyData[80]=0,data[13]=94
D/CanData ( 2351): ------NPCanDataRxDataRecieveReq::DoAction
D/CanData ( 2351): ----DoAction:[12][16][6][48][8]
D/CanData ( 2351): ------NPCanDataRxDataRecieveReq::DoAction using NPCanDataComManager thread
D/CanData ( 2351): NPCanDataComManager::checkFrame()
D/CanData ( 2351): save frame start
D/CanData ( 2351): framebufferPtr size is0
D/CanData ( 2351): checkFrame  framebufferPtr size is14
D/CanData ( 2351): NPCanDataHandler::onCanDataRcv:0
D/CanData ( 2351): NPCanDataRcvEvent::NPCanDataRcvEvent
D/CanData ( 2351): NPCanDataRcvEvent::Pack(PBYTE pbyBuf, PINT piBufSize)
D/CanData ( 3744): NPCanDataRcvEvent::NPCanDataRcvEvent(PBYTE pbyBuf, PINT piBufSize)
D/CanBusData( 3744): onRcvCanDataEvent
D/CanBusData( 3744): onRcvCanDataEvent:newnewnewnew[12][16][6][48][8][0][16][0][0][0][0][0][0][106]
D/CanBusData( 3744): onRcvCanDataEvent value is 1584,into switch 
D/CanBusData( 3744): CanBus_BDY_STATUS  INFO 
D/CanBusData( 3744): CanBusData::onBDYInfoChange
D/CanBusData( 3744): CanBusData::NotifyToCallBack26,4,0
D/CanBusData( 3744): CanBusData::NotifyToCallBack26,8,1
D/CanData ( 2351): NPCanDataComManager::pbyData[81]=0,data[13]=92
D/CanData ( 2351): ------NPCanDataRxDataRecieveReq::DoAction
D/CanData ( 2351): ----DoAction:[12][16][6][48][8]
D/CanData ( 2351): ------NPCanDataRxDataRecieveReq::DoAction using NPCanDataComManager thread
D/CanData ( 2351): NPCanDataComManager::checkFrame()
D/CanData ( 2351): save frame start
D/CanData ( 2351): framebufferPtr size is0
D/CanData ( 2351): checkFrame  framebufferPtr size is14
D/CanData ( 2351): NPCanDataHandler::onCanDataRcv:0
D/CanData ( 2351): NPCanDataRcvEvent::NPCanDataRcvEvent
D/CanData ( 2351): NPCanDataRcvEvent::Pack(PBYTE pbyBuf, PINT piBufSize)
D/CanData ( 3744): NPCanDataRcvEvent::NPCanDataRcvEvent(PBYTE pbyBuf, PINT piBufSize)
D/CanBusData( 3744): onRcvCanDataEvent
D/CanBusData( 3744): onRcvCanDataEvent:newnewnewnew[12][16][6][48][8][0][4][0][0][0][0][0][0][94]
D/CanBusData( 3744): onRcvCanDataEvent value is 1584,into switch 
D/CanBusData( 3744): CanBus_BDY_STATUS  INFO 
D/CanBusData( 3744): CanBusData::onBDYInfoChange
D/CanBusData( 3744): CanBusData::NotifyToCallBack26,8,0
D/CanBusData( 3744): CanBusData::NotifyToCallBack26,10,1
D/CanData ( 2351): NPCanDataComManager::pbyData[82]=0,data[13]=218
D/CanData ( 2351): ------NPCanDataRxDataRecieveReq::DoAction
D/CanData ( 2351): ----DoAction:[12][16][6][48][8]
D/CanData ( 2351): ------NPCanDataRxDataRecieveReq::DoAction using NPCanDataComManager thread
D/CanData ( 2351): NPCanDataComManager::checkFrame()
D/CanData ( 2351): save frame start
D/CanData ( 2351): framebufferPtr size is0
D/CanData ( 2351): checkFrame  framebufferPtr size is14
D/CanData ( 2351): NPCanDataHandler::onCanDataRcv:0
D/CanData ( 2351): NPCanDataRcvEvent::NPCanDataRcvEvent
D/CanData ( 2351): NPCanDataRcvEvent::Pack(PBYTE pbyBuf, PINT piBufSize)
D/CanData ( 3744): NPCanDataRcvEvent::NPCanDataRcvEvent(PBYTE pbyBuf, PINT piBufSize)
D/CanBusData( 3744): onRcvCanDataEvent
D/CanBusData( 3744): onRcvCanDataEvent:newnewnewnew[12][16][6][48][8][0][2][0][0][0][0][0][0][92]
D/CanBusData( 3744): onRcvCanDataEvent value is 1584,into switch 
D/CanBusData( 3744): CanBus_BDY_STATUS  INFO 
D/CanBusData( 3744): CanBusData::onBDYInfoChange
D/CanBusData( 3744): CanBusData::NotifyToCallBack26,10,0
D/CanBusData( 3744): CanBusData::NotifyToCallBack26,11,1
D/CanData ( 2351): NPCanDataComManager::pbyData[83]=0,data[13]=106
D/CanData ( 2351): ------NPCanDataRxDataRecieveReq::DoAction
D/CanData ( 2351): ----DoAction:[12][16][6][48][8]
D/CanData ( 2351): ------NPCanDataRxDataRecieveReq::DoAction using NPCanDataComManager thread
D/CanData ( 2351): NPCanDataComManager::checkFrame()
D/CanData ( 2351): save frame start
D/CanData ( 2351): framebufferPtr size is0
D/CanData ( 2351): checkFrame  framebufferPtr size is14
D/CanData ( 2351): NPCanDataHandler::onCanDataRcv:0
D/CanData ( 2351): NPCanDataRcvEvent::NPCanDataRcvEvent
D/CanData ( 2351): NPCanDataRcvEvent::Pack(PBYTE pbyBuf, PINT piBufSize)
D/CanData ( 3744): NPCanDataRcvEvent::NPCanDataRcvEvent(PBYTE pbyBuf, PINT piBufSize)
D/CanBusData( 3744): onRcvCanDataEvent
D/CanBusData( 3744): onRcvCanDataEvent:newnewnewnew[12][16][6][48][8][0][0][128][0][0][0][0][0][218]
D/CanBusData( 3744): onRcvCanDataEvent value is 1584,into switch 
D/CanBusData( 3744): CanBus_BDY_STATUS  INFO 
D/CanBusData( 3744): CanBusData::onBDYInfoChange
D/CanBusData( 3744): CanBusData::NotifyToCallBack26,11,0
D/CanBusData( 3744): CanBusData::NotifyToCallBack26,13,1
D/CanData ( 2351): NPCanDataComManager::pbyData[84]=0,data[13]=122
D/CanData ( 2351): ------NPCanDataRxDataRecieveReq::DoAction
D/CanData ( 2351): ----DoAction:[12][16][6][48][8]
D/CanData ( 2351): ------NPCanDataRxDataRecieveReq::DoAction using NPCanDataComManager thread
D/CanData ( 2351): NPCanDataComManager::checkFrame()
D/CanData ( 2351): save frame start
D/CanData ( 2351): framebufferPtr size is0
D/CanData ( 2351): checkFrame  framebufferPtr size is14
D/CanData ( 2351): NPCanDataHandler::onCanDataRcv:0
D/CanData ( 2351): NPCanDataRcvEvent::NPCanDataRcvEvent
D/CanData ( 2351): NPCanDataRcvEvent::Pack(PBYTE pbyBuf, PINT piBufSize)
D/CanData ( 3744): NPCanDataRcvEvent::NPCanDataRcvEvent(PBYTE pbyBuf, PINT piBufSize)
D/CanBusData( 3744): onRcvCanDataEvent
D/CanBusData( 3744): onRcvCanDataEvent:newnewnewnew[12][16][6][48][8][0][0][0][16][0][0][0][0][106]
D/CanBusData( 3744): onRcvCanDataEvent value is 1584,into switch 
D/CanBusData( 3744): CanBus_BDY_STATUS  INFO 
D/CanBusData( 3744): CanBusData::onBDYInfoChange
D/CanBusData( 3744): CanBusData::NotifyToCallBack26,13,0
D/CanBusData( 3744): CanBusData::NotifyToCallBack26,17,1
D/CanData ( 2351): NPCanDataComManager::pbyData[85]=0,data[13]=138
D/CanData ( 2351): ------NPCanDataRxDataRecieveReq::DoAction
D/CanData ( 2351): ----DoAction:[12][16][6][48][8]
D/CanData ( 2351): ------NPCanDataRxDataRecieveReq::DoAction using NPCanDataComManager thread
D/CanData ( 2351): NPCanDataComManager::checkFrame()
D/CanData ( 2351): save frame start
D/CanData ( 2351): framebufferPtr size is0
D/CanData ( 2351): checkFrame  framebufferPtr size is14
D/CanData ( 2351): NPCanDataHandler::onCanDataRcv:0
D/CanData ( 2351): NPCanDataRcvEvent::NPCanDataRcvEvent
D/CanData ( 2351): NPCanDataRcvEvent::Pack(PBYTE pbyBuf, PINT piBufSize)
D/CanData ( 3744): NPCanDataRcvEvent::NPCanDataRcvEvent(PBYTE pbyBuf, PINT piBufSize)
D/CanBusData( 3744): onRcvCanDataEvent
D/CanBusData( 3744): onRcvCanDataEvent:newnewnewnew[12][16][6][48][8][0][0][0][32][0][0][0][0][122]
D/CanBusData( 3744): onRcvCanDataEvent value is 1584,into switch 
D/CanBusData( 3744): CanBus_BDY_STATUS  INFO 
D/CanBusData( 3744): CanBusData::onBDYInfoChange
D/CanBusData( 3744): CanBusData::NotifyToCallBack26,17,2
D/CanData ( 2351): NPCanDataComManager::pbyData[86]=0,data[13]=98
D/CanData ( 2351): ------NPCanDataRxDataRecieveReq::DoAction
D/CanData ( 2351): ----DoAction:[12][16][6][48][8]
D/CanData ( 2351): ------NPCanDataRxDataRecieveReq::DoAction using NPCanDataComManager thread
D/CanData ( 2351): NPCanDataComManager::checkFrame()
D/CanData ( 2351): save frame start
D/CanData ( 2351): framebufferPtr size is0
D/CanData ( 2351): checkFrame  framebufferPtr size is14
D/CanData ( 2351): NPCanDataHandler::onCanDataRcv:0
D/CanData ( 2351): NPCanDataRcvEvent::NPCanDataRcvEvent
D/CanData ( 2351): NPCanDataRcvEvent::Pack(PBYTE pbyBuf, PINT piBufSize)
D/CanData ( 3744): NPCanDataRcvEvent::NPCanDataRcvEvent(PBYTE pbyBuf, PINT piBufSize)
D/CanBusData( 3744): onRcvCanDataEvent
D/CanBusData( 3744): onRcvCanDataEvent:newnewnewnew[12][16][6][48][8][0][0][0][48][0][0][0][0][138]
D/CanBusData( 3744): onRcvCanDataEvent value is 1584,into switch 
D/CanBusData( 3744): CanBus_BDY_STATUS  INFO 
D/CanBusData( 3744): CanBusData::onBDYInfoChange
D/CanBusData( 3744): CanBusData::NotifyToCallBack26,17,3
D/CanData ( 2351): NPCanDataComManager::pbyData[87]=0,data[13]=98
D/CanData ( 2351): ------NPCanDataRxDataRecieveReq::DoAction
D/CanData ( 2351): ----DoAction:[12][16][6][48][8]
D/CanData ( 2351): ------NPCanDataRxDataRecieveReq::DoAction using NPCanDataComManager thread
D/CanData ( 2351): NPCanDataComManager::checkFrame()
D/CanData ( 2351): save frame start
D/CanData ( 2351): framebufferPtr size is0
D/CanData ( 2351): checkFrame  framebufferPtr size is14
D/CanData ( 2351): NPCanDataHandler::onCanDataRcv:0
D/CanData ( 2351): NPCanDataRcvEvent::NPCanDataRcvEvent
D/CanData ( 2351): NPCanDataRcvEvent::Pack(PBYTE pbyBuf, PINT piBufSize)
D/CanData ( 3744): NPCanDataRcvEvent::NPCanDataRcvEvent(PBYTE pbyBuf, PINT piBufSize)
D/CanBusData( 3744): onRcvCanDataEvent
D/CanBusData( 3744): onRcvCanDataEvent:newnewnewnew[12][16][6][48][8][0][0][0][8][0][0][0][0][98]
D/CanBusData( 3744): onRcvCanDataEvent value is 1584,into switch 
D/CanBusData( 3744): CanBus_BDY_STATUS  INFO 
D/CanBusData( 3744): CanBusData::onBDYInfoChange
D/CanBusData( 3744): CanBusData::NotifyToCallBack26,17,0
D/CanBusData( 3744): CanBusData::NotifyToCallBack26,18,1
D/CanData ( 2351): NPCanDataComManager::pbyData[88]=0,data[13]=106
D/CanData ( 2351): ------NPCanDataRxDataRecieveReq::DoAction
D/CanData ( 2351): ----DoAction:[12][16][6][48][8]
D/CanData ( 2351): ------NPCanDataRxDataRecieveReq::DoAction using NPCanDataComManager thread
D/CanData ( 2351): NPCanDataComManager::checkFrame()
D/CanData ( 2351): save frame start
D/CanData ( 2351): framebufferPtr size is0
D/CanData ( 2351): checkFrame  framebufferPtr size is14
D/CanData ( 2351): NPCanDataHandler::onCanDataRcv:0
D/CanData ( 2351): NPCanDataRcvEvent::NPCanDataRcvEvent
D/CanData ( 2351): NPCanDataRcvEvent::Pack(PBYTE pbyBuf, PINT piBufSize)
D/CanData ( 3744): NPCanDataRcvEvent::NPCanDataRcvEvent(PBYTE pbyBuf, PINT piBufSize)
D/CanBusData( 3744): onRcvCanDataEvent
D/CanBusData( 3744): onRcvCanDataEvent:newnewnewnew[12][16][6][48][8][0][0][0][0][8][0][0][0][98]
D/CanBusData( 3744): onRcvCanDataEvent value is 1584,into switch 
D/CanBusData( 3744): CanBus_BDY_STATUS  INFO 
D/CanBusData( 3744): CanBusData::onBDYInfoChange
D/CanBusData( 3744): CanBusData::NotifyToCallBack26,18,0
D/CanBusData( 3744): CanBusData::NotifyToCallBack26,19,1
D/CanData ( 2351): NPCanDataComManager::pbyData[89]=0,data[13]=122
D/CanData ( 2351): ------NPCanDataRxDataRecieveReq::DoAction
D/CanData ( 2351): ----DoAction:[12][16][6][48][8]
D/CanData ( 2351): ------NPCanDataRxDataRecieveReq::DoAction using NPCanDataComManager thread
D/CanData ( 2351): NPCanDataComManager::checkFrame()
D/CanData ( 2351): save frame start
D/CanData ( 2351): framebufferPtr size is0
D/CanData ( 2351): checkFrame  framebufferPtr size is14
D/CanData ( 2351): NPCanDataHandler::onCanDataRcv:0
D/CanData ( 2351): NPCanDataRcvEvent::NPCanDataRcvEvent
D/CanData ( 2351): NPCanDataRcvEvent::Pack(PBYTE pbyBuf, PINT piBufSize)
D/CanData ( 3744): NPCanDataRcvEvent::NPCanDataRcvEvent(PBYTE pbyBuf, PINT piBufSize)
D/CanBusData( 3744): onRcvCanDataEvent
D/CanBusData( 3744): onRcvCanDataEvent:newnewnewnew[12][16][6][48][8][0][0][0][0][16][0][0][0][106]
D/CanBusData( 3744): onRcvCanDataEvent value is 1584,into switch 
D/CanBusData( 3744): CanBus_BDY_STATUS  INFO 
D/CanBusData( 3744): CanBusData::onBDYInfoChange
D/CanBusData( 3744): CanBusData::NotifyToCallBack26,19,2
D/CanData ( 2351): NPCanDataComManager::pbyData[90]=0,data[13]=138
D/CanData ( 2351): ------NPCanDataRxDataRecieveReq::DoAction
D/CanData ( 2351): ----DoAction:[12][16][6][48][8]
D/CanData ( 2351): ------NPCanDataRxDataRecieveReq::DoAction using NPCanDataComManager thread
D/CanData ( 2351): NPCanDataComManager::checkFrame()
D/CanData ( 2351): save frame start
D/CanData ( 2351): framebufferPtr size is0
D/CanData ( 2351): checkFrame  framebufferPtr size is14
D/CanData ( 2351): NPCanDataHandler::onCanDataRcv:0
D/CanData ( 2351): NPCanDataRcvEvent::NPCanDataRcvEvent
D/CanData ( 2351): NPCanDataRcvEvent::Pack(PBYTE pbyBuf, PINT piBufSize)
D/CanData ( 3744): NPCanDataRcvEvent::NPCanDataRcvEvent(PBYTE pbyBuf, PINT piBufSize)
D/CanBusData( 3744): onRcvCanDataEvent
D/CanBusData( 3744): onRcvCanDataEvent:newnewnewnew[12][16][6][48][8][0][0][0][0][32][0][0][0][122]
D/CanBusData( 3744): onRcvCanDataEvent value is 1584,into switch 
D/CanBusData( 3744): CanBus_BDY_STATUS  INFO 
D/CanBusData( 3744): CanBusData::onBDYInfoChange
D/CanBusData( 3744): CanBusData::NotifyToCallBack26,19,4
D/CanData ( 2351): NPCanDataComManager::pbyData[91]=0,data[13]=154
D/CanData ( 2351): ------NPCanDataRxDataRecieveReq::DoAction
D/CanData ( 2351): ----DoAction:[12][16][6][48][8]
D/CanData ( 2351): ------NPCanDataRxDataRecieveReq::DoAction using NPCanDataComManager thread
D/CanData ( 2351): NPCanDataComManager::checkFrame()
D/CanData ( 2351): save frame start
D/CanData ( 2351): framebufferPtr size is0
D/CanData ( 2351): checkFrame  framebufferPtr size is14
D/CanData ( 2351): NPCanDataHandler::onCanDataRcv:0
D/CanData ( 2351): NPCanDataRcvEvent::NPCanDataRcvEvent
D/CanData ( 2351): NPCanDataRcvEvent::Pack(PBYTE pbyBuf, PINT piBufSize)
D/CanData ( 3744): NPCanDataRcvEvent::NPCanDataRcvEvent(PBYTE pbyBuf, PINT piBufSize)
D/CanBusData( 3744): onRcvCanDataEvent
D/CanBusData( 3744): onRcvCanDataEvent:newnewnewnew[12][16][6][48][8][0][0][0][0][48][0][0][0][138]
D/CanBusData( 3744): onRcvCanDataEvent value is 1584,into switch 
D/CanBusData( 3744): CanBus_BDY_STATUS  INFO 
D/CanBusData( 3744): CanBusData::onBDYInfoChange
D/CanBusData( 3744): CanBusData::NotifyToCallBack26,19,6
D/CanData ( 2351): NPCanDataComManager::pbyData[92]=0,data[13]=170
D/CanData ( 2351): ------NPCanDataRxDataRecieveReq::DoAction
D/CanData ( 2351): ----DoAction:[12][16][6][48][8]
