--------- beginning of /dev/log/system
--------- beginning of /dev/log/main
D/CanBusData( 3744): CanBusData::CanBusData Construct
D/CanData ( 3744): NPCanDataSystem() is construct
D/CanBusPlayer( 3744): CanBusService construct
D/CanBusPlayer( 3744): CanBusService construct1
D/CanBusData( 3744): CanBusDATA  setHandleEvent
D/CanBusPlayer( 3744): CanBusService construct2
D/CanBusPlayer( 3744): CanBusService construct3
D/CanData ( 3744): NPCanDataHandlerProxy::InitCanDataDevice
D/CanData ( 2351): ---------------IoControl:5379----------------
D/CanData ( 2351): NHANDLER_STUB_CANDATA_DEVICE_INIT
D/CanBusPlayer( 3744): CanBusService construct4
D/CanData ( 2351): NPCanDataComManager::Initialize()
D/CanData ( 2351): NPCanDataComManager::Run( VOID ) --- enter
D/CanData ( 2351): NPCanDataComManager::pbyData[1]=0,data[13]=111
D/CanData ( 2351): ------NPCanDataRxDataRecieveReq::DoAction
D/CanData ( 2351): ----DoAction:[12][16][0][72][7]
D/CanData ( 2351): ------NPCanDataRxDataRecieveReq::DoAction using NPCanDataComManager thread
D/CanData ( 2351): NPCanDataComManager::checkFrame()
D/CanData ( 2351): save frame start
D/CanData ( 2351): framebufferPtr size is0
D/CanData ( 2351): checkFrame  framebufferPtr size is14
D/CanData ( 2351): NPCanDataHandler::onCanDataRcv:0
D/CanData ( 2351): NPCanDataRcvEvent::NPCanDataRcvEvent
D/CanData ( 2351): NPCanDataRcvEvent::Pack(PBYTE pbyBuf, PINT piBufSize)
D/CanData ( 3744): NPCanDataRcvEvent::NPCanDataRcvEvent(PBYTE pbyBuf, PINT piBufSize)
D/CanBusData( 3744): onRcvCanDataEvent
D/CanBusData( 3744): onRcvCanDataEvent:newnewnewnew[12][16][0][72][7][0][0][0][0][0][0][0][0][107]
D/CanBusData( 3744): onRcvCanDataEvent value is 72,into switch 
D/CanBusData( 3744): CanBus_CHKENG_STATUS  INFO 
D/CanData ( 2351): NPCanDataComManager::pbyData[2]=0,data[13]=115
D/CanData ( 2351): ------NPCanDataRxDataRecieveReq::DoAction
D/CanData ( 2351): ----DoAction:[12][16][0][72][7]
D/CanData ( 2351): ------NPCanDataRxDataRecieveReq::DoAction using NPCanDataComManager thread
D/CanData ( 2351): NPCanDataComManager::checkFrame()
D/CanData ( 2351): save frame start
D/CanData ( 2351): framebufferPtr size is0
D/CanData ( 2351): checkFrame  framebufferPtr size is14
D/CanData ( 2351): NPCanDataHandler::onCanDataRcv:0
D/CanData ( 2351): NPCanDataRcvEvent::NPCanDataRcvEvent
D/CanData ( 2351): NPCanDataRcvEvent::Pack(PBYTE pbyBuf, PINT piBufSize)
D/CanData ( 3744): NPCanDataRcvEvent::NPCanDataRcvEvent(PBYTE pbyBuf, PINT piBufSize)
D/CanBusData( 3744): onRcvCanDataEvent
D/CanBusData( 3744): onRcvCanDataEvent:newnewnewnew[12][16][0][72][7][0][4][0][0][0][0][0][0][111]
D/CanBusData( 3744): onRcvCanDataEvent value is 72,into switch 
D/CanBusData( 3744): CanBus_CHKENG_STATUS  INFO 
D/CanBusData( 3744): CanBusData::onCHKENGInfoChange 
D/CanBusData( 3744): CanBusData::NotifyToCallBack6,4,1
D/CanData ( 2351): NPCanDataComManager::pbyData[3]=0,data[13]=119
D/CanData ( 2351): ------NPCanDataRxDataRecieveReq::DoAction
D/CanData ( 2351): ----DoAction:[12][16][0][72][7]
D/CanData ( 2351): ------NPCanDataRxDataRecieveReq::DoAction using NPCanDataComManager thread
D/CanData ( 2351): NPCanDataComManager::checkFrame()
D/CanData ( 2351): save frame start
D/CanData ( 2351): framebufferPtr size is0
D/CanData ( 2351): checkFrame  framebufferPtr size is14
D/CanData ( 2351): NPCanDataHandler::onCanDataRcv:0
D/CanData ( 2351): NPCanDataRcvEvent::NPCanDataRcvEvent
D/CanData ( 2351): NPCanDataRcvEvent::Pack(PBYTE pbyBuf, PINT piBufSize)
D/CanData ( 3744): NPCanDataRcvEvent::NPCanDataRcvEvent(PBYTE pbyBuf, PINT piBufSize)
D/CanBusData( 3744): onRcvCanDataEvent
D/CanBusData( 3744): onRcvCanDataEvent:newnewnewnew[12][16][0][72][7][0][8][0][0][0][0][0][0][115]
D/CanBusData( 3744): onRcvCanDataEvent value is 72,into switch 
D/CanBusData( 3744): CanBus_CHKENG_STATUS  INFO 
D/CanBusData( 3744): CanBusData::onCHKENGInfoChange 
D/CanBusData( 3744): CanBusData::NotifyToCallBack6,4,2
D/CanData ( 2351): NPCanDataComManager::pbyData[4]=0,data[13]=135
D/CanData ( 2351): ------NPCanDataRxDataRecieveReq::DoAction
D/CanData ( 2351): ----DoAction:[12][16][0][72][7]
D/CanData ( 2351): ------NPCanDataRxDataRecieveReq::DoAction using NPCanDataComManager thread
D/CanData ( 2351): NPCanDataComManager::checkFrame()
D/CanData ( 2351): save frame start
D/CanData ( 2351): framebufferPtr size is0
D/CanData ( 2351): checkFrame  framebufferPtr size is14
D/CanData ( 2351): NPCanDataHandler::onCanDataRcv:0
D/CanData ( 2351): NPCanDataRcvEvent::NPCanDataRcvEvent
D/CanData ( 2351): NPCanDataRcvEvent::Pack(PBYTE pbyBuf, PINT piBufSize)
D/CanData ( 3744): NPCanDataRcvEvent::NPCanDataRcvEvent(PBYTE pbyBuf, PINT piBufSize)
D/CanBusData( 3744): onRcvCanDataEvent
D/CanBusData( 3744): onRcvCanDataEvent:newnewnewnew[12][16][0][72][7][0][12][0][0][0][0][0][0][119]
D/CanBusData( 3744): onRcvCanDataEvent value is 72,into switch 
D/CanBusData( 3744): CanBus_CHKENG_STATUS  INFO 
D/CanBusData( 3744): CanBusData::onCHKENGInfoChange 
D/CanBusData( 3744): CanBusData::NotifyToCallBack6,4,3
D/CanData ( 2351): NPCanDataComManager::pbyData[5]=0,data[13]=107
D/CanData ( 2351): ------NPCanDataRxDataRecieveReq::DoAction
D/CanData ( 2351): ----DoAction:[12][16][0][72][7]
D/CanData ( 2351): ------NPCanDataRxDataRecieveReq::DoAction using NPCanDataComManager thread
D/CanData ( 2351): NPCanDataComManager::checkFrame()
D/CanData ( 2351): save frame start
D/CanData ( 2351): framebufferPtr size is0
D/CanData ( 2351): checkFrame  framebufferPtr size is14
D/CanData ( 2351): NPCanDataHandler::onCanDataRcv:0
D/CanData ( 2351): NPCanDataRcvEvent::NPCanDataRcvEvent
D/CanData ( 2351): NPCanDataRcvEvent::Pack(PBYTE pbyBuf, PINT piBufSize)
D/CanData ( 3744): NPCanDataRcvEvent::NPCanDataRcvEvent(PBYTE pbyBuf, PINT piBufSize)
D/CanBusData( 3744): onRcvCanDataEvent
D/CanBusData( 3744): onRcvCanDataEvent:newnewnewnew[12][16][0][72][7][0][28][0][0][0][0][0][0][135]
D/CanBusData( 3744): onRcvCanDataEvent value is 72,into switch 
D/CanBusData( 3744): CanBus_CHKENG_STATUS  INFO 
D/CanBusData( 3744): CanBusData::onCHKENGInfoChange 
D/CanBusData( 3744): CanBusData::NotifyToCallBack6,4,7
D/CanData ( 2351): NPCanDataComManager::pbyData[6]=0,data[13]=139
D/CanData ( 2351): ------NPCanDataRxDataRecieveReq::DoAction
D/CanData ( 2351): ----DoAction:[12][16][0][73][6]
D/CanData ( 2351): ------NPCanDataRxDataRecieveReq::DoAction using NPCanDataComManager thread
D/CanData ( 2351): NPCanDataComManager::checkFrame()
D/CanData ( 2351): save frame start
D/CanData ( 2351): framebufferPtr size is0
D/CanData ( 2351): checkFrame  framebufferPtr size is14
D/CanData ( 2351): NPCanDataHandler::onCanDataRcv:0
D/CanData ( 2351): NPCanDataRcvEvent::NPCanDataRcvEvent
D/CanData ( 2351): NPCanDataRcvEvent::Pack(PBYTE pbyBuf, PINT piBufSize)
D/CanData ( 3744): NPCanDataRcvEvent::NPCanDataRcvEvent(PBYTE pbyBuf, PINT piBufSize)
D/CanBusData( 3744): onRcvCanDataEvent
D/CanBusData( 3744): onRcvCanDataEvent:newnewnewnew[12][16][0][73][6][0][0][0][0][0][0][0][0][107]
D/CanBusData( 3744): onRcvCanDataEvent value is 73,into switch 
D/CanBusData( 3744): CANBUS_XMILONMET_STATUS INFO
D/CanData ( 2351): NPCanDataComManager::pbyData[7]=0,data[13]=121
D/CanData ( 2351): ------NPCanDataRxDataRecieveReq::DoAction
D/CanData ( 2351): ----DoAction:[12][16][0][73][6]
D/CanData ( 2351): ------NPCanDataRxDataRecieveReq::DoAction using NPCanDataComManager thread
D/CanData ( 2351): NPCanDataComManager::checkFrame()
D/CanData ( 2351): save frame start
D/CanData ( 2351): framebufferPtr size is0
D/CanData ( 2351): checkFrame  framebufferPtr size is14
D/CanData ( 2351): NPCanDataHandler::onCanDataRcv:0
D/CanData ( 2351): NPCanDataRcvEvent::NPCanDataRcvEvent
D/CanData ( 2351): NPCanDataRcvEvent::Pack(PBYTE pbyBuf, PINT piBufSize)
D/CanData ( 3744): NPCanDataRcvEvent::NPCanDataRcvEvent(PBYTE pbyBuf, PINT piBufSize)
D/CanBusData( 3744): onRcvCanDataEvent
D/CanBusData( 3744): onRcvCanDataEvent:newnewnewnew[12][16][0][73][6][32][0][0][0][0][0][0][0][139]
D/CanBusData( 3744): onRcvCanDataEvent value is 73,into switch 
D/CanBusData( 3744): CANBUS_XMILONMET_STATUS INFO
D/CanBusData( 3744): CanBusData::onXMILONMETInfoChange 
D/CanBusData( 3744): CanBusData::NotifyToCallBack7,2,1
D/CanData ( 2351): NPCanDataComManager::pbyData[8]=0,data[13]=125
D/CanData ( 2351): ------NPCanDataRxDataRecieveReq::DoAction
D/CanData ( 2351): ----DoAction:[12][16][0][88][5]
D/CanData ( 2351): ------NPCanDataRxDataRecieveReq::DoAction using NPCanDataComManager thread
D/CanData ( 2351): NPCanDataComManager::checkFrame()
D/CanData ( 2351): save frame start
D/CanData ( 2351): framebufferPtr size is0
D/CanData ( 2351): checkFrame  framebufferPtr size is14
D/CanData ( 2351): NPCanDataHandler::onCanDataRcv:0
D/CanData ( 2351): NPCanDataRcvEvent::NPCanDataRcvEvent
D/CanData ( 2351): NPCanDataRcvEvent::Pack(PBYTE pbyBuf, PINT piBufSize)
D/CanData ( 3744): NPCanDataRcvEvent::NPCanDataRcvEvent(PBYTE pbyBuf, PINT piBufSize)
D/CanBusData( 3744): onRcvCanDataEvent
D/CanBusData( 3744): onRcvCanDataEvent:newnewnewnew[12][16][0][88][5][0][0][0][0][0][0][0][0][121]
D/CanBusData( 3744): onRcvCanDataEvent value is 88,into switch 
D/CanBusData( 3744): CanBus_STR_STATUS  INFO 
D/CanData ( 2351): NPCanDataComManager::pbyData[9]=0,data[13]=134
D/CanData ( 2351): ------NPCanDataRxDataRecieveReq::DoAction
D/CanData ( 2351): ----DoAction:[12][16][0][88][7]
D/CanData ( 2351): ------NPCanDataRxDataRecieveReq::DoAction using NPCanDataComManager thread
D/CanData ( 2351): NPCanDataComManager::checkFrame()
D/CanData ( 2351): save frame start
D/CanData ( 2351): framebufferPtr size is0
D/CanData ( 2351): checkFrame  framebufferPtr size is14
D/CanData ( 2351): NPCanDataHandler::onCanDataRcv:0
D/CanData ( 2351): NPCanDataRcvEvent::NPCanDataRcvEvent
D/CanData ( 2351): NPCanDataRcvEvent::Pack(PBYTE pbyBuf, PINT piBufSize)
D/CanData ( 3744): NPCanDataRcvEvent::NPCanDataRcvEvent(PBYTE pbyBuf, PINT piBufSize)
D/CanBusData( 3744): onRcvCanDataEvent
D/CanBusData( 3744): onRcvCanDataEvent:newnewnewnew[12][16][0][88][7][0][2][0][0][0][0][0][0][125]
D/CanBusData( 3744): onRcvCanDataEvent value is 88,into switch 
D/CanBusData( 3744): CanBus_STR_STATUS  INFO 
D/CanBusData( 3744): CanBusData::onECWGInfoChange 
D/CanBusData( 3744): CanBusData::NotifyToCallBack8,8,1
D/CanData ( 2351): NPCanDataComManager::pbyData[10]=0,data[13]=166
D/CanData ( 2351): ------NPCanDataRxDataRecieveReq::DoAction
D/CanData ( 2351): ----DoAction:[12][16][3][99][4]
D/CanData ( 2351): ------NPCanDataRxDataRecieveReq::DoAction using NPCanDataComManager thread
D/CanData ( 2351): NPCanDataComManager::checkFrame()
D/CanData ( 2351): save frame start
D/CanData ( 2351): framebufferPtr size is0
D/CanData ( 2351): checkFrame  framebufferPtr size is14
D/CanData ( 2351): NPCanDataHandler::onCanDataRcv:0
D/CanData ( 2351): NPCanDataRcvEvent::NPCanDataRcvEvent
D/CanData ( 2351): NPCanDataRcvEvent::Pack(PBYTE pbyBuf, PINT piBufSize)
D/CanData ( 3744): NPCanDataRcvEvent::NPCanDataRcvEvent(PBYTE pbyBuf, PINT piBufSize)
D/CanBusData( 3744): onRcvCanDataEvent
D/CanBusData( 3744): onRcvCanDataEvent:newnewnewnew[12][16][3][99][4][0][0][0][0][0][0][0][0][134]
D/CanBusData( 3744): onRcvCanDataEvent value is 867,into switch 
D/CanBusData( 3744): CanBus_ECOWARNING_STATUS  INFO 
D/CanData ( 2351): NPCanDataComManager::pbyData[11]=0,data[13]=71
D/CanData ( 2351): ------NPCanDataRxDataRecieveReq::DoAction
D/CanData ( 2351): ----DoAction:[12][16][3][99][4]
D/CanData ( 2351): ------NPCanDataRxDataRecieveReq::DoAction using NPCanDataComManager thread
D/CanData ( 2351): NPCanDataComManager::checkFrame()
D/CanData ( 2351): save frame start
D/CanData ( 2351): framebufferPtr size is0
D/CanData ( 2351): checkFrame  framebufferPtr size is14
D/CanData ( 2351): NPCanDataHandler::onCanDataRcv:0
D/CanData ( 2351): NPCanDataRcvEvent::NPCanDataRcvEvent
D/CanData ( 2351): NPCanDataRcvEvent::Pack(PBYTE pbyBuf, PINT piBufSize)
D/CanData ( 3744): NPCanDataRcvEvent::NPCanDataRcvEvent(PBYTE pbyBuf, PINT piBufSize)
D/CanBusData( 3744): onRcvCanDataEvent
D/CanBusData( 3744): onRcvCanDataEvent:newnewnewnew[12][16][3][99][4][32][0][0][0][0][0][0][0][166]
D/CanBusData( 3744): onRcvCanDataEvent value is 867,into switch 
D/CanBusData( 3744): CanBus_ECOWARNING_STATUS  INFO 
D/CanBusData( 3744): CanBusData::onECOWARNINGInfoChange 
D/CanBusData( 3744): CanBusData::NotifyToCallBack10,1,1
D/CanData ( 2351): NPCanDataComManager::pbyData[12]=0,data[13]=73
D/CanData ( 2351): ------NPCanDataRxDataRecieveReq::DoAction
D/CanData ( 2351): ----DoAction:[12][16][0][40][3]
D/CanData ( 2351): ------NPCanDataRxDataRecieveReq::DoAction using NPCanDataComManager thread
D/CanData ( 2351): NPCanDataComManager::checkFrame()
D/CanData ( 2351): save frame start
D/CanData ( 2351): framebufferPtr size is0
D/CanData ( 2351): checkFrame  framebufferPtr size is14
D/CanData ( 2351): NPCanDataHandler::onCanDataRcv:0
D/CanData ( 2351): NPCanDataRcvEvent::NPCanDataRcvEvent
D/CanData ( 2351): NPCanDataRcvEvent::Pack(PBYTE pbyBuf, PINT piBufSize)
D/CanData ( 3744): NPCanDataRcvEvent::NPCanDataRcvEvent(PBYTE pbyBuf, PINT piBufSize)
D/CanBusData( 3744): onRcvCanDataEvent
D/CanBusData( 3744): onRcvCanDataEvent:newnewnewnew[12][16][0][40][3][0][0][0][0][0][0][0][0][71]
D/CanBusData( 3744): onRcvCanDataEvent value is 40,into switch 
D/CanBusData( 3744): CanBus_ABS_STATUS  INFO 
D/CanData ( 2351): NPCanDataComManager::pbyData[13]=0,data[13]=135
D/CanData ( 2351): ------NPCanDataRxDataRecieveReq::DoAction
D/CanData ( 2351): ----DoAction:[12][16][0][40][3]
D/CanData ( 2351): ------NPCanDataRxDataRecieveReq::DoAction using NPCanDataComManager thread
D/CanData ( 2351): NPCanDataComManager::checkFrame()
D/CanData ( 2351): save frame start
D/CanData ( 2351): framebufferPtr size is0
D/CanData ( 2351): checkFrame  framebufferPtr size is14
D/CanData ( 2351): NPCanDataHandler::onCanDataRcv:0
D/CanData ( 2351): NPCanDataRcvEvent::NPCanDataRcvEvent
D/CanData ( 2351): NPCanDataRcvEvent::Pack(PBYTE pbyBuf, PINT piBufSize)
D/CanData ( 3744): NPCanDataRcvEvent::NPCanDataRcvEvent(PBYTE pbyBuf, PINT piBufSize)
D/CanBusData( 3744): onRcvCanDataEvent
D/CanBusData( 3744): onRcvCanDataEvent:newnewnewnew[12][16][0][40][3][2][0][0][0][0][0][0][0][73]
D/CanBusData( 3744): onRcvCanDataEvent value is 40,into switch 
D/CanBusData( 3744): CanBus_ABS_STATUS  INFO 
D/CanBusData( 3744): CanBusData::onABSInfoChange
D/CanData ( 2351): NPCanDataComManager::pbyData[14]=0,data[13]=199
D/CanData ( 2351): ------NPCanDataRxDataRecieveReq::DoAction
D/CanData ( 2351): ----DoAction:[12][16][0][40][3]
D/CanData ( 2351): ------NPCanDataRxDataRecieveReq::DoAction using NPCanDataComManager thread
D/CanData ( 2351): NPCanDataComManager::checkFrame()
D/CanData ( 2351): save frame start
D/CanData ( 2351): framebufferPtr size is0
D/CanData ( 2351): checkFrame  framebufferPtr size is14
D/CanData ( 2351): NPCanDataHandler::onCanDataRcv:0
D/CanData ( 2351): NPCanDataRcvEvent::NPCanDataRcvEvent
D/CanData ( 2351): NPCanDataRcvEvent::Pack(PBYTE pbyBuf, PINT piBufSize)
D/CanData ( 3744): NPCanDataRcvEvent::NPCanDataRcvEvent(PBYTE pbyBuf, PINT piBufSize)
D/CanBusData( 3744): onRcvCanDataEvent
D/CanBusData( 3744): onRcvCanDataEvent:newnewnewnew[12][16][0][40][3][0][64][0][0][0][0][0][0][135]
D/CanBusData( 3744): onRcvCanDataEvent value is 40,into switch 
D/CanBusData( 3744): CanBus_ABS_STATUS  INFO 
D/CanBusData( 3744): CanBusData::onABSInfoChange
D/CanData ( 2351): NPCanDataComManager::pbyData[15]=0,data[13]=7
D/CanData ( 2351): ------NPCanDataRxDataRecieveReq::DoAction
D/CanData ( 2351): ----DoAction:[12][16][0][40][3]
D/CanData ( 2351): ------NPCanDataRxDataRecieveReq::DoAction using NPCanDataComManager thread
D/CanData ( 2351): NPCanDataComManager::checkFrame()
D/CanData ( 2351): save frame start
D/CanData ( 2351): framebufferPtr size is0
D/CanData ( 2351): checkFrame  framebufferPtr size is14
D/CanData ( 2351): NPCanDataHandler::onCanDataRcv:0
D/CanData ( 2351): NPCanDataRcvEvent::NPCanDataRcvEvent
D/CanData ( 2351): NPCanDataRcvEvent::Pack(PBYTE pbyBuf, PINT piBufSize)
D/CanData ( 3744): NPCanDataRcvEvent::NPCanDataRcvEvent(PBYTE pbyBuf, PINT piBufSize)
D/CanBusData( 3744): onRcvCanDataEvent
D/CanBusData( 3744): onRcvCanDataEvent:newnewnewnew[12][16][0][40][3][0][128][0][0][0][0][0][0][199]
D/CanBusData( 3744): onRcvCanDataEvent value is 40,into switch 
D/CanBusData( 3744): CanBus_ABS_STATUS  INFO 
D/CanBusData( 3744): CanBusData::onABSInfoChange
D/CanBusData( 3744): CanBusData::NotifyToCallBack11,2,1
D/CanData ( 2351): NPCanDataComManager::pbyData[16]=0,data[13]=79
D/CanData ( 2351): ------NPCanDataRxDataRecieveReq::DoAction
D/CanData ( 2351): ----DoAction:[12][16][0][40][3]
D/CanData ( 2351): ------NPCanDataRxDataRecieveReq::DoAction using NPCanDataComManager thread
D/CanData ( 2351): NPCanDataComManager::checkFrame()
D/CanData ( 2351): save frame start
D/CanData ( 2351): framebufferPtr size is0
D/CanData ( 2351): checkFrame  framebufferPtr size is14
D/CanData ( 2351): NPCanDataHandler::onCanDataRcv:0
D/CanData ( 2351): NPCanDataRcvEvent::NPCanDataRcvEvent
D/CanData ( 2351): NPCanDataRcvEvent::Pack(PBYTE pbyBuf, PINT piBufSize)
D/CanData ( 3744): NPCanDataRcvEvent::NPCanDataRcvEvent(PBYTE pbyBuf, PINT piBufSize)
D/CanBusData( 3744): onRcvCanDataEvent
D/CanBusData( 3744): onRcvCanDataEvent:newnewnewnew[12][16][0][40][3][0][192][0][0][0][0][0][0][7]
D/CanBusData( 3744): onRcvCanDataEvent value is 40,into switch 
D/CanBusData( 3744): CanBus_ABS_STATUS  INFO 
D/CanBusData( 3744): CanBusData::onABSInfoChange
D/CanData ( 2351): NPCanDataComManager::pbyData[17]=0,data[13]=87
D/CanData ( 2351): ------NPCanDataRxDataRecieveReq::DoAction
D/CanData ( 2351): ----DoAction:[12][16][0][40][3]
D/CanData ( 2351): ------NPCanDataRxDataRecieveReq::DoAction using NPCanDataComManager thread
D/CanData ( 2351): NPCanDataComManager::checkFrame()
D/CanData ( 2351): save frame start
D/CanData ( 2351): framebufferPtr size is0
D/CanData ( 2351): checkFrame  framebufferPtr size is14
D/CanData ( 2351): NPCanDataHandler::onCanDataRcv:0
D/CanData ( 2351): NPCanDataRcvEvent::NPCanDataRcvEvent
D/CanData ( 2351): NPCanDataRcvEvent::Pack(PBYTE pbyBuf, PINT piBufSize)
D/CanData ( 3744): NPCanDataRcvEvent::NPCanDataRcvEvent(PBYTE pbyBuf, PINT piBufSize)
D/CanBusData( 3744): onRcvCanDataEvent
D/CanBusData( 3744): onRcvCanDataEvent:newnewnewnew[12][16][0][40][3][0][8][0][0][0][0][0][0][79]
D/CanBusData( 3744): onRcvCanDataEvent value is 40,into switch 
D/CanBusData( 3744): CanBus_ABS_STATUS  INFO 
D/CanBusData( 3744): CanBusData::onABSInfoChange
D/CanBusData( 3744): CanBusData::NotifyToCallBack11,2,0
D/CanData ( 2351): NPCanDataComManager::pbyData[18]=0,data[13]=95
D/CanData ( 2351): ------NPCanDataRxDataRecieveReq::DoAction
D/CanData ( 2351): ----DoAction:[12][16][0][40][3]
D/CanData ( 2351): ------NPCanDataRxDataRecieveReq::DoAction using NPCanDataComManager thread
D/CanData ( 2351): NPCanDataComManager::checkFrame()
D/CanData ( 2351): save frame start
D/CanData ( 2351): framebufferPtr size is0
D/CanData ( 2351): checkFrame  framebufferPtr size is14
D/CanData ( 2351): NPCanDataHandler::onCanDataRcv:0
D/CanData ( 2351): NPCanDataRcvEvent::NPCanDataRcvEvent
D/CanData ( 2351): NPCanDataRcvEvent::Pack(PBYTE pbyBuf, PINT piBufSize)
D/CanData ( 3744): NPCanDataRcvEvent::NPCanDataRcvEvent(PBYTE pbyBuf, PINT piBufSize)
D/CanBusData( 3744): onRcvCanDataEvent
D/CanBusData( 3744): onRcvCanDataEvent:newnewnewnew[12][16][0][40][3][0][16][0][0][0][0][0][0][87]
D/CanBusData( 3744): onRcvCanDataEvent value is 40,into switch 
D/CanBusData( 3744): CanBus_ABS_STATUS  INFO 
D/CanBusData( 3744): CanBusData::onABSInfoChange
D/CanData ( 2351): NPCanDataComManager::pbyData[19]=0,data[13]=139
D/CanData ( 2351): ------NPCanDataRxDataRecieveReq::DoAction
D/CanData ( 2351): ----DoAction:[12][16][0][40][3]
D/CanData ( 2351): ------NPCanDataRxDataRecieveReq::DoAction using NPCanDataComManager thread
D/CanData ( 2351): NPCanDataComManager::checkFrame()
D/CanData ( 2351): save frame start
D/CanData ( 2351): framebufferPtr size is0
D/CanData ( 2351): checkFrame  framebufferPtr size is14
D/CanData ( 2351): NPCanDataHandler::onCanDataRcv:0
D/CanData ( 2351): NPCanDataRcvEvent::NPCanDataRcvEvent
D/CanData ( 2351): NPCanDataRcvEvent::Pack(PBYTE pbyBuf, PINT piBufSize)
D/CanData ( 3744): NPCanDataRcvEvent::NPCanDataRcvEvent(PBYTE pbyBuf, PINT piBufSize)
D/CanBusData( 3744): onRcvCanDataEvent
D/CanBusData( 3744): onRcvCanDataEvent:newnewnewnew[12][16][0][40][3][0][24][0][0][0][0][0][0][95]
D/CanBusData( 3744): onRcvCanDataEvent value is 40,into switch 
D/CanBusData( 3744): CanBus_ABS_STATUS  INFO 
D/CanBusData( 3744): CanBusData::onABSInfoChange
D/CanData ( 2351): NPCanDataComManager::pbyData[20]=0,data[13]=171
D/CanData ( 2351): ------NPCanDataRxDataRecieveReq::DoAction
D/CanData ( 2351): ----DoAction:[12][16][0][107][4]
D/CanData ( 2351): ------NPCanDataRxDataRecieveReq::DoAction using NPCanDataComManager thread
D/CanData ( 2351): NPCanDataComManager::checkFrame()
D/CanData ( 2351): save frame start
D/CanData ( 2351): framebufferPtr size is0
D/CanData ( 2351): checkFrame  framebufferPtr size is14
D/CanData ( 2351): NPCanDataHandler::onCanDataRcv:0
D/CanData ( 2351): NPCanDataRcvEvent::NPCanDataRcvEvent
D/CanData ( 2351): NPCanDataRcvEvent::Pack(PBYTE pbyBuf, PINT piBufSize)
D/CanData ( 3744): NPCanDataRcvEvent::NPCanDataRcvEvent(PBYTE pbyBuf, PINT piBufSize)
D/CanBusData( 3744): onRcvCanDataEvent
D/CanBusData( 3744): onRcvCanDataEvent:newnewnewnew[12][16][0][107][4][0][0][0][0][0][0][0][0][139]
D/CanBusData( 3744): onRcvCanDataEvent value is 107,into switch 
D/CanBusData( 3744): CanBus_EPS_STATUS  INFO 
D/CanData ( 2351): NPCanDataComManager::pbyData[21]=0,data[13]=203
D/CanData ( 2351): ------NPCanDataRxDataRecieveReq::DoAction
D/CanData ( 2351): ----DoAction:[12][16][0][107][4]
D/CanData ( 2351): ------NPCanDataRxDataRecieveReq::DoAction using NPCanDataComManager thread
D/CanData ( 2351): NPCanDataComManager::checkFrame()
D/CanData ( 2351): save frame start
D/CanData ( 2351): framebufferPtr size is0
D/CanData ( 2351): checkFrame  framebufferPtr size is14
D/CanData ( 2351): NPCanDataHandler::onCanDataRcv:0
D/CanData ( 2351): NPCanDataRcvEvent::NPCanDataRcvEvent
D/CanData ( 2351): NPCanDataRcvEvent::Pack(PBYTE pbyBuf, PINT piBufSize)
D/CanData ( 3744): NPCanDataRcvEvent::NPCanDataRcvEvent(PBYTE pbyBuf, PINT piBufSize)
D/CanBusData( 3744): onRcvCanDataEvent
D/CanBusData( 3744): onRcvCanDataEvent:newnewnewnew[12][16][0][107][4][32][0][0][0][0][0][0][0][171]
D/CanBusData( 3744): onRcvCanDataEvent value is 107,into switch 
D/CanBusData( 3744): CanBus_EPS_STATUS  INFO 
D/CanBusData( 3744): CanBusData::onEPSInfoChange 
D/CanBusData( 3744): CanBusData::NotifyToCallBack15,1,1
D/CanData ( 2351): NPCanDataComManager::pbyData[22]=0,data[13]=235
D/CanData ( 2351): ------NPCanDataRxDataRecieveReq::DoAction
D/CanData ( 2351): ----DoAction:[12][16][0][107][4]
D/CanData ( 2351): ------NPCanDataRxDataRecieveReq::DoAction using NPCanDataComManager thread
D/CanData ( 2351): NPCanDataComManager::checkFrame()
D/CanData ( 2351): save frame start
D/CanData ( 2351): framebufferPtr size is0
D/CanData ( 2351): checkFrame  framebufferPtr size is14
D/CanData ( 2351): NPCanDataHandler::onCanDataRcv:0
D/CanData ( 2351): NPCanDataRcvEvent::NPCanDataRcvEvent
D/CanData ( 2351): NPCanDataRcvEvent::Pack(PBYTE pbyBuf, PINT piBufSize)
D/CanData ( 3744): NPCanDataRcvEvent::NPCanDataRcvEvent(PBYTE pbyBuf, PINT piBufSize)
D/CanBusData( 3744): onRcvCanDataEvent
D/CanBusData( 3744): onRcvCanDataEvent:newnewnewnew[12][16][0][107][4][64][0][0][0][0][0][0][0][203]
D/CanBusData( 3744): onRcvCanDataEvent value is 107,into switch 
D/CanBusData( 3744): CanBus_EPS_STATUS  INFO 
D/CanBusData( 3744): CanBusData::onEPSInfoChange 
D/CanBusData( 3744): CanBusData::NotifyToCallBack15,1,2
D/CanData ( 2351): NPCanDataComManager::pbyData[23]=0,data[13]=11
D/CanData ( 2351): ------NPCanDataRxDataRecieveReq::DoAction
D/CanData ( 2351): ----DoAction:[12][16][0][107][4]
D/CanData ( 2351): ------NPCanDataRxDataRecieveReq::DoAction using NPCanDataComManager thread
D/CanData ( 2351): NPCanDataComManager::checkFrame()
D/CanData ( 2351): save frame start
D/CanData ( 2351): framebufferPtr size is0
D/CanData ( 2351): checkFrame  framebufferPtr size is14
D/CanData ( 2351): NPCanDataHandler::onCanDataRcv:0
D/CanData ( 2351): NPCanDataRcvEvent::NPCanDataRcvEvent
D/CanData ( 2351): NPCanDataRcvEvent::Pack(PBYTE pbyBuf, PINT piBufSize)
D/CanData ( 3744): NPCanDataRcvEvent::NPCanDataRcvEvent(PBYTE pbyBuf, PINT piBufSize)
D/CanBusData( 3744): onRcvCanDataEvent
D/CanBusData( 3744): onRcvCanDataEvent:newnewnewnew[12][16][0][107][4][96][0][0][0][0][0][0][0][235]
D/CanBusData( 3744): onRcvCanDataEvent value is 107,into switch 
D/CanBusData( 3744): CanBus_EPS_STATUS  INFO 
D/CanBusData( 3744): CanBusData::onEPSInfoChange 
D/CanBusData( 3744): CanBusData::NotifyToCallBack15,1,3
D/CanData ( 2351): NPCanDataComManager::pbyData[24]=0,data[13]=206
D/CanData ( 2351): ------NPCanDataRxDataRecieveReq::DoAction
D/CanData ( 2351): ----DoAction:[12][16][0][107][4]
D/CanData ( 2351): ------NPCanDataRxDataRecieveReq::DoAction using NPCanDataComManager thread
D/CanData ( 2351): NPCanDataComManager::checkFrame()
D/CanData ( 2351): save frame start
D/CanData ( 2351): framebufferPtr size is0
D/CanData ( 2351): checkFrame  framebufferPtr size is14
D/CanData ( 2351): NPCanDataHandler::onCanDataRcv:0
D/CanData ( 2351): NPCanDataRcvEvent::NPCanDataRcvEvent
D/CanData ( 2351): NPCanDataRcvEvent::Pack(PBYTE pbyBuf, PINT piBufSize)
D/CanData ( 3744): NPCanDataRcvEvent::NPCanDataRcvEvent(PBYTE pbyBuf, PINT piBufSize)
D/CanBusData( 3744): onRcvCanDataEvent
D/CanBusData( 3744): onRcvCanDataEvent:newnewnewnew[12][16][0][107][4][128][0][0][0][0][0][0][0][11]
D/CanBusData( 3744): onRcvCanDataEvent value is 107,into switch 
D/CanBusData( 3744): CanBus_EPS_STATUS  INFO 
D/CanBusData( 3744): CanBusData::onEPSInfoChange 
D/CanBusData( 3744): CanBusData::NotifyToCallBack15,1,4
D/CanData ( 2351): NPCanDataComManager::pbyData[25]=0,data[13]=14
D/CanData ( 2351): ------NPCanDataRxDataRecieveReq::DoAction
D/CanData ( 2351): ----DoAction:[12][16][2][169][7]
D/CanData ( 2351): ------NPCanDataRxDataRecieveReq::DoAction using NPCanDataComManager thread
D/CanData ( 2351): NPCanDataComManager::checkFrame()
D/CanData ( 2351): save frame start
D/CanData ( 2351): framebufferPtr size is0
D/CanData ( 2351): checkFrame  framebufferPtr size is14
D/CanData ( 2351): NPCanDataHandler::onCanDataRcv:0
D/CanData ( 2351): NPCanDataRcvEvent::NPCanDataRcvEvent
D/CanData ( 2351): NPCanDataRcvEvent::Pack(PBYTE pbyBuf, PINT piBufSize)
D/CanData ( 3744): NPCanDataRcvEvent::NPCanDataRcvEvent(PBYTE pbyBuf, PINT piBufSize)
D/CanBusData( 3744): onRcvCanDataEvent
D/CanBusData( 3744): onRcvCanDataEvent:newnewnewnew[12][16][2][169][7][0][0][0][0][0][0][0][0][206]
D/CanBusData( 3744): onRcvCanDataEvent value is 681,into switch 
D/CanBusData( 3744): CanBus_SCM_STATUS  INFO 
D/CanData ( 2351): NPCanDataComManager::pbyData[26]=0,data[13]=210
D/CanData ( 2351): ------NPCanDataRxDataRecieveReq::DoAction
D/CanData ( 2351): ----DoAction:[12][16][2][169][7]
D/CanData ( 2351): ------NPCanDataRxDataRecieveReq::DoAction using NPCanDataComManager thread
D/CanData ( 2351): NPCanDataComManager::checkFrame()
D/CanData ( 2351): save frame start
D/CanData ( 2351): framebufferPtr size is0
D/CanData ( 2351): checkFrame  framebufferPtr size is14
D/CanData ( 2351): NPCanDataHandler::onCanDataRcv:0
D/CanData ( 2351): NPCanDataRcvEvent::NPCanDataRcvEvent
D/CanData ( 2351): NPCanDataRcvEvent::Pack(PBYTE pbyBuf, PINT piBufSize)
D/CanData ( 3744): NPCanDataRcvEvent::NPCanDataRcvEvent(PBYTE pbyBuf, PINT piBufSize)
D/CanBusData( 3744): onRcvCanDataEvent
D/CanBusData( 3744): onRcvCanDataEvent:newnewnewnew[12][16][2][169][7][64][0][0][0][0][0][0][0][14]
D/CanBusData( 3744): onRcvCanDataEvent value is 681,into switch 
D/CanBusData( 3744): CanBus_SCM_STATUS  INFO 
D/CanBusData( 3744): CanBusData::onSCMInfoChange
D/CanBusData( 3744): CanBusData::NotifyToCallBack16,2,1
D/CanData ( 2351): NPCanDataComManager::pbyData[27]=0,data[13]=208
D/CanData ( 2351): ------NPCanDataRxDataRecieveReq::DoAction
D/CanData ( 2351): ----DoAction:[12][16][2][169][7]
D/CanData ( 2351): ------NPCanDataRxDataRecieveReq::DoAction using NPCanDataComManager thread
D/CanData ( 2351): NPCanDataComManager::checkFrame()
D/CanData ( 2351): save frame start
D/CanData ( 2351): framebufferPtr size is0
D/CanData ( 2351): checkFrame  framebufferPtr size is14
D/CanData ( 2351): NPCanDataHandler::onCanDataRcv:0
D/CanData ( 2351): NPCanDataRcvEvent::NPCanDataRcvEvent
D/CanData ( 2351): NPCanDataRcvEvent::Pack(PBYTE pbyBuf, PINT piBufSize)
D/CanData ( 3744): NPCanDataRcvEvent::NPCanDataRcvEvent(PBYTE pbyBuf, PINT piBufSize)
D/CanBusData( 3744): onRcvCanDataEvent
D/CanBusData( 3744): onRcvCanDataEvent:newnewnewnew[12][16][2][169][7][0][0][0][4][0][0][0][0][210]
D/CanBusData( 3744): onRcvCanDataEvent value is 681,into switch 
D/CanBusData( 3744): CanBus_SCM_STATUS  INFO 
D/CanBusData( 3744): CanBusData::onSCMInfoChange
D/CanBusData( 3744): CanBusData::NotifyToCallBack16,2,0
D/CanBusData( 3744): CanBusData::NotifyToCallBack16,16,1
D/CanData ( 2351): NPCanDataComManager::pbyData[28]=0,data[13]=207
D/CanData ( 2351): ------NPCanDataRxDataRecieveReq::DoAction
D/CanData ( 2351): ----DoAction:[12][16][2][169][7]
D/CanData ( 2351): ------NPCanDataRxDataRecieveReq::DoAction using NPCanDataComManager thread
D/CanData ( 2351): NPCanDataComManager::checkFrame()
D/CanData ( 2351): save frame start
D/CanData ( 2351): framebufferPtr size is0
D/CanData ( 2351): checkFrame  framebufferPtr size is14
D/CanData ( 2351): NPCanDataHandler::onCanDataRcv:0
D/CanData ( 2351): NPCanDataRcvEvent::NPCanDataRcvEvent
D/CanData ( 2351): NPCanDataRcvEvent::Pack(PBYTE pbyBuf, PINT piBufSize)
D/CanData ( 3744): NPCanDataRcvEvent::NPCanDataRcvEvent(PBYTE pbyBuf, PINT piBufSize)
D/CanBusData( 3744): onRcvCanDataEvent
D/CanBusData( 3744): onRcvCanDataEvent:newnewnewnew[12][16][2][169][7][0][0][0][0][0][2][0][0][208]
D/CanBusData( 3744): onRcvCanDataEvent value is 681,into switch 
D/CanBusData( 3744): CanBus_SCM_STATUS  INFO 
D/CanBusData( 3744): CanBusData::onSCMInfoChange
D/CanBusData( 3744): CanBusData::NotifyToCallBack16,16,0
D/CanBusData( 3744): CanBusData::NotifyToCallBack16,22,1
D/CanData ( 2351): NPCanDataComManager::pbyData[29]=0,data[13]=133
D/CanData ( 2351): ------NPCanDataRxDataRecieveReq::DoAction
D/CanData ( 2351): ----DoAction:[12][16][2][169][7]
D/CanData ( 2351): ------NPCanDataRxDataRecieveReq::DoAction using NPCanDataComManager thread
D/CanData ( 2351): NPCanDataComManager::checkFrame()
D/CanData ( 2351): save frame start
D/CanData ( 2351): framebufferPtr size is0
D/CanData ( 2351): checkFrame  framebufferPtr size is14
D/CanData ( 2351): NPCanDataHandler::onCanDataRcv:0
D/CanData ( 2351): NPCanDataRcvEvent::NPCanDataRcvEvent
D/CanData ( 2351): NPCanDataRcvEvent::Pack(PBYTE pbyBuf, PINT piBufSize)
D/CanData ( 3744): NPCanDataRcvEvent::NPCanDataRcvEvent(PBYTE pbyBuf, PINT piBufSize)
D/CanBusData( 3744): onRcvCanDataEvent
D/CanBusData( 3744): onRcvCanDataEvent:newnewnewnew[12][16][2][169][7][0][0][0][0][0][1][0][0][207]
D/CanBusData( 3744): onRcvCanDataEvent value is 681,into switch 
D/CanBusData( 3744): CanBus_SCM_STATUS  INFO 
D/CanBusData( 3744): CanBusData::onSCMInfoChange
D/CanBusData( 3744): CanBusData::NotifyToCallBack16,22,0
D/CanBusData( 3744): CanBusData::NotifyToCallBack16,23,1
D/CanData ( 2351): NPCanDataComManager::pbyData[30]=0,data[13]=135
D/CanData ( 2351): ------NPCanDataRxDataRecieveReq::DoAction
D/CanData ( 2351): ----DoAction:[12][16][6][96][3]
D/CanData ( 2351): ------NPCanDataRxDataRecieveReq::DoAction using NPCanDataComManager thread
D/CanData ( 2351): NPCanDataComManager::checkFrame()
D/CanData ( 2351): save frame start
D/CanData ( 2351): framebufferPtr size is0
D/CanData ( 2351): checkFrame  framebufferPtr size is14
D/CanData ( 2351): NPCanDataHandler::onCanDataRcv:0
D/CanData ( 2351): NPCanDataRcvEvent::NPCanDataRcvEvent
D/CanData ( 2351): NPCanDataRcvEvent::Pack(PBYTE pbyBuf, PINT piBufSize)
D/CanData ( 3744): NPCanDataRcvEvent::NPCanDataRcvEvent(PBYTE pbyBuf, PINT piBufSize)
D/CanBusData( 3744): onRcvCanDataEvent
D/CanBusData( 3744): onRcvCanDataEvent:newnewnewnew[12][16][6][96][3][0][0][0][0][0][0][0][0][133]
D/CanBusData( 3744): onRcvCanDataEvent value is 1632,into switch 
D/CanBusData( 3744): CanBus_SNR_STATUS  INFO 
D/CanData ( 2351): NPCanDataComManager::pbyData[31]=0,data[13]=134
D/CanData ( 2351): ------NPCanDataRxDataRecieveReq::DoAction
D/CanData ( 2351): ----DoAction:[12][16][6][96][3]
D/CanData ( 2351): ------NPCanDataRxDataRecieveReq::DoAction using NPCanDataComManager thread
D/CanData ( 2351): NPCanDataComManager::checkFrame()
D/CanData ( 2351): save frame start
D/CanData ( 2351): framebufferPtr size is0
D/CanData ( 2351): checkFrame  framebufferPtr size is14
D/CanData ( 2351): NPCanDataHandler::onCanDataRcv:0
D/CanData ( 2351): NPCanDataRcvEvent::NPCanDataRcvEvent
D/CanData ( 2351): NPCanDataRcvEvent::Pack(PBYTE pbyBuf, PINT piBufSize)
D/CanData ( 3744): NPCanDataRcvEvent::NPCanDataRcvEvent(PBYTE pbyBuf, PINT piBufSize)
D/CanBusData( 3744): onRcvCanDataEvent
D/CanBusData( 3744): onRcvCanDataEvent:newnewnewnew[12][16][6][96][3][2][0][0][0][0][0][0][0][135]
D/CanBusData( 3744): onRcvCanDataEvent value is 1632,into switch 
D/CanBusData( 3744): CanBus_SNR_STATUS  INFO 
D/CanBusData( 3744): CanBusData::onSNRInfoChange
D/CanBusData( 3744): CanBusData::NotifyToCallBack19,1,1
D/CanBusData( 3744): CanBusData::NotifyToCallBack19,2,0
D/CanBusData( 3744): CanBusData::NotifyToCallBack19,3,0
D/CanData ( 2351): NPCanDataComManager::pbyData[32]=0,data[13]=149
D/CanData ( 2351): ------NPCanDataRxDataRecieveReq::DoAction
D/CanData ( 2351): ----DoAction:[12][16][6][96][3]
D/CanData ( 2351): ------NPCanDataRxDataRecieveReq::DoAction using NPCanDataComManager thread
D/CanData ( 2351): NPCanDataComManager::checkFrame()
D/CanData ( 2351): save frame start
D/CanData ( 2351): framebufferPtr size is0
D/CanData ( 2351): checkFrame  framebufferPtr size is14
D/CanData ( 2351): NPCanDataHandler::onCanDataRcv:0
D/CanData ( 2351): NPCanDataRcvEvent::NPCanDataRcvEvent
D/CanData ( 2351): NPCanDataRcvEvent::Pack(PBYTE pbyBuf, PINT piBufSize)
D/CanData ( 3744): NPCanDataRcvEvent::NPCanDataRcvEvent(PBYTE pbyBuf, PINT piBufSize)
D/CanBusData( 3744): onRcvCanDataEvent
D/CanBusData( 3744): onRcvCanDataEvent:newnewnewnew[12][16][6][96][3][1][0][0][0][0][0][0][0][134]
D/CanBusData( 3744): onRcvCanDataEvent value is 1632,into switch 
D/CanBusData( 3744): CanBus_SNR_STATUS  INFO 
D/CanBusData( 3744): CanBusData::onSNRInfoChange
D/CanBusData( 3744): CanBusData::NotifyToCallBack19,1,0
D/CanBusData( 3744): CanBusData::NotifyToCallBack19,2,1
D/CanData ( 2351): NPCanDataComManager::pbyData[33]=0,data[13]=165
D/CanData ( 2351): ------NPCanDataRxDataRecieveReq::DoAction
D/CanData ( 2351): ----DoAction:[12][16][6][96][3]
D/CanData ( 2351): ------NPCanDataRxDataRecieveReq::DoAction using NPCanDataComManager thread
D/CanData ( 2351): NPCanDataComManager::checkFrame()
D/CanData ( 2351): save frame start
D/CanData ( 2351): framebufferPtr size is0
D/CanData ( 2351): checkFrame  framebufferPtr size is14
D/CanData ( 2351): NPCanDataHandler::onCanDataRcv:0
D/CanData ( 2351): NPCanDataRcvEvent::NPCanDataRcvEvent
D/CanData ( 2351): NPCanDataRcvEvent::Pack(PBYTE pbyBuf, PINT piBufSize)
D/CanData ( 3744): NPCanDataRcvEvent::NPCanDataRcvEvent(PBYTE pbyBuf, PINT piBufSize)
D/CanBusData( 3744): onRcvCanDataEvent
D/CanBusData( 3744): onRcvCanDataEvent:newnewnewnew[12][16][6][96][3][0][16][0][0][0][0][0][0][149]
D/CanBusData( 3744): onRcvCanDataEvent value is 1632,into switch 
D/CanBusData( 3744): CanBus_SNR_STATUS  INFO 
D/CanBusData( 3744): CanBusData::onSNRInfoChange
D/CanBusData( 3744): CanBusData::NotifyToCallBack19,2,0
D/CanBusData( 3744): CanBusData::NotifyToCallBack19,3,1
D/CanBusData( 3744): CanBusData::NotifyToCallBack19,4,0
D/CanData ( 2351): NPCanDataComManager::pbyData[34]=0,data[13]=181
D/CanData ( 2351): ------NPCanDataRxDataRecieveReq::DoAction
D/CanData ( 2351): ----DoAction:[12][16][6][96][3]
D/CanData ( 2351): ------NPCanDataRxDataRecieveReq::DoAction using NPCanDataComManager thread
D/CanData ( 2351): NPCanDataComManager::checkFrame()
D/CanData ( 2351): save frame start
D/CanData ( 2351): framebufferPtr size is0
D/CanData ( 2351): checkFrame  framebufferPtr size is14
D/CanData ( 2351): NPCanDataHandler::onCanDataRcv:0
D/CanData ( 2351): NPCanDataRcvEvent::NPCanDataRcvEvent
D/CanData ( 2351): NPCanDataRcvEvent::Pack(PBYTE pbyBuf, PINT piBufSize)
D/CanData ( 3744): NPCanDataRcvEvent::NPCanDataRcvEvent(PBYTE pbyBuf, PINT piBufSize)
D/CanBusData( 3744): onRcvCanDataEvent
D/CanBusData( 3744): onRcvCanDataEvent:newnewnewnew[12][16][6][96][3][0][32][0][0][0][0][0][0][165]
D/CanBusData( 3744): onRcvCanDataEvent value is 1632,into switch 
D/CanBusData( 3744): CanBus_SNR_STATUS  INFO 
D/CanBusData( 3744): CanBusData::onSNRInfoChange
D/CanBusData( 3744): CanBusData::NotifyToCallBack19,3,2
D/CanBusData( 3744): CanBusData::NotifyToCallBack19,4,0
D/CanData ( 2351): NPCanDataComManager::pbyData[35]=0,data[13]=69
D/CanData ( 2351): ------NPCanDataRxDataRecieveReq::DoAction
D/CanData ( 2351): ----DoAction:[12][16][6][96][3]
D/CanData ( 2351): ------NPCanDataRxDataRecieveReq::DoAction using NPCanDataComManager thread
D/CanData ( 2351): NPCanDataComManager::checkFrame()
D/CanData ( 2351): save frame start
D/CanData ( 2351): framebufferPtr size is0
D/CanData ( 2351): checkFrame  framebufferPtr size is14
D/CanData ( 2351): NPCanDataHandler::onCanDataRcv:0
D/CanData ( 2351): NPCanDataRcvEvent::NPCanDataRcvEvent
D/CanData ( 2351): NPCanDataRcvEvent::Pack(PBYTE pbyBuf, PINT piBufSize)
D/CanData ( 3744): NPCanDataRcvEvent::NPCanDataRcvEvent(PBYTE pbyBuf, PINT piBufSize)
D/CanBusData( 3744): onRcvCanDataEvent
D/CanBusData( 3744): onRcvCanDataEvent:newnewnewnew[12][16][6][96][3][0][48][0][0][0][0][0][0][181]
D/CanBusData( 3744): onRcvCanDataEvent value is 1632,into switch 
D/CanBusData( 3744): CanBus_SNR_STATUS  INFO 
D/CanBusData( 3744): CanBusData::onSNRInfoChange
D/CanBusData( 3744): CanBusData::NotifyToCallBack19,3,3
D/CanBusData( 3744): CanBusData::NotifyToCallBack19,4,0
D/CanData ( 2351): NPCanDataComManager::pbyData[36]=0,data[13]=85
D/CanData ( 2351): ------NPCanDataRxDataRecieveReq::DoAction
D/CanData ( 2351): ----DoAction:[12][16][6][96][3]
D/CanData ( 2351): ------NPCanDataRxDataRecieveReq::DoAction using NPCanDataComManager thread
D/CanData ( 2351): NPCanDataComManager::checkFrame()
D/CanData ( 2351): save frame start
D/CanData ( 2351): framebufferPtr size is0
D/CanData ( 2351): checkFrame  framebufferPtr size is14
D/CanData ( 2351): NPCanDataHandler::onCanDataRcv:0
D/CanData ( 2351): NPCanDataRcvEvent::NPCanDataRcvEvent
D/CanData ( 2351): NPCanDataRcvEvent::Pack(PBYTE pbyBuf, PINT piBufSize)
D/CanData ( 3744): NPCanDataRcvEvent::NPCanDataRcvEvent(PBYTE pbyBuf, PINT piBufSize)
D/CanBusData( 3744): onRcvCanDataEvent
D/CanBusData( 3744): onRcvCanDataEvent:newnewnewnew[12][16][6][96][3][0][192][0][0][0][0][0][0][69]
D/CanBusData( 3744): onRcvCanDataEvent value is 1632,into switch 
D/CanBusData( 3744): CanBus_SNR_STATUS  INFO 
D/CanBusData( 3744): CanBusData::onSNRInfoChange
D/CanBusData( 3744): CanBusData::NotifyToCallBack19,3,12
D/CanBusData( 3744): CanBusData::NotifyToCallBack19,4,0
D/CanData ( 2351): NPCanDataComManager::pbyData[37]=0,data[13]=101
D/CanData ( 2351): ------NPCanDataRxDataRecieveReq::DoAction
D/CanData ( 2351): ----DoAction:[12][16][6][96][3]
D/CanData ( 2351): ------NPCanDataRxDataRecieveReq::DoAction using NPCanDataComManager thread
D/CanData ( 2351): NPCanDataComManager::checkFrame()
D/CanData ( 2351): save frame start
D/CanData ( 2351): framebufferPtr size is0
D/CanData ( 2351): checkFrame  framebufferPtr size is14
D/CanData ( 2351): NPCanDataHandler::onCanDataRcv:0
D/CanData ( 2351): NPCanDataRcvEvent::NPCanDataRcvEvent
D/CanData ( 2351): NPCanDataRcvEvent::Pack(PBYTE pbyBuf, PINT piBufSize)
D/CanData ( 3744): NPCanDataRcvEvent::NPCanDataRcvEvent(PBYTE pbyBuf, PINT piBufSize)
D/CanBusData( 3744): onRcvCanDataEvent
D/CanBusData( 3744): onRcvCanDataEvent:newnewnewnew[12][16][6][96][3][0][208][0][0][0][0][0][0][85]
D/CanBusData( 3744): onRcvCanDataEvent value is 1632,into switch 
D/CanBusData( 3744): CanBus_SNR_STATUS  INFO 
D/CanBusData( 3744): CanBusData::onSNRInfoChange
D/CanBusData( 3744): CanBusData::NotifyToCallBack19,3,13
D/CanBusData( 3744): CanBusData::NotifyToCallBack19,4,0
D/CanData ( 2351): NPCanDataComManager::pbyData[38]=0,data[13]=117
D/CanData ( 2351): ------NPCanDataRxDataRecieveReq::DoAction
D/CanData ( 2351): ----DoAction:[12][16][6][96][3]
D/CanData ( 2351): ------NPCanDataRxDataRecieveReq::DoAction using NPCanDataComManager thread
D/CanData ( 2351): NPCanDataComManager::checkFrame()
D/CanData ( 2351): save frame start
D/CanData ( 2351): framebufferPtr size is0
D/CanData ( 2351): checkFrame  framebufferPtr size is14
D/CanData ( 2351): NPCanDataHandler::onCanDataRcv:0
D/CanData ( 2351): NPCanDataRcvEvent::NPCanDataRcvEvent
D/CanData ( 2351): NPCanDataRcvEvent::Pack(PBYTE pbyBuf, PINT piBufSize)
D/CanData ( 3744): NPCanDataRcvEvent::NPCanDataRcvEvent(PBYTE pbyBuf, PINT piBufSize)
D/CanBusData( 3744): onRcvCanDataEvent
D/CanBusData( 3744): onRcvCanDataEvent:newnewnewnew[12][16][6][96][3][0][224][0][0][0][0][0][0][101]
D/CanBusData( 3744): onRcvCanDataEvent value is 1632,into switch 
D/CanBusData( 3744): CanBus_SNR_STATUS  INFO 
D/CanBusData( 3744): CanBusData::onSNRInfoChange
D/CanBusData( 3744): CanBusData::NotifyToCallBack19,3,14
D/CanBusData( 3744): CanBusData::NotifyToCallBack19,4,0
D/CanData ( 2351): NPCanDataComManager::pbyData[39]=0,data[13]=134
D/CanData ( 2351): ------NPCanDataRxDataRecieveReq::DoAction
D/CanData ( 2351): ----DoAction:[12][16][6][96][3]
D/CanData ( 2351): ------NPCanDataRxDataRecieveReq::DoAction using NPCanDataComManager thread
D/CanData ( 2351): NPCanDataComManager::checkFrame()
D/CanData ( 2351): save frame start
D/CanData ( 2351): framebufferPtr size is0
D/CanData ( 2351): checkFrame  framebufferPtr size is14
D/CanData ( 2351): NPCanDataHandler::onCanDataRcv:0
D/CanData ( 2351): NPCanDataRcvEvent::NPCanDataRcvEvent
D/CanData ( 2351): NPCanDataRcvEvent::Pack(PBYTE pbyBuf, PINT piBufSize)
D/CanData ( 3744): NPCanDataRcvEvent::NPCanDataRcvEvent(PBYTE pbyBuf, PINT piBufSize)
D/CanBusData( 3744): onRcvCanDataEvent
D/CanBusData( 3744): onRcvCanDataEvent:newnewnewnew[12][16][6][96][3][0][240][0][0][0][0][0][0][117]
D/CanBusData( 3744): onRcvCanDataEvent value is 1632,into switch 
D/CanBusData( 3744): CanBus_SNR_STATUS  INFO 
D/CanBusData( 3744): CanBusData::onSNRInfoChange
D/CanBusData( 3744): CanBusData::NotifyToCallBack19,3,15
D/CanBusData( 3744): CanBusData::NotifyToCallBack19,4,0
D/CanData ( 2351): NPCanDataComManager::pbyData[40]=0,data[13]=135
D/CanData ( 2351): ------NPCanDataRxDataRecieveReq::DoAction
D/CanData ( 2351): ----DoAction:[12][16][6][96][3]
D/CanData ( 2351): ------NPCanDataRxDataRecieveReq::DoAction using NPCanDataComManager thread
D/CanData ( 2351): NPCanDataComManager::checkFrame()
D/CanData ( 2351): save frame start
D/CanData ( 2351): framebufferPtr size is0
D/CanData ( 2351): checkFrame  framebufferPtr size is14
D/CanData ( 2351): NPCanDataHandler::onCanDataRcv:0
D/CanData ( 2351): NPCanDataRcvEvent::NPCanDataRcvEvent
D/CanData ( 2351): NPCanDataRcvEvent::Pack(PBYTE pbyBuf, PINT piBufSize)
D/CanData ( 3744): NPCanDataRcvEvent::NPCanDataRcvEvent(PBYTE pbyBuf, PINT piBufSize)
D/CanBusData( 3744): onRcvCanDataEvent
D/CanBusData( 3744): onRcvCanDataEvent:newnewnewnew[12][16][6][96][3][0][1][0][0][0][0][0][0][134]
D/CanBusData( 3744): onRcvCanDataEvent value is 1632,into switch 
D/CanBusData( 3744): CanBus_SNR_STATUS  INFO 
D/CanBusData( 3744): CanBusData::onSNRInfoChange
D/CanBusData( 3744): CanBusData::NotifyToCallBack19,4,1
D/CanData ( 2351): NPCanDataComManager::pbyData[41]=0,data[13]=136
D/CanData ( 2351): ------NPCanDataRxDataRecieveReq::DoAction
D/CanData ( 2351): ----DoAction:[12][16][6][96][3]
D/CanData ( 2351): ------NPCanDataRxDataRecieveReq::DoAction using NPCanDataComManager thread
D/CanData ( 2351): NPCanDataComManager::checkFrame()
D/CanData ( 2351): save frame start
D/CanData ( 2351): framebufferPtr size is0
D/CanData ( 2351): checkFrame  framebufferPtr size is14
D/CanData ( 2351): NPCanDataHandler::onCanDataRcv:0
D/CanData ( 2351): NPCanDataRcvEvent::NPCanDataRcvEvent
D/CanData ( 2351): NPCanDataRcvEvent::Pack(PBYTE pbyBuf, PINT piBufSize)
D/CanData ( 3744): NPCanDataRcvEvent::NPCanDataRcvEvent(PBYTE pbyBuf, PINT piBufSize)
D/CanBusData( 3744): onRcvCanDataEvent
D/CanBusData( 3744): onRcvCanDataEvent:newnewnewnew[12][16][6][96][3][0][2][0][0][0][0][0][0][135]
D/CanBusData( 3744): onRcvCanDataEvent value is 1632,into switch 
D/CanBusData( 3744): CanBus_SNR_STATUS  INFO 
D/CanBusData( 3744): CanBusData::onSNRInfoChange
D/CanBusData( 3744): CanBusData::NotifyToCallBack19,3,0
D/CanBusData( 3744): CanBusData::NotifyToCallBack19,4,2
D/CanData ( 2351): NPCanDataComManager::pbyData[42]=0,data[13]=145
D/CanData ( 2351): ------NPCanDataRxDataRecieveReq::DoAction
D/CanData ( 2351): ----DoAction:[12][16][6][96][3]
D/CanData ( 2351): ------NPCanDataRxDataRecieveReq::DoAction using NPCanDataComManager thread
D/CanData ( 2351): NPCanDataComManager::checkFrame()
D/CanData ( 2351): save frame start
D/CanData ( 2351): framebufferPtr size is0
D/CanData ( 2351): checkFrame  framebufferPtr size is14
D/CanData ( 2351): NPCanDataHandler::onCanDataRcv:0
D/CanData ( 2351): NPCanDataRcvEvent::NPCanDataRcvEvent
D/CanData ( 2351): NPCanDataRcvEvent::Pack(PBYTE pbyBuf, PINT piBufSize)
D/CanData ( 3744): NPCanDataRcvEvent::NPCanDataRcvEvent(PBYTE pbyBuf, PINT piBufSize)
D/CanBusData( 3744): onRcvCanDataEvent
D/CanBusData( 3744): onRcvCanDataEvent:newnewnewnew[12][16][6][96][3][0][3][0][0][0][0][0][0][136]
D/CanBusData( 3744): onRcvCanDataEvent value is 1632,into switch 
D/CanBusData( 3744): CanBus_SNR_STATUS  INFO 
D/CanBusData( 3744): CanBusData::onSNRInfoChange
D/CanBusData( 3744): CanBusData::NotifyToCallBack19,3,0
D/CanBusData( 3744): CanBusData::NotifyToCallBack19,4,3
D/CanData ( 2351): NPCanDataComManager::pbyData[43]=0,data[13]=146
D/CanData ( 2351): ------NPCanDataRxDataRecieveReq::DoAction
D/CanData ( 2351): ----DoAction:[12][16][6][96][3]
D/CanData ( 2351): ------NPCanDataRxDataRecieveReq::DoAction using NPCanDataComManager thread
D/CanData ( 2351): NPCanDataComManager::checkFrame()
D/CanData ( 2351): save frame start
D/CanData ( 2351): framebufferPtr size is0
D/CanData ( 2351): checkFrame  framebufferPtr size is14
D/CanData ( 2351): NPCanDataHandler::onCanDataRcv:0
D/CanData ( 2351): NPCanDataRcvEvent::NPCanDataRcvEvent
D/CanData ( 2351): NPCanDataRcvEvent::Pack(PBYTE pbyBuf, PINT piBufSize)
D/CanData ( 3744): NPCanDataRcvEvent::NPCanDataRcvEvent(PBYTE pbyBuf, PINT piBufSize)
D/CanBusData( 3744): onRcvCanDataEvent
D/CanBusData( 3744): onRcvCanDataEvent:newnewnewnew[12][16][6][96][3][0][12][0][0][0][0][0][0][145]
D/CanBusData( 3744): onRcvCanDataEvent value is 1632,into switch 
D/CanBusData( 3744): CanBus_SNR_STATUS  INFO 
D/CanBusData( 3744): CanBusData::onSNRInfoChange
D/CanBusData( 3744): CanBusData::NotifyToCallBack19,3,0
D/CanBusData( 3744): CanBusData::NotifyToCallBack19,4,12
D/CanData ( 2351): NPCanDataComManager::pbyData[44]=0,data[13]=147
D/CanData ( 2351): ------NPCanDataRxDataRecieveReq::DoAction
D/CanData ( 2351): ----DoAction:[12][16][6][96][3]
D/CanData ( 2351): ------NPCanDataRxDataRecieveReq::DoAction using NPCanDataComManager thread
D/CanData ( 2351): NPCanDataComManager::checkFrame()
D/CanData ( 2351): save frame start
D/CanData ( 2351): framebufferPtr size is0
D/CanData ( 2351): checkFrame  framebufferPtr size is14
D/CanData ( 2351): NPCanDataHandler::onCanDataRcv:0
D/CanData ( 2351): NPCanDataRcvEvent::NPCanDataRcvEvent
D/CanData ( 2351): NPCanDataRcvEvent::Pack(PBYTE pbyBuf, PINT piBufSize)
D/CanData ( 3744): NPCanDataRcvEvent::NPCanDataRcvEvent(PBYTE pbyBuf, PINT piBufSize)
D/CanBusData( 3744): onRcvCanDataEvent
D/CanBusData( 3744): onRcvCanDataEvent:newnewnewnew[12][16][6][96][3][0][13][0][0][0][0][0][0][146]
D/CanBusData( 3744): onRcvCanDataEvent value is 1632,into switch 
D/CanBusData( 3744): CanBus_SNR_STATUS  INFO 
D/CanBusData( 3744): CanBusData::onSNRInfoChange
D/CanBusData( 3744): CanBusData::NotifyToCallBack19,3,0
D/CanBusData( 3744): CanBusData::NotifyToCallBack19,4,13
D/CanData ( 2351): NPCanDataComManager::pbyData[45]=0,data[13]=148
D/CanData ( 2351): ------NPCanDataRxDataRecieveReq::DoAction
D/CanData ( 2351): ----DoAction:[12][16][6][96][3]
D/CanData ( 2351): ------NPCanDataRxDataRecieveReq::DoAction using NPCanDataComManager thread
D/CanData ( 2351): NPCanDataComManager::checkFrame()
D/CanData ( 2351): save frame start
D/CanData ( 2351): framebufferPtr size is0
D/CanData ( 2351): checkFrame  framebufferPtr size is14
D/CanData ( 2351): NPCanDataHandler::onCanDataRcv:0
D/CanData ( 2351): NPCanDataRcvEvent::NPCanDataRcvEvent
D/CanData ( 2351): NPCanDataRcvEvent::Pack(PBYTE pbyBuf, PINT piBufSize)
D/CanData ( 3744): NPCanDataRcvEvent::NPCanDataRcvEvent(PBYTE pbyBuf, PINT piBufSize)
D/CanBusData( 3744): onRcvCanDataEvent
D/CanBusData( 3744): onRcvCanDataEvent:newnewnewnew[12][16][6][96][3][0][14][0][0][0][0][0][0][147]
D/CanBusData( 3744): onRcvCanDataEvent value is 1632,into switch 
D/CanBusData( 3744): CanBus_SNR_STATUS  INFO 
D/CanBusData( 3744): CanBusData::onSNRInfoChange
D/CanBusData( 3744): CanBusData::NotifyToCallBack19,3,0
D/CanBusData( 3744): CanBusData::NotifyToCallBack19,4,14
D/CanData ( 2351): NPCanDataComManager::pbyData[46]=0,data[13]=149
D/CanData ( 2351): ------NPCanDataRxDataRecieveReq::DoAction
D/CanData ( 2351): ----DoAction:[12][16][6][96][3]
D/CanData ( 2351): ------NPCanDataRxDataRecieveReq::DoAction using NPCanDataComManager thread
D/CanData ( 2351): NPCanDataComManager::checkFrame()
D/CanData ( 2351): save frame start
D/CanData ( 2351): framebufferPtr size is0
D/CanData ( 2351): checkFrame  framebufferPtr size is14
