D/CanData ( 2351): ------NPCanDataRxDataRecieveReq::DoAction using NPCanDataComManager thread
D/CanData ( 2351): NPCanDataComManager::checkFrame()
D/CanData ( 2351): save frame start
D/CanData ( 2351): framebufferPtr size is0
D/CanData ( 2351): checkFrame  framebufferPtr size is14
D/CanData ( 2351): NPCanDataHandler::onCanDataRcv:0
D/CanData ( 2351): NPCanDataRcvEvent::NPCanDataRcvEvent
D/CanData ( 2351): NPCanDataRcvEvent::Pack(PBYTE pbyBuf, PINT piBufSize)
D/CanData ( 3744): NPCanDataRcvEvent::NPCanDataRcvEvent(PBYTE pbyBuf, PINT piBufSize)
D/CanBusData( 3744): onRcvCanDataEvent
D/CanBusData( 3744): onRcvCanDataEvent:newnewnewnew[12][16][6][48][8][0][0][0][0][64][0][0][0][154]
D/CanBusData( 3744): onRcvCanDataEvent value is 1584,into switch 
D/CanBusData( 3744): CanBus_BDY_STATUS  INFO 
D/CanBusData( 3744): CanBusData::onBDYInfoChange
D/CanBusData( 3744): CanBusData::NotifyToCallBack26,19,8
D/CanData ( 2351): NPCanDataComManager::pbyData[93]=0,data[13]=178
D/CanData ( 2351): ------NPCanDataRxDataRecieveReq::DoAction
D/CanData ( 2351): ----DoAction:[12][16][6][48][8]
D/CanData ( 2351): ------NPCanDataRxDataRecieveReq::DoAction using NPCanDataComManager thread
D/CanData ( 2351): NPCanDataComManager::checkFrame()
D/CanData ( 2351): save frame start
D/CanData ( 2351): framebufferPtr size is0
D/CanData ( 2351): checkFrame  framebufferPtr size is14
D/CanData ( 2351): NPCanDataHandler::onCanDataRcv:0
D/CanData ( 2351): NPCanDataRcvEvent::NPCanDataRcvEvent
D/CanData ( 2351): NPCanDataRcvEvent::Pack(PBYTE pbyBuf, PINT piBufSize)
D/CanData ( 3744): NPCanDataRcvEvent::NPCanDataRcvEvent(PBYTE pbyBuf, PINT piBufSize)
D/CanBusData( 3744): onRcvCanDataEvent
D/CanBusData( 3744): onRcvCanDataEvent:newnewnewnew[12][16][6][48][8][0][0][0][0][80][0][0][0][170]
D/CanBusData( 3744): onRcvCanDataEvent value is 1584,into switch 
D/CanBusData( 3744): CanBus_BDY_STATUS  INFO 
D/CanBusData( 3744): CanBusData::onBDYInfoChange
D/CanBusData( 3744): CanBusData::NotifyToCallBack26,19,10
D/CanData ( 2351): NPCanDataComManager::pbyData[94]=0,data[13]=186
D/CanData ( 2351): ------NPCanDataRxDataRecieveReq::DoAction
D/CanData ( 2351): ----DoAction:[12][16][6][48][8]
D/CanData ( 2351): ------NPCanDataRxDataRecieveReq::DoAction using NPCanDataComManager thread
D/CanData ( 2351): NPCanDataComManager::checkFrame()
D/CanData ( 2351): save frame start
D/CanData ( 2351): framebufferPtr size is0
D/CanData ( 2351): checkFrame  framebufferPtr size is14
D/CanData ( 2351): NPCanDataHandler::onCanDataRcv:0
D/CanData ( 2351): NPCanDataRcvEvent::NPCanDataRcvEvent
D/CanData ( 2351): NPCanDataRcvEvent::Pack(PBYTE pbyBuf, PINT piBufSize)
D/CanData ( 3744): NPCanDataRcvEvent::NPCanDataRcvEvent(PBYTE pbyBuf, PINT piBufSize)
D/CanBusData( 3744): onRcvCanDataEvent
D/CanBusData( 3744): onRcvCanDataEvent:newnewnewnew[12][16][6][48][8][0][0][0][0][88][0][0][0][178]
D/CanBusData( 3744): onRcvCanDataEvent value is 1584,into switch 
D/CanBusData( 3744): CanBus_BDY_STATUS  INFO 
D/CanBusData( 3744): CanBusData::onBDYInfoChange
D/CanBusData( 3744): CanBusData::NotifyToCallBack26,19,11
D/CanData ( 2351): NPCanDataComManager::pbyData[95]=0,data[13]=194
D/CanData ( 2351): ------NPCanDataRxDataRecieveReq::DoAction
D/CanData ( 2351): ----DoAction:[12][16][6][48][8]
D/CanData ( 2351): ------NPCanDataRxDataRecieveReq::DoAction using NPCanDataComManager thread
D/CanData ( 2351): NPCanDataComManager::checkFrame()
D/CanData ( 2351): save frame start
D/CanData ( 2351): framebufferPtr size is0
D/CanData ( 2351): checkFrame  framebufferPtr size is14
D/CanData ( 2351): NPCanDataHandler::onCanDataRcv:0
D/CanData ( 2351): NPCanDataRcvEvent::NPCanDataRcvEvent
D/CanData ( 2351): NPCanDataRcvEvent::Pack(PBYTE pbyBuf, PINT piBufSize)
D/CanData ( 3744): NPCanDataRcvEvent::NPCanDataRcvEvent(PBYTE pbyBuf, PINT piBufSize)
D/CanBusData( 3744): onRcvCanDataEvent
D/CanBusData( 3744): onRcvCanDataEvent:newnewnewnew[12][16][6][48][8][0][0][0][0][96][0][0][0][186]
D/CanBusData( 3744): onRcvCanDataEvent value is 1584,into switch 
D/CanBusData( 3744): CanBus_BDY_STATUS  INFO 
D/CanBusData( 3744): CanBusData::onBDYInfoChange
D/CanBusData( 3744): CanBusData::NotifyToCallBack26,19,12
D/CanData ( 2351): NPCanDataComManager::pbyData[96]=0,data[13]=210
D/CanData ( 2351): ------NPCanDataRxDataRecieveReq::DoAction
D/CanData ( 2351): ----DoAction:[12][16][6][48][8]
D/CanData ( 2351): ------NPCanDataRxDataRecieveReq::DoAction using NPCanDataComManager thread
D/CanData ( 2351): NPCanDataComManager::checkFrame()
D/CanData ( 2351): save frame start
D/CanData ( 2351): framebufferPtr size is0
D/CanData ( 2351): checkFrame  framebufferPtr size is14
D/CanData ( 2351): NPCanDataHandler::onCanDataRcv:0
D/CanData ( 2351): NPCanDataRcvEvent::NPCanDataRcvEvent
D/CanData ( 2351): NPCanDataRcvEvent::Pack(PBYTE pbyBuf, PINT piBufSize)
D/CanData ( 3744): NPCanDataRcvEvent::NPCanDataRcvEvent(PBYTE pbyBuf, PINT piBufSize)
D/CanBusData( 3744): onRcvCanDataEvent
D/CanBusData( 3744): onRcvCanDataEvent:newnewnewnew[12][16][6][48][8][0][0][0][0][104][0][0][0][194]
D/CanBusData( 3744): onRcvCanDataEvent value is 1584,into switch 
D/CanBusData( 3744): CanBus_BDY_STATUS  INFO 
D/CanBusData( 3744): CanBusData::onBDYInfoChange
D/CanBusData( 3744): CanBusData::NotifyToCallBack26,19,13
D/CanData ( 2351): NPCanDataComManager::pbyData[97]=0,data[13]=91
D/CanData ( 2351): ------NPCanDataRxDataRecieveReq::DoAction
D/CanData ( 2351): ----DoAction:[12][16][6][48][8]
D/CanData ( 2351): ------NPCanDataRxDataRecieveReq::DoAction using NPCanDataComManager thread
D/CanData ( 2351): NPCanDataComManager::checkFrame()
D/CanData ( 2351): save frame start
D/CanData ( 2351): framebufferPtr size is0
D/CanData ( 2351): checkFrame  framebufferPtr size is14
D/CanData ( 2351): NPCanDataHandler::onCanDataRcv:0
D/CanData ( 2351): NPCanDataRcvEvent::NPCanDataRcvEvent
D/CanData ( 2351): NPCanDataRcvEvent::Pack(PBYTE pbyBuf, PINT piBufSize)
D/CanData ( 3744): NPCanDataRcvEvent::NPCanDataRcvEvent(PBYTE pbyBuf, PINT piBufSize)
D/CanBusData( 3744): onRcvCanDataEvent
D/CanBusData( 3744): onRcvCanDataEvent:newnewnewnew[12][16][6][48][8][0][0][0][0][120][0][0][0][210]
D/CanBusData( 3744): onRcvCanDataEvent value is 1584,into switch 
D/CanBusData( 3744): CanBus_BDY_STATUS  INFO 
D/CanBusData( 3744): CanBusData::onBDYInfoChange
D/CanBusData( 3744): CanBusData::NotifyToCallBack26,19,15
D/CanData ( 2351): NPCanDataComManager::pbyData[98]=0,data[13]=98
D/CanData ( 2351): ------NPCanDataRxDataRecieveReq::DoAction
D/CanData ( 2351): ----DoAction:[12][16][6][48][8]
D/CanData ( 2351): ------NPCanDataRxDataRecieveReq::DoAction using NPCanDataComManager thread
D/CanData ( 2351): NPCanDataComManager::checkFrame()
D/CanData ( 2351): save frame start
D/CanData ( 2351): framebufferPtr size is0
D/CanData ( 2351): checkFrame  framebufferPtr size is14
D/CanData ( 2351): NPCanDataHandler::onCanDataRcv:0
D/CanData ( 2351): NPCanDataRcvEvent::NPCanDataRcvEvent
D/CanData ( 2351): NPCanDataRcvEvent::Pack(PBYTE pbyBuf, PINT piBufSize)
D/CanData ( 3744): NPCanDataRcvEvent::NPCanDataRcvEvent(PBYTE pbyBuf, PINT piBufSize)
D/CanBusData( 3744): onRcvCanDataEvent
D/CanBusData( 3744): onRcvCanDataEvent:newnewnewnew[12][16][6][48][8][0][0][0][0][1][0][0][0][91]
D/CanBusData( 3744): onRcvCanDataEvent value is 1584,into switch 
D/CanBusData( 3744): CanBus_BDY_STATUS  INFO 
D/CanBusData( 3744): CanBusData::onBDYInfoChange
D/CanBusData( 3744): CanBusData::NotifyToCallBack26,19,0
D/CanBusData( 3744): CanBusData::NotifyToCallBack26,20,1
D/CanData ( 2351): NPCanDataComManager::pbyData[99]=0,data[13]=201
D/CanData ( 2351): ------NPCanDataRxDataRecieveReq::DoAction
D/CanData ( 2351): ----DoAction:[12][16][6][48][8]
D/CanData ( 2351): ------NPCanDataRxDataRecieveReq::DoAction using NPCanDataComManager thread
D/CanData ( 2351): NPCanDataComManager::checkFrame()
D/CanData ( 2351): save frame start
D/CanData ( 2351): framebufferPtr size is0
D/CanData ( 2351): checkFrame  framebufferPtr size is14
D/CanData ( 2351): NPCanDataHandler::onCanDataRcv:0
D/CanData ( 2351): NPCanDataRcvEvent::NPCanDataRcvEvent
D/CanData ( 2351): NPCanDataRcvEvent::Pack(PBYTE pbyBuf, PINT piBufSize)
D/CanData ( 3744): NPCanDataRcvEvent::NPCanDataRcvEvent(PBYTE pbyBuf, PINT piBufSize)
D/CanBusData( 3744): onRcvCanDataEvent
D/CanBusData( 3744): onRcvCanDataEvent:newnewnewnew[12][16][6][48][8][0][0][0][0][0][8][0][0][98]
D/CanBusData( 3744): onRcvCanDataEvent value is 1584,into switch 
D/CanBusData( 3744): CanBus_BDY_STATUS  INFO 
D/CanBusData( 3744): CanBusData::onBDYInfoChange
D/CanBusData( 3744): CanBusData::NotifyToCallBack26,20,0
D/CanBusData( 3744): CanBusData::NotifyToCallBack26,24,1
D/CanData ( 2351): NPCanDataComManager::pbyData[100]=0,data[13]=137
D/CanData ( 2351): ------NPCanDataRxDataRecieveReq::DoAction
D/CanData ( 2351): ----DoAction:[12][16][0][37][8]
D/CanData ( 2351): ------NPCanDataRxDataRecieveReq::DoAction using NPCanDataComManager thread
D/CanData ( 2351): NPCanDataComManager::checkFrame()
D/CanData ( 2351): save frame start
D/CanData ( 2351): framebufferPtr size is0
D/CanData ( 2351): checkFrame  framebufferPtr size is14
D/CanData ( 2351): NPCanDataHandler::onCanDataRcv:0
D/CanData ( 2351): NPCanDataRcvEvent::NPCanDataRcvEvent
D/CanData ( 2351): NPCanDataRcvEvent::Pack(PBYTE pbyBuf, PINT piBufSize)
D/CanData ( 3744): NPCanDataRcvEvent::NPCanDataRcvEvent(PBYTE pbyBuf, PINT piBufSize)
D/CanBusData( 3744): onRcvCanDataEvent
D/CanBusData( 3744): onRcvCanDataEvent:newnewnewnew[12][16][0][37][8][128][0][0][0][0][0][0][0][201]
D/CanBusData( 3744): onRcvCanDataEvent value is 37,into switch 
D/CanBusData( 3744): CanBus_STR_STATUS  INFO 
D/CanBusData( 3744): CanBus_STR_STATUS tmptmp:[1][0][0][0][0][0][0][0]
D/CanBusData( 3744): CanBus_STR_STATUS m_STRm_STR:[1][0][0][0][0][0][0][0]
D/CanBusData( 3744): CanBusData::onSTRInfoChange
D/CanBusData( 3744): CanBusData::NotifyToCallBack7,1,1
D/CanData ( 2351): NPCanDataComManager::pbyData[101]=0,data[13]=105
D/CanData ( 2351): ------NPCanDataRxDataRecieveReq::DoAction
D/CanData ( 2351): ----DoAction:[12][16][0][37][8]
D/CanData ( 2351): ------NPCanDataRxDataRecieveReq::DoAction using NPCanDataComManager thread
D/CanData ( 2351): NPCanDataComManager::checkFrame()
D/CanData ( 2351): save frame start
D/CanData ( 2351): framebufferPtr size is0
D/CanData ( 2351): checkFrame  framebufferPtr size is14
D/CanData ( 2351): NPCanDataHandler::onCanDataRcv:0
D/CanData ( 2351): NPCanDataRcvEvent::NPCanDataRcvEvent
D/CanData ( 2351): NPCanDataRcvEvent::Pack(PBYTE pbyBuf, PINT piBufSize)
D/CanData ( 3744): NPCanDataRcvEvent::NPCanDataRcvEvent(PBYTE pbyBuf, PINT piBufSize)
D/CanBusData( 3744): onRcvCanDataEvent
D/CanBusData( 3744): onRcvCanDataEvent:newnewnewnew[12][16][0][37][8][64][0][0][0][0][0][0][0][137]
D/CanBusData( 3744): onRcvCanDataEvent value is 37,into switch 
D/CanBusData( 3744): CanBus_STR_STATUS  INFO 
D/CanBusData( 3744): CanBus_STR_STATUS tmptmp:[0][1][0][0][0][0][0][0]
D/CanBusData( 3744): CanBus_STR_STATUS m_STRm_STR:[0][1][0][0][0][0][0][0]
D/CanBusData( 3744): CanBusData::onSTRInfoChange
D/CanBusData( 3744): CanBusData::NotifyToCallBack7,1,0
D/CanBusData( 3744): CanBusData::NotifyToCallBack7,2,1
D/CanData ( 2351): NPCanDataComManager::pbyData[102]=0,data[13]=0
D/CanData ( 2351): ------NPCanDataRxDataRecieveReq::DoAction
D/CanData ( 2351): ----DoAction:[12][16][0][37][8]
D/CanData ( 2351): ------NPCanDataRxDataRecieveReq::DoAction using NPCanDataComManager thread
D/CanData ( 2351): NPCanDataComManager::checkFrame()
D/CanData ( 2351): save frame start
D/CanData ( 2351): framebufferPtr size is0
D/CanData ( 2351): checkFrame  framebufferPtr size is14
D/CanData ( 2351): NPCanDataHandler::onCanDataRcv:0
D/CanData ( 2351): NPCanDataRcvEvent::NPCanDataRcvEvent
D/CanData ( 2351): NPCanDataRcvEvent::Pack(PBYTE pbyBuf, PINT piBufSize)
D/CanData ( 3744): NPCanDataRcvEvent::NPCanDataRcvEvent(PBYTE pbyBuf, PINT piBufSize)
D/CanBusData( 3744): onRcvCanDataEvent
D/CanBusData( 3744): onRcvCanDataEvent:newnewnewnew[12][16][0][37][8][32][0][0][0][0][0][0][0][105]
D/CanBusData( 3744): onRcvCanDataEvent value is 37,into switch 
D/CanBusData( 3744): CanBus_STR_STATUS  INFO 
D/CanBusData( 3744): CanBus_STR_STATUS tmptmp:[0][0][1][0][0][0][0][0]
D/CanBusData( 3744): CanBus_STR_STATUS m_STRm_STR:[0][0][1][0][0][0][0][0]
D/CanBusData( 3744): CanBusData::onSTRInfoChange
D/CanBusData( 3744): CanBusData::NotifyToCallBack7,2,0
D/CanBusData( 3744): CanBusData::NotifyToCallBack7,3,1
D/CanData ( 2351): NPCanDataComManager::pbyData[102]=0,data[13]=0
D/CanData ( 2351): NPCanDataComManager::pbyData[102]=0,data[13]=0
D/CanData ( 2351): NPCanDataComManager::pbyData[102]=0,data[13]=0
D/CanData ( 2351): NPCanDataComManager::pbyData[102]=0,data[13]=0
D/CanData ( 2351): NPCanDataComManager::pbyData[102]=0,data[13]=0
D/CanData ( 2351): NPCanDataComManager::pbyData[102]=0,data[13]=0
D/CanData ( 2351): NPCanDataComManager::pbyData[102]=0,data[13]=0
D/CanData ( 2351): NPCanDataComManager::pbyData[102]=0,data[13]=0
D/CanData ( 2351): NPCanDataComManager::pbyData[102]=0,data[13]=0
D/CanData ( 2351): NPCanDataComManager::pbyData[102]=0,data[13]=0
D/CanData ( 2351): NPCanDataComManager::pbyData[102]=0,data[13]=0
D/CanData ( 2351): NPCanDataComManager::pbyData[102]=0,data[13]=0
D/CanData ( 2351): NPCanDataComManager::pbyData[102]=0,data[13]=0
D/CanData ( 2351): NPCanDataComManager::pbyData[102]=0,data[13]=0
D/CanData ( 2351): NPCanDataComManager::pbyData[102]=0,data[13]=0
D/CanData ( 2351): NPCanDataComManager::pbyData[102]=0,data[13]=0
D/CanData ( 2351): NPCanDataComManager::pbyData[102]=0,data[13]=0
D/CanData ( 2351): NPCanDataComManager::pbyData[102]=0,data[13]=0
D/CanData ( 2351): NPCanDataComManager::pbyData[102]=0,data[13]=0
D/CanData ( 2351): NPCanDataComManager::pbyData[102]=0,data[13]=0
D/CanData ( 2351): NPCanDataComManager::pbyData[102]=0,data[13]=0
D/CanData ( 2351): NPCanDataComManager::pbyData[102]=0,data[13]=0
D/CanData ( 2351): NPCanDataComManager::pbyData[102]=0,data[13]=0
D/CanData ( 2351): NPCanDataComManager::pbyData[102]=0,data[13]=0
D/CanData ( 2351): NPCanDataComManager::pbyData[102]=0,data[13]=0
D/CanData ( 2351): NPCanDataComManager::pbyData[102]=0,data[13]=0
D/CanData ( 2351): NPCanDataComManager::pbyData[102]=0,data[13]=0
D/CanData ( 2351): NPCanDataComManager::pbyData[102]=0,data[13]=0
D/CanData ( 2351): NPCanDataComManager::pbyData[102]=0,data[13]=0
D/CanData ( 2351): NPCanDataComManager::pbyData[102]=0,data[13]=0
D/CanData ( 2351): NPCanDataComManager::pbyData[102]=0,data[13]=0
D/CanData ( 2351): NPCanDataComManager::pbyData[102]=0,data[13]=0
D/CanData ( 2351): NPCanDataComManager::pbyData[102]=0,data[13]=0
D/CanData ( 2351): NPCanDataComManager::pbyData[102]=0,data[13]=0
D/CanData ( 2351): NPCanDataComManager::pbyData[102]=0,data[13]=0
D/CanData ( 2351): NPCanDataComManager::pbyData[102]=0,data[13]=0
D/CanData ( 2351): NPCanDataComManager::pbyData[102]=0,data[13]=0
D/CanData ( 2351): NPCanDataComManager::pbyData[102]=0,data[13]=0
D/CanData ( 2351): NPCanDataComManager::pbyData[102]=0,data[13]=0
D/CanData ( 2351): NPCanDataComManager::pbyData[102]=0,data[13]=0
D/CanData ( 2351): NPCanDataComManager::pbyData[102]=0,data[13]=0
D/CanData ( 2351): NPCanDataComManager::pbyData[102]=0,data[13]=0
D/CanData ( 2351): NPCanDataComManager::pbyData[102]=0,data[13]=0
D/CanData ( 2351): NPCanDataComManager::pbyData[102]=0,data[13]=0
D/CanData ( 2351): NPCanDataComManager::pbyData[102]=0,data[13]=0
D/CanData ( 2351): NPCanDataComManager::pbyData[102]=0,data[13]=0
D/CanData ( 2351): NPCanDataComManager::pbyData[102]=0,data[13]=0
D/CanData ( 2351): NPCanDataComManager::pbyData[102]=0,data[13]=0
D/CanData ( 2351): NPCanDataComManager::pbyData[102]=0,data[13]=0
D/CanData ( 2351): NPCanDataComManager::pbyData[102]=0,data[13]=0
D/CanData ( 2351): NPCanDataComManager::pbyData[102]=0,data[13]=0
D/CanData ( 2351): NPCanDataComManager::pbyData[102]=0,data[13]=0
D/CanData ( 2351): NPCanDataComManager::pbyData[102]=0,data[13]=0
D/CanData ( 2351): NPCanDataComManager::pbyData[102]=0,data[13]=0
D/CanData ( 2351): NPCanDataComManager::pbyData[102]=0,data[13]=0
D/CanData ( 2351): NPCanDataComManager::pbyData[102]=0,data[13]=0
D/CanData ( 2351): NPCanDataComManager::pbyData[102]=0,data[13]=0
D/CanData ( 2351): NPCanDataComManager::pbyData[102]=0,data[13]=0
D/CanData ( 2351): NPCanDataComManager::pbyData[102]=0,data[13]=0
D/CanData ( 2351): NPCanDataComManager::pbyData[102]=0,data[13]=0
D/CanData ( 2351): NPCanDataComManager::pbyData[102]=0,data[13]=0
D/CanData ( 2351): NPCanDataComManager::pbyData[102]=0,data[13]=0
D/CanData ( 2351): NPCanDataComManager::pbyData[102]=0,data[13]=0
D/CanData ( 2351): NPCanDataComManager::pbyData[102]=0,data[13]=0
D/CanData ( 2351): NPCanDataComManager::pbyData[102]=0,data[13]=0
D/CanData ( 2351): NPCanDataComManager::pbyData[102]=0,data[13]=0
D/CanData ( 2351): NPCanDataComManager::pbyData[102]=0,data[13]=0
D/CanData ( 2351): NPCanDataComManager::pbyData[102]=0,data[13]=0
D/CanData ( 2351): NPCanDataComManager::pbyData[102]=0,data[13]=0
D/CanData ( 2351): NPCanDataComManager::pbyData[102]=0,data[13]=0
D/CanData ( 2351): NPCanDataComManager::pbyData[102]=0,data[13]=0
D/CanData ( 2351): NPCanDataComManager::pbyData[102]=0,data[13]=0
D/CanData ( 2351): NPCanDataComManager::pbyData[102]=0,data[13]=0
D/CanData ( 2351): NPCanDataComManager::pbyData[102]=0,data[13]=0
D/CanData ( 2351): NPCanDataComManager::pbyData[102]=0,data[13]=0
D/CanData ( 2351): NPCanDataComManager::pbyData[102]=0,data[13]=0
D/CanData ( 2351): NPCanDataComManager::pbyData[102]=0,data[13]=0
D/CanData ( 2351): NPCanDataComManager::pbyData[102]=0,data[13]=0
D/CanData ( 2351): NPCanDataComManager::pbyData[102]=0,data[13]=0
D/CanData ( 2351): NPCanDataComManager::pbyData[102]=0,data[13]=0
D/CanData ( 2351): NPCanDataComManager::pbyData[102]=0,data[13]=0
D/CanData ( 2351): NPCanDataComManager::pbyData[102]=0,data[13]=0
D/CanData ( 2351): NPCanDataComManager::pbyData[102]=0,data[13]=0
D/CanData ( 2351): NPCanDataComManager::pbyData[102]=0,data[13]=0
D/CanData ( 2351): NPCanDataComManager::pbyData[102]=0,data[13]=0
D/CanData ( 2351): NPCanDataComManager::pbyData[102]=0,data[13]=0
D/CanData ( 2351): NPCanDataComManager::pbyData[102]=0,data[13]=0
D/CanData ( 2351): NPCanDataComManager::pbyData[102]=0,data[13]=0
D/CanData ( 2351): NPCanDataComManager::pbyData[102]=0,data[13]=0
D/CanData ( 2351): NPCanDataComManager::pbyData[102]=0,data[13]=0
D/CanData ( 2351): NPCanDataComManager::pbyData[102]=0,data[13]=0
D/CanData ( 2351): NPCanDataComManager::pbyData[102]=0,data[13]=0
D/CanData ( 2351): NPCanDataComManager::pbyData[102]=0,data[13]=0
D/CanData ( 2351): NPCanDataComManager::pbyData[102]=0,data[13]=0
D/CanData ( 2351): NPCanDataComManager::pbyData[102]=0,data[13]=0
D/CanData ( 2351): NPCanDataComManager::pbyData[102]=0,data[13]=0
D/CanData ( 2351): NPCanDataComManager::pbyData[102]=0,data[13]=0
D/CanData ( 2351): NPCanDataComManager::pbyData[102]=0,data[13]=0
D/CanData ( 2351): NPCanDataComManager::pbyData[102]=0,data[13]=0
D/CanData ( 2351): NPCanDataComManager::pbyData[102]=0,data[13]=0
D/CanData ( 2351): NPCanDataComManager::pbyData[102]=0,data[13]=0
D/CanData ( 2351): NPCanDataComManager::pbyData[102]=0,data[13]=0
D/CanData ( 2351): NPCanDataComManager::pbyData[102]=0,data[13]=0
D/CanData ( 2351): NPCanDataComManager::pbyData[102]=0,data[13]=0
D/CanData ( 2351): NPCanDataComManager::pbyData[102]=0,data[13]=0
D/CanData ( 2351): NPCanDataComManager::pbyData[102]=0,data[13]=0
D/CanData ( 2351): NPCanDataComManager::pbyData[102]=0,data[13]=0
D/CanData ( 2351): NPCanDataComManager::pbyData[102]=0,data[13]=0
D/CanData ( 2351): NPCanDataComManager::pbyData[102]=0,data[13]=0
D/CanData ( 2351): NPCanDataComManager::pbyData[102]=0,data[13]=0
D/CanData ( 2351): NPCanDataComManager::pbyData[102]=0,data[13]=0
D/CanData ( 2351): NPCanDataComManager::pbyData[102]=0,data[13]=0
D/CanData ( 2351): NPCanDataComManager::pbyData[102]=0,data[13]=0
D/CanData ( 2351): NPCanDataComManager::pbyData[102]=0,data[13]=0
D/CanData ( 2351): NPCanDataComManager::pbyData[102]=0,data[13]=0
D/CanData ( 2351): NPCanDataComManager::pbyData[102]=0,data[13]=0
D/CanData ( 2351): NPCanDataComManager::pbyData[102]=0,data[13]=0
D/CanData ( 2351): NPCanDataComManager::pbyData[102]=0,data[13]=0
D/CanData ( 2351): NPCanDataComManager::pbyData[102]=0,data[13]=0
D/CanData ( 2351): NPCanDataComManager::pbyData[102]=0,data[13]=0
D/CanData ( 2351): NPCanDataComManager::pbyData[102]=0,data[13]=0
D/CanData ( 2351): NPCanDataComManager::pbyData[102]=0,data[13]=0
D/CanData ( 2351): NPCanDataComManager::pbyData[102]=0,data[13]=0
D/CanData ( 2351): NPCanDataComManager::pbyData[102]=0,data[13]=0
D/CanData ( 2351): NPCanDataComManager::pbyData[102]=0,data[13]=0
D/CanData ( 2351): NPCanDataComManager::pbyData[102]=0,data[13]=0
D/CanData ( 2351): NPCanDataComManager::pbyData[102]=0,data[13]=0
D/CanData ( 2351): NPCanDataComManager::pbyData[102]=0,data[13]=0
D/CanData ( 2351): NPCanDataComManager::pbyData[102]=0,data[13]=0
D/CanData ( 2351): NPCanDataComManager::pbyData[102]=0,data[13]=0
D/CanData ( 2351): NPCanDataComManager::pbyData[102]=0,data[13]=0
D/CanData ( 2351): NPCanDataComManager::pbyData[102]=0,data[13]=0
D/CanData ( 2351): NPCanDataComManager::pbyData[102]=0,data[13]=0
D/CanData ( 2351): NPCanDataComManager::pbyData[102]=0,data[13]=0
D/CanData ( 2351): NPCanDataComManager::pbyData[102]=0,data[13]=0
D/CanData ( 2351): NPCanDataComManager::pbyData[102]=0,data[13]=0
D/CanData ( 2351): NPCanDataComManager::pbyData[102]=0,data[13]=0
D/CanData ( 2351): NPCanDataComManager::pbyData[102]=0,data[13]=0
D/CanData ( 2351): NPCanDataComManager::pbyData[102]=0,data[13]=0
D/CanData ( 2351): NPCanDataComManager::pbyData[102]=0,data[13]=0
D/CanData ( 2351): NPCanDataComManager::pbyData[102]=0,data[13]=0
D/CanData ( 2351): NPCanDataComManager::pbyData[102]=0,data[13]=0
D/CanData ( 2351): NPCanDataComManager::pbyData[102]=0,data[13]=0
D/CanData ( 2351): NPCanDataComManager::pbyData[102]=0,data[13]=0
D/CanData ( 2351): NPCanDataComManager::pbyData[102]=0,data[13]=0
D/CanData ( 2351): NPCanDataComManager::pbyData[102]=0,data[13]=0
D/CanData ( 2351): NPCanDataComManager::pbyData[102]=0,data[13]=0
D/CanData ( 2351): NPCanDataComManager::pbyData[102]=0,data[13]=0
D/CanData ( 2351): NPCanDataComManager::pbyData[102]=0,data[13]=0
D/CanData ( 2351): NPCanDataComManager::pbyData[102]=0,data[13]=0
D/CanData ( 2351): NPCanDataComManager::pbyData[102]=0,data[13]=0
D/CanData ( 2351): NPCanDataComManager::pbyData[102]=0,data[13]=0
D/CanData ( 2351): NPCanDataComManager::pbyData[102]=0,data[13]=0
D/CanData ( 2351): NPCanDataComManager::pbyData[102]=0,data[13]=0
D/CanData ( 2351): NPCanDataComManager::pbyData[102]=0,data[13]=0
D/CanData ( 2351): NPCanDataComManager::pbyData[102]=0,data[13]=0
D/CanData ( 2351): NPCanDataComManager::pbyData[102]=0,data[13]=0
D/CanData ( 2351): NPCanDataComManager::pbyData[102]=0,data[13]=0
D/CanData ( 2351): NPCanDataComManager::pbyData[102]=0,data[13]=0
D/CanData ( 2351): NPCanDataComManager::pbyData[102]=0,data[13]=0
D/CanData ( 2351): NPCanDataComManager::pbyData[102]=0,data[13]=0
D/CanData ( 2351): NPCanDataComManager::pbyData[102]=0,data[13]=0
D/CanData ( 2351): NPCanDataComManager::pbyData[102]=0,data[13]=0
D/CanData ( 2351): NPCanDataComManager::pbyData[102]=0,data[13]=0
D/CanData ( 2351): NPCanDataComManager::pbyData[102]=0,data[13]=0
D/CanData ( 2351): NPCanDataComManager::pbyData[102]=0,data[13]=0
D/CanData ( 2351): NPCanDataComManager::pbyData[102]=0,data[13]=0
D/CanData ( 2351): NPCanDataComManager::pbyData[102]=0,data[13]=0
D/CanData ( 2351): NPCanDataComManager::pbyData[102]=0,data[13]=0
D/CanData ( 2351): NPCanDataComManager::pbyData[102]=0,data[13]=0
D/CanData ( 2351): NPCanDataComManager::pbyData[102]=0,data[13]=0
D/CanData ( 2351): NPCanDataComManager::pbyData[102]=0,data[13]=0
D/CanData ( 2351): NPCanDataComManager::pbyData[102]=0,data[13]=0
D/CanData ( 2351): NPCanDataComManager::pbyData[102]=0,data[13]=0
D/CanData ( 2351): NPCanDataComManager::pbyData[102]=0,data[13]=0
D/CanData ( 2351): NPCanDataComManager::pbyData[102]=0,data[13]=0
D/CanData ( 2351): NPCanDataComManager::pbyData[102]=0,data[13]=0
D/CanData ( 2351): NPCanDataComManager::pbyData[102]=0,data[13]=0
D/CanData ( 2351): NPCanDataComManager::pbyData[102]=0,data[13]=0
D/CanData ( 2351): NPCanDataComManager::pbyData[102]=0,data[13]=0
D/CanData ( 2351): NPCanDataComManager::pbyData[102]=0,data[13]=0
D/CanData ( 2351): NPCanDataComManager::pbyData[102]=0,data[13]=0
D/CanData ( 2351): NPCanDataComManager::pbyData[102]=0,data[13]=0
D/CanData ( 2351): NPCanDataComManager::pbyData[102]=0,data[13]=0
D/CanData ( 2351): NPCanDataComManager::pbyData[102]=0,data[13]=0
D/CanData ( 2351): NPCanDataComManager::pbyData[102]=0,data[13]=0
D/CanData ( 2351): NPCanDataComManager::pbyData[102]=0,data[13]=0
D/CanData ( 2351): NPCanDataComManager::pbyData[102]=0,data[13]=0
D/CanData ( 2351): NPCanDataComManager::pbyData[102]=0,data[13]=0
D/CanData ( 2351): NPCanDataComManager::pbyData[102]=0,data[13]=0
D/CanData ( 2351): NPCanDataComManager::pbyData[102]=0,data[13]=0
D/CanData ( 2351): NPCanDataComManager::pbyData[102]=0,data[13]=0
D/CanData ( 2351): NPCanDataComManager::pbyData[102]=0,data[13]=0
D/CanData ( 2351): NPCanDataComManager::pbyData[102]=0,data[13]=0
D/CanData ( 2351): NPCanDataComManager::pbyData[102]=0,data[13]=0
D/CanData ( 2351): NPCanDataComManager::pbyData[102]=0,data[13]=0
D/CanData ( 2351): NPCanDataComManager::pbyData[102]=0,data[13]=0
D/CanData ( 2351): NPCanDataComManager::pbyData[102]=0,data[13]=0
D/CanData ( 2351): NPCanDataComManager::pbyData[102]=0,data[13]=0
D/CanData ( 2351): NPCanDataComManager::pbyData[102]=0,data[13]=0
D/CanData ( 2351): NPCanDataComManager::pbyData[102]=0,data[13]=0
D/CanData ( 2351): NPCanDataComManager::pbyData[102]=0,data[13]=0
D/CanData ( 2351): NPCanDataComManager::pbyData[102]=0,data[13]=0
D/CanData ( 2351): NPCanDataComManager::pbyData[102]=0,data[13]=0
D/CanData ( 2351): NPCanDataComManager::pbyData[102]=0,data[13]=0
D/CanData ( 2351): NPCanDataComManager::pbyData[102]=0,data[13]=0
D/CanData ( 2351): NPCanDataComManager::pbyData[102]=0,data[13]=0
D/CanData ( 2351): NPCanDataComManager::pbyData[102]=0,data[13]=0
D/CanData ( 2351): NPCanDataComManager::pbyData[102]=0,data[13]=0
D/CanData ( 2351): NPCanDataComManager::pbyData[102]=0,data[13]=0
D/CanData ( 2351): NPCanDataComManager::pbyData[102]=0,data[13]=0
D/CanData ( 2351): NPCanDataComManager::pbyData[102]=0,data[13]=0
D/CanData ( 2351): NPCanDataComManager::pbyData[102]=0,data[13]=0
D/CanData ( 2351): NPCanDataComManager::pbyData[102]=0,data[13]=0
D/CanData ( 2351): NPCanDataComManager::pbyData[102]=0,data[13]=0
D/CanData ( 2351): NPCanDataComManager::pbyData[102]=0,data[13]=0
D/CanData ( 2351): NPCanDataComManager::pbyData[102]=0,data[13]=0
D/CanData ( 2351): NPCanDataComManager::pbyData[102]=0,data[13]=0
D/CanData ( 2351): NPCanDataComManager::pbyData[102]=0,data[13]=0
D/CanData ( 2351): NPCanDataComManager::pbyData[102]=0,data[13]=0
D/CanData ( 2351): NPCanDataComManager::pbyData[102]=0,data[13]=0
D/CanData ( 2351): NPCanDataComManager::pbyData[102]=0,data[13]=0
D/CanData ( 2351): NPCanDataComManager::pbyData[102]=0,data[13]=0
D/CanData ( 2351): NPCanDataComManager::pbyData[102]=0,data[13]=0
D/CanData ( 2351): NPCanDataComManager::pbyData[102]=0,data[13]=0
D/CanData ( 2351): NPCanDataComManager::pbyData[102]=0,data[13]=0
D/CanData ( 2351): NPCanDataComManager::pbyData[102]=0,data[13]=0
D/CanData ( 2351): NPCanDataComManager::pbyData[102]=0,data[13]=0
D/CanData ( 2351): NPCanDataComManager::pbyData[102]=0,data[13]=0
D/CanData ( 2351): NPCanDataComManager::pbyData[102]=0,data[13]=0
D/CanData ( 2351): NPCanDataComManager::pbyData[102]=0,data[13]=0
D/CanData ( 2351): NPCanDataComManager::pbyData[102]=0,data[13]=0
D/CanData ( 2351): NPCanDataComManager::pbyData[102]=0,data[13]=0
D/CanData ( 2351): NPCanDataComManager::pbyData[102]=0,data[13]=0
D/CanData ( 2351): NPCanDataComManager::pbyData[102]=0,data[13]=0
D/CanData ( 2351): NPCanDataComManager::pbyData[102]=0,data[13]=0
D/CanData ( 2351): NPCanDataComManager::pbyData[102]=0,data[13]=0
D/CanData ( 2351): NPCanDataComManager::pbyData[102]=0,data[13]=0
D/CanData ( 2351): NPCanDataComManager::pbyData[102]=0,data[13]=0
D/CanData ( 2351): NPCanDataComManager::pbyData[102]=0,data[13]=0
D/CanData ( 2351): NPCanDataComManager::pbyData[102]=0,data[13]=0
D/CanData ( 2351): NPCanDataComManager::pbyData[102]=0,data[13]=0
D/CanData ( 2351): NPCanDataComManager::pbyData[102]=0,data[13]=0
D/CanData ( 2351): NPCanDataComManager::pbyData[102]=0,data[13]=0
D/CanData ( 2351): NPCanDataComManager::pbyData[102]=0,data[13]=0
D/CanData ( 2351): NPCanDataComManager::pbyData[102]=0,data[13]=0
D/CanData ( 2351): NPCanDataComManager::pbyData[102]=0,data[13]=0
D/CanData ( 2351): NPCanDataComManager::pbyData[102]=0,data[13]=0
D/CanData ( 2351): NPCanDataComManager::pbyData[102]=0,data[13]=0
D/CanData ( 2351): NPCanDataComManager::pbyData[102]=0,data[13]=0
D/CanData ( 2351): NPCanDataComManager::pbyData[102]=0,data[13]=0
D/CanData ( 2351): NPCanDataComManager::pbyData[102]=0,data[13]=0
D/CanData ( 2351): NPCanDataComManager::pbyData[102]=0,data[13]=0
D/CanData ( 2351): NPCanDataComManager::pbyData[102]=0,data[13]=0
D/CanData ( 2351): NPCanDataComManager::pbyData[102]=0,data[13]=0
D/CanData ( 2351): NPCanDataComManager::pbyData[102]=0,data[13]=0
D/CanData ( 2351): NPCanDataComManager::pbyData[102]=0,data[13]=0
D/CanData ( 2351): NPCanDataComManager::pbyData[102]=0,data[13]=0
D/CanData ( 2351): NPCanDataComManager::pbyData[102]=0,data[13]=0
D/CanData ( 2351): NPCanDataComManager::pbyData[102]=0,data[13]=0
D/CanData ( 2351): NPCanDataComManager::pbyData[102]=0,data[13]=0
D/CanData ( 2351): NPCanDataComManager::pbyData[102]=0,data[13]=0
D/CanData ( 2351): NPCanDataComManager::pbyData[102]=0,data[13]=0
D/CanData ( 2351): NPCanDataComManager::pbyData[102]=0,data[13]=0
D/CanData ( 2351): NPCanDataComManager::pbyData[102]=0,data[13]=0
D/CanData ( 2351): NPCanDataComManager::pbyData[102]=0,data[13]=0
D/CanData ( 2351): NPCanDataComManager::pbyData[102]=0,data[13]=0
D/CanData ( 2351): NPCanDataComManager::pbyData[102]=0,data[13]=0
D/CanData ( 2351): NPCanDataComManager::pbyData[102]=0,data[13]=0
D/CanData ( 2351): NPCanDataComManager::pbyData[102]=0,data[13]=0
D/CanData ( 2351): NPCanDataComManager::pbyData[102]=0,data[13]=0
D/CanData ( 2351): NPCanDataComManager::pbyData[102]=0,data[13]=0
D/CanData ( 2351): NPCanDataComManager::pbyData[102]=0,data[13]=0
D/CanData ( 2351): NPCanDataComManager::pbyData[102]=0,data[13]=0
D/CanData ( 2351): NPCanDataComManager::pbyData[102]=0,data[13]=0
D/CanData ( 2351): NPCanDataComManager::pbyData[102]=0,data[13]=0
D/CanData ( 2351): NPCanDataComManager::pbyData[102]=0,data[13]=0
D/CanData ( 2351): NPCanDataComManager::pbyData[102]=0,data[13]=0
D/CanData ( 2351): NPCanDataComManager::pbyData[102]=0,data[13]=0
D/CanData ( 2351): NPCanDataComManager::pbyData[102]=0,data[13]=0
D/CanData ( 2351): NPCanDataComManager::pbyData[102]=0,data[13]=0
D/CanData ( 2351): NPCanDataComManager::pbyData[102]=0,data[13]=0
D/CanData ( 2351): NPCanDataComManager::pbyData[102]=0,data[13]=0
D/CanData ( 2351): NPCanDataComManager::pbyData[102]=0,data[13]=0
D/CanData ( 2351): NPCanDataComManager::pbyData[102]=0,data[13]=0
D/CanData ( 2351): NPCanDataComManager::pbyData[102]=0,data[13]=0
D/CanData ( 2351): NPCanDataComManager::pbyData[102]=0,data[13]=0
D/CanData ( 2351): NPCanDataComManager::pbyData[102]=0,data[13]=0
D/CanData ( 2351): NPCanDataComManager::pbyData[102]=0,data[13]=0
D/CanData ( 2351): NPCanDataComManager::pbyData[102]=0,data[13]=0
D/CanData ( 2351): NPCanDataComManager::pbyData[102]=0,data[13]=0
D/CanData ( 2351): NPCanDataComManager::pbyData[102]=0,data[13]=0
