D/CanData ( 2380): NPCanDataComManager::getDataFromDevice()1
D/CanData ( 2380): SIZE OF DATA [14]
D/CanData ( 2380): NPCanDataHandler::onCanDataRcv
D/CanData ( 2380): NPCanDataRcvEvent::NPCanDataRcvEvent
D/CanData ( 2380): NPCanDataRcvEvent::Pack(PBYTE pbyBuf, PINT piBufSize)
D/CanData ( 2380): NPCanDataComManager::checkFrame(), END curPos:0
D/CanData ( 2388): NPCanDataRcvEvent::NPCanDataRcvEvent(PBYTE pbyBuf, PINT piBufSize)
D/CanBusData( 2388): onRcvCanDataEvent
D/CanBusData( 2388): onRcvCanDataEvent:newnewnewnew[12][16][0][72][7][0][4][0][0][0][0][0][0][0]
D/CanBusData( 2388): onRcvCanDataEvent value is 72,into switch 
D/CanBusData( 2388): CanBus_CHKENG_STATUS  INFO 
D/CanBusData( 2388): CanBusData::onCHKENGInfoChange 
D/CanBusData( 2388): CanBusData::NotifyToCallBack6,4,1
D/CanBusPlayer( 2388): CanBusPlayerService::CanDataCallBack
D/CanBusPlayer( 2388): CanBusPlayerService::notifyAllClient
D/CanBusData( 2388): CanBusData::mCallBack is null
D/CanBusPlayer( 2388): CanBusClient add
D/CanBusPlayer( 2388): CanBusPlayer construct(mPid=3261,mUID=10001)
D/CanBusPlayer( 2388): CanBusPlayer registerClient
D/CanData ( 2380): NPCanDataComManager::getDataFromDevice()2
D/CanData ( 2380): SIZE OF DATA [14]
D/CanData ( 2380): NPCanDataHandler::onCanDataRcv
D/CanData ( 2380): NPCanDataRcvEvent::NPCanDataRcvEvent
D/CanData ( 2380): NPCanDataRcvEvent::Pack(PBYTE pbyBuf, PINT piBufSize)
D/CanData ( 2380): NPCanDataComManager::checkFrame(), END curPos:0
D/CanData ( 2388): NPCanDataRcvEvent::NPCanDataRcvEvent(PBYTE pbyBuf, PINT piBufSize)
D/CanBusData( 2388): onRcvCanDataEvent
D/CanBusData( 2388): onRcvCanDataEvent:newnewnewnew[12][16][0][72][7][0][8][0][0][0][0][0][0][0]
D/CanBusData( 2388): onRcvCanDataEvent value is 72,into switch 
D/CanBusData( 2388): CanBus_CHKENG_STATUS  INFO 
D/CanBusData( 2388): CanBusData::onCHKENGInfoChange 
D/CanBusData( 2388): CanBusData::NotifyToCallBack6,4,2
D/CanBusPlayer( 2388): CanBusPlayerService::CanDataCallBack
D/CanBusPlayer( 2388): CanBusPlayerService::notifyAllClient
D/CanBusPlayer( 2388): CanBusPlayerService::CanBusPlayer::notify pid is 2388 
D/CanBusData( 2388): CanBusData::mCallBack is null
D/CanData ( 2380): NPCanDataComManager::getDataFromDevice()3
D/CanData ( 2380): SIZE OF DATA [14]
D/CanData ( 2380): NPCanDataHandler::onCanDataRcv
D/CanData ( 2380): NPCanDataRcvEvent::NPCanDataRcvEvent
D/CanData ( 2380): NPCanDataRcvEvent::Pack(PBYTE pbyBuf, PINT piBufSize)
D/CanData ( 2380): NPCanDataComManager::checkFrame(), END curPos:0
D/CanData ( 2388): NPCanDataRcvEvent::NPCanDataRcvEvent(PBYTE pbyBuf, PINT piBufSize)
D/CanBusData( 2388): onRcvCanDataEvent
D/CanBusData( 2388): onRcvCanDataEvent:newnewnewnew[12][16][0][72][7][0][12][0][0][0][0][0][0][0]
D/CanBusData( 2388): onRcvCanDataEvent value is 72,into switch 
D/CanBusData( 2388): CanBus_CHKENG_STATUS  INFO 
D/CanBusData( 2388): CanBusData::onCHKENGInfoChange 
D/CanBusData( 2388): CanBusData::NotifyToCallBack6,4,3
D/CanBusPlayer( 2388): CanBusPlayerService::CanDataCallBack
D/CanBusPlayer( 2388): CanBusPlayerService::notifyAllClient
D/CanBusPlayer( 2388): CanBusPlayerService::CanBusPlayer::notify pid is 2388 
D/CanBusData( 2388): CanBusData::mCallBack is null
D/CanData ( 2380): NPCanDataComManager::getDataFromDevice()4
D/CanData ( 2380): SIZE OF DATA [14]
D/CanData ( 2380): NPCanDataHandler::onCanDataRcv
D/CanData ( 2380): NPCanDataRcvEvent::NPCanDataRcvEvent
D/CanData ( 2380): NPCanDataRcvEvent::Pack(PBYTE pbyBuf, PINT piBufSize)
D/CanData ( 2380): NPCanDataComManager::checkFrame(), END curPos:0
D/CanData ( 2388): NPCanDataRcvEvent::NPCanDataRcvEvent(PBYTE pbyBuf, PINT piBufSize)
D/CanBusData( 2388): onRcvCanDataEvent
D/CanBusData( 2388): onRcvCanDataEvent:newnewnewnew[12][16][0][72][7][0][28][0][0][0][0][0][0][0]
D/CanBusData( 2388): onRcvCanDataEvent value is 72,into switch 
D/CanBusData( 2388): CanBus_CHKENG_STATUS  INFO 
D/CanBusData( 2388): CanBusData::onCHKENGInfoChange 
D/CanBusData( 2388): CanBusData::NotifyToCallBack6,4,7
D/CanBusPlayer( 2388): CanBusPlayerService::CanDataCallBack
D/CanBusPlayer( 2388): CanBusPlayerService::notifyAllClient
D/CanBusPlayer( 2388): CanBusPlayerService::CanBusPlayer::notify pid is 2388 
D/CanBusData( 2388): CanBusData::mCallBack is null
D/CanData ( 2380): NPCanDataComManager::getDataFromDevice()5
D/CanData ( 2380): SIZE OF DATA [14]
D/CanData ( 2380): NPCanDataHandler::onCanDataRcv
D/CanData ( 2380): NPCanDataRcvEvent::NPCanDataRcvEvent
D/CanData ( 2380): NPCanDataRcvEvent::Pack(PBYTE pbyBuf, PINT piBufSize)
D/CanData ( 2380): NPCanDataComManager::checkFrame(), END curPos:0
D/CanData ( 2388): NPCanDataRcvEvent::NPCanDataRcvEvent(PBYTE pbyBuf, PINT piBufSize)
D/CanBusData( 2388): onRcvCanDataEvent
D/CanBusData( 2388): onRcvCanDataEvent:newnewnewnew[12][16][0][73][6][0][0][0][0][0][0][0][0][0]
D/CanBusData( 2388): onRcvCanDataEvent value is 73,into switch 
D/CanBusData( 2388): CANBUS_XMILONMET_STATUS INFO
D/CanData ( 2380): NPCanDataComManager::getDataFromDevice()6
D/CanData ( 2380): SIZE OF DATA [14]
D/CanData ( 2380): NPCanDataHandler::onCanDataRcv
D/CanData ( 2380): NPCanDataRcvEvent::NPCanDataRcvEvent
D/CanData ( 2380): NPCanDataRcvEvent::Pack(PBYTE pbyBuf, PINT piBufSize)
D/CanData ( 2380): NPCanDataComManager::checkFrame(), END curPos:0
D/CanData ( 2388): NPCanDataRcvEvent::NPCanDataRcvEvent(PBYTE pbyBuf, PINT piBufSize)
D/CanBusData( 2388): onRcvCanDataEvent
D/CanBusData( 2388): onRcvCanDataEvent:newnewnewnew[12][16][0][73][6][32][0][0][0][0][0][0][0][0]
D/CanBusData( 2388): onRcvCanDataEvent value is 73,into switch 
D/CanBusData( 2388): CANBUS_XMILONMET_STATUS INFO
D/CanBusData( 2388): CanBusData::onXMILONMETInfoChange 
D/CanBusData( 2388): CanBusData::NotifyToCallBack7,2,1
D/CanBusPlayer( 2388): CanBusPlayerService::CanDataCallBack
D/CanBusPlayer( 2388): CanBusPlayerService::notifyAllClient
D/CanBusPlayer( 2388): CanBusPlayerService::CanBusPlayer::notify pid is 2388 
D/CanBusData( 2388): CanBusData::mCallBack is null
D/CanData ( 2380): NPCanDataComManager::getDataFromDevice()7
D/CanData ( 2380): SIZE OF DATA [14]
D/CanData ( 2380): NPCanDataHandler::onCanDataRcv
D/CanData ( 2380): NPCanDataRcvEvent::NPCanDataRcvEvent
D/CanData ( 2380): NPCanDataRcvEvent::Pack(PBYTE pbyBuf, PINT piBufSize)
D/CanData ( 2380): NPCanDataComManager::checkFrame(), END curPos:0
D/CanData ( 2388): NPCanDataRcvEvent::NPCanDataRcvEvent(PBYTE pbyBuf, PINT piBufSize)
D/CanBusData( 2388): onRcvCanDataEvent
D/CanBusData( 2388): onRcvCanDataEvent:newnewnewnew[12][16][0][88][5][0][0][0][0][0][0][0][0][0]
D/CanBusData( 2388): onRcvCanDataEvent value is 88,into switch 
D/CanBusData( 2388): CanBus_STR_STATUS  INFO 
D/CanData ( 2380): NPCanDataComManager::getDataFromDevice()8
D/CanData ( 2380): SIZE OF DATA [14]
D/CanData ( 2380): NPCanDataHandler::onCanDataRcv
D/CanData ( 2380): NPCanDataRcvEvent::NPCanDataRcvEvent
D/CanData ( 2380): NPCanDataRcvEvent::Pack(PBYTE pbyBuf, PINT piBufSize)
D/CanData ( 2380): NPCanDataComManager::checkFrame(), END curPos:0
D/CanData ( 2388): NPCanDataRcvEvent::NPCanDataRcvEvent(PBYTE pbyBuf, PINT piBufSize)
D/CanBusData( 2388): onRcvCanDataEvent
D/CanBusData( 2388): onRcvCanDataEvent:newnewnewnew[12][16][0][72][7][0][2][0][0][0][0][0][0][0]
D/CanBusData( 2388): onRcvCanDataEvent value is 72,into switch 
D/CanBusData( 2388): CanBus_CHKENG_STATUS  INFO 
D/CanBusData( 2388): CanBusData::onCHKENGInfoChange 
D/CanBusData( 2388): CanBusData::NotifyToCallBack6,4,0
D/CanBusPlayer( 2388): CanBusPlayerService::CanDataCallBack
D/CanBusPlayer( 2388): CanBusPlayerService::notifyAllClient
D/CanBusPlayer( 2388): CanBusPlayerService::CanBusPlayer::notify pid is 2388 
D/CanBusData( 2388): CanBusData::mCallBack is null
D/CanData ( 2380): NPCanDataComManager::getDataFromDevice()9
D/CanData ( 2380): SIZE OF DATA [14]
D/CanData ( 2380): NPCanDataHandler::onCanDataRcv
D/CanData ( 2380): NPCanDataRcvEvent::NPCanDataRcvEvent
D/CanData ( 2380): NPCanDataRcvEvent::Pack(PBYTE pbyBuf, PINT piBufSize)
D/CanData ( 2380): NPCanDataComManager::checkFrame(), END curPos:0
D/CanData ( 2388): NPCanDataRcvEvent::NPCanDataRcvEvent(PBYTE pbyBuf, PINT piBufSize)
D/CanBusData( 2388): onRcvCanDataEvent
D/CanBusData( 2388): onRcvCanDataEvent:newnewnewnew[12][16][3][99][4][0][0][0][0][0][0][0][0][0]
D/CanBusData( 2388): onRcvCanDataEvent value is 867,into switch 
D/CanBusData( 2388): CanBus_ECOWARNING_STATUS  INFO 
D/CanData ( 2380): NPCanDataComManager::getDataFromDevice()10
D/CanData ( 2380): SIZE OF DATA [14]
D/CanData ( 2380): NPCanDataHandler::onCanDataRcv
D/CanData ( 2380): NPCanDataRcvEvent::NPCanDataRcvEvent
D/CanData ( 2380): NPCanDataRcvEvent::Pack(PBYTE pbyBuf, PINT piBufSize)
D/CanData ( 2380): NPCanDataComManager::checkFrame(), END curPos:0
D/CanData ( 2388): NPCanDataRcvEvent::NPCanDataRcvEvent(PBYTE pbyBuf, PINT piBufSize)
D/CanBusData( 2388): onRcvCanDataEvent
D/CanBusData( 2388): onRcvCanDataEvent:newnewnewnew[12][16][3][99][4][32][0][0][0][0][0][0][0][0]
D/CanBusData( 2388): onRcvCanDataEvent value is 867,into switch 
D/CanBusData( 2388): CanBus_ECOWARNING_STATUS  INFO 
D/CanBusData( 2388): CanBusData::onECOWARNINGInfoChange 
D/CanBusData( 2388): CanBusData::NotifyToCallBack10,1,1
D/CanBusPlayer( 2388): CanBusPlayerService::CanDataCallBack
D/CanBusPlayer( 2388): CanBusPlayerService::notifyAllClient
D/CanBusPlayer( 2388): CanBusPlayerService::CanBusPlayer::notify pid is 2388 
D/CanBusData( 2388): CanBusData::mCallBack is null
D/CanData ( 2380): NPCanDataComManager::getDataFromDevice()11
D/CanData ( 2380): SIZE OF DATA [14]
D/CanData ( 2380): NPCanDataHandler::onCanDataRcv
D/CanData ( 2380): NPCanDataRcvEvent::NPCanDataRcvEvent
D/CanData ( 2380): NPCanDataRcvEvent::Pack(PBYTE pbyBuf, PINT piBufSize)
D/CanData ( 2380): NPCanDataComManager::checkFrame(), END curPos:0
D/CanData ( 2388): NPCanDataRcvEvent::NPCanDataRcvEvent(PBYTE pbyBuf, PINT piBufSize)
D/CanBusData( 2388): onRcvCanDataEvent
D/CanBusData( 2388): onRcvCanDataEvent:newnewnewnew[12][16][0][40][3][0][0][0][0][0][0][0][0][0]
D/CanBusData( 2388): onRcvCanDataEvent value is 40,into switch 
D/CanBusData( 2388): CanBus_ABS_STATUS  INFO 
D/CanData ( 2380): NPCanDataComManager::getDataFromDevice()12
D/CanData ( 2380): SIZE OF DATA [14]
D/CanData ( 2380): NPCanDataHandler::onCanDataRcv
D/CanData ( 2380): NPCanDataRcvEvent::NPCanDataRcvEvent
D/CanData ( 2380): NPCanDataRcvEvent::Pack(PBYTE pbyBuf, PINT piBufSize)
D/CanData ( 2380): NPCanDataComManager::checkFrame(), END curPos:0
D/CanData ( 2388): NPCanDataRcvEvent::NPCanDataRcvEvent(PBYTE pbyBuf, PINT piBufSize)
D/CanBusData( 2388): onRcvCanDataEvent
D/CanBusData( 2388): onRcvCanDataEvent:newnewnewnew[12][16][0][40][3][2][0][0][0][0][0][0][0][0]
D/CanBusData( 2388): onRcvCanDataEvent value is 40,into switch 
D/CanBusData( 2388): CanBus_ABS_STATUS  INFO 
D/CanBusData( 2388): CanBusData::onABSInfoChange1 0 0
D/CanBusData( 2388): CanBusData::NotifyToCallBack11,1,1
D/CanBusPlayer( 2388): CanBusPlayerService::CanDataCallBack
D/CanBusPlayer( 2388): CanBusPlayerService::notifyAllClient
D/CanBusPlayer( 2388): CanBusPlayerService::CanBusPlayer::notify pid is 2388 
D/CanBusData( 2388): CanBusData::mCallBack is null
D/CanData ( 2380): NPCanDataComManager::getDataFromDevice()13
D/CanData ( 2380): SIZE OF DATA [14]
D/CanData ( 2380): NPCanDataHandler::onCanDataRcv
D/CanData ( 2380): NPCanDataRcvEvent::NPCanDataRcvEvent
D/CanData ( 2380): NPCanDataRcvEvent::Pack(PBYTE pbyBuf, PINT piBufSize)
D/CanData ( 2380): NPCanDataComManager::checkFrame(), END curPos:0
D/CanData ( 2388): NPCanDataRcvEvent::NPCanDataRcvEvent(PBYTE pbyBuf, PINT piBufSize)
D/CanBusData( 2388): onRcvCanDataEvent
D/CanBusData( 2388): onRcvCanDataEvent:newnewnewnew[12][16][0][40][3][0][64][0][0][0][0][0][0][0]
D/CanBusData( 2388): onRcvCanDataEvent value is 40,into switch 
D/CanBusData( 2388): CanBus_ABS_STATUS  INFO 
D/CanBusData( 2388): CanBusData::onABSInfoChange0 1 0
D/CanBusData( 2388): CanBusData::NotifyToCallBack11,1,0
D/CanBusPlayer( 2388): CanBusPlayerService::CanDataCallBack
D/CanBusPlayer( 2388): CanBusPlayerService::notifyAllClient
D/CanBusPlayer( 2388): CanBusPlayerService::CanBusPlayer::notify pid is 2388 
D/CanBusData( 2388): CanBusData::mCallBack is null
D/CanBusData( 2388): CanBusData::NotifyToCallBack11,2,1
D/CanBusPlayer( 2388): CanBusPlayerService::CanDataCallBack
D/CanBusPlayer( 2388): CanBusPlayerService::notifyAllClient
D/CanBusPlayer( 2388): CanBusPlayerService::CanBusPlayer::notify pid is 2388 
D/CanBusData( 2388): CanBusData::mCallBack is null
D/CanData ( 2380): NPCanDataComManager::getDataFromDevice()14
D/CanData ( 2380): SIZE OF DATA [14]
D/CanData ( 2380): NPCanDataHandler::onCanDataRcv
D/CanData ( 2380): NPCanDataRcvEvent::NPCanDataRcvEvent
D/CanData ( 2380): NPCanDataRcvEvent::Pack(PBYTE pbyBuf, PINT piBufSize)
D/CanData ( 2380): NPCanDataComManager::checkFrame(), END curPos:0
D/CanData ( 2388): NPCanDataRcvEvent::NPCanDataRcvEvent(PBYTE pbyBuf, PINT piBufSize)
D/CanBusData( 2388): onRcvCanDataEvent
D/CanBusData( 2388): onRcvCanDataEvent:newnewnewnew[12][16][0][40][3][0][128][0][0][0][0][0][0][0]
D/CanBusData( 2388): onRcvCanDataEvent value is 40,into switch 
D/CanBusData( 2388): CanBus_ABS_STATUS  INFO 
D/CanBusData( 2388): CanBusData::onABSInfoChange0 2 0
D/CanBusData( 2388): CanBusData::NotifyToCallBack11,2,2
D/CanBusPlayer( 2388): CanBusPlayerService::CanDataCallBack
D/CanBusPlayer( 2388): CanBusPlayerService::notifyAllClient
D/CanBusPlayer( 2388): CanBusPlayerService::CanBusPlayer::notify pid is 2388 
D/CanBusData( 2388): CanBusData::mCallBack is null
D/CanData ( 2380): NPCanDataComManager::getDataFromDevice()15
D/CanData ( 2380): SIZE OF DATA [14]
D/CanData ( 2380): NPCanDataHandler::onCanDataRcv
D/CanData ( 2380): NPCanDataRcvEvent::NPCanDataRcvEvent
D/CanData ( 2380): NPCanDataRcvEvent::Pack(PBYTE pbyBuf, PINT piBufSize)
D/CanData ( 2380): NPCanDataComManager::checkFrame(), END curPos:0
D/CanData ( 2388): NPCanDataRcvEvent::NPCanDataRcvEvent(PBYTE pbyBuf, PINT piBufSize)
D/CanBusData( 2388): onRcvCanDataEvent
D/CanBusData( 2388): onRcvCanDataEvent:newnewnewnew[12][16][0][40][3][0][192][0][0][0][0][0][0][0]
D/CanBusData( 2388): onRcvCanDataEvent value is 40,into switch 
D/CanBusData( 2388): CanBus_ABS_STATUS  INFO 
D/CanBusData( 2388): CanBusData::onABSInfoChange0 3 0
D/CanBusData( 2388): CanBusData::NotifyToCallBack11,2,3
D/CanBusPlayer( 2388): CanBusPlayerService::CanDataCallBack
D/CanBusPlayer( 2388): CanBusPlayerService::notifyAllClient
D/CanBusPlayer( 2388): CanBusPlayerService::CanBusPlayer::notify pid is 2388 
D/CanBusData( 2388): CanBusData::mCallBack is null
D/CanData ( 2380): NPCanDataComManager::getDataFromDevice()16
D/CanData ( 2380): SIZE OF DATA [14]
D/CanData ( 2380): NPCanDataHandler::onCanDataRcv
D/CanData ( 2380): NPCanDataRcvEvent::NPCanDataRcvEvent
D/CanData ( 2380): NPCanDataRcvEvent::Pack(PBYTE pbyBuf, PINT piBufSize)
D/CanData ( 2380): NPCanDataComManager::checkFrame(), END curPos:0
D/CanData ( 2388): NPCanDataRcvEvent::NPCanDataRcvEvent(PBYTE pbyBuf, PINT piBufSize)
D/CanBusData( 2388): onRcvCanDataEvent
D/CanBusData( 2388): onRcvCanDataEvent:newnewnewnew[12][16][0][40][3][0][8][0][0][0][0][0][0][0]
D/CanBusData( 2388): onRcvCanDataEvent value is 40,into switch 
D/CanBusData( 2388): CanBus_ABS_STATUS  INFO 
D/CanBusData( 2388): CanBusData::onABSInfoChange0 0 0
D/CanBusData( 2388): CanBusData::NotifyToCallBack11,2,0
D/CanBusPlayer( 2388): CanBusPlayerService::CanDataCallBack
D/CanBusPlayer( 2388): CanBusPlayerService::notifyAllClient
D/CanBusPlayer( 2388): CanBusPlayerService::CanBusPlayer::notify pid is 2388 
D/CanBusData( 2388): CanBusData::mCallBack is null
D/CanData ( 2380): NPCanDataComManager::getDataFromDevice()17
D/CanData ( 2380): SIZE OF DATA [14]
D/CanData ( 2380): NPCanDataHandler::onCanDataRcv
D/CanData ( 2380): NPCanDataRcvEvent::NPCanDataRcvEvent
D/CanData ( 2380): NPCanDataRcvEvent::Pack(PBYTE pbyBuf, PINT piBufSize)
D/CanData ( 2380): NPCanDataComManager::checkFrame(), END curPos:0
D/CanData ( 2388): NPCanDataRcvEvent::NPCanDataRcvEvent(PBYTE pbyBuf, PINT piBufSize)
D/CanBusData( 2388): onRcvCanDataEvent
D/CanBusData( 2388): onRcvCanDataEvent:newnewnewnew[12][16][0][40][3][0][16][0][0][0][0][0][0][0]
D/CanBusData( 2388): onRcvCanDataEvent value is 40,into switch 
D/CanBusData( 2388): CanBus_ABS_STATUS  INFO 
D/CanBusData( 2388): CanBusData::onABSInfoChange0 0 1
D/CanBusData( 2388): CanBusData::NotifyToCallBack11,3,1
D/CanBusPlayer( 2388): CanBusPlayerService::CanDataCallBack
D/CanBusPlayer( 2388): CanBusPlayerService::notifyAllClient
D/CanBusPlayer( 2388): CanBusPlayerService::CanBusPlayer::notify pid is 2388 
D/CanBusData( 2388): CanBusData::mCallBack is null
D/CanData ( 2380): NPCanDataComManager::getDataFromDevice()18
D/CanData ( 2380): SIZE OF DATA [14]
D/CanData ( 2380): NPCanDataHandler::onCanDataRcv
D/CanData ( 2380): NPCanDataRcvEvent::NPCanDataRcvEvent
D/CanData ( 2380): NPCanDataRcvEvent::Pack(PBYTE pbyBuf, PINT piBufSize)
D/CanData ( 2380): NPCanDataComManager::checkFrame(), END curPos:0
D/CanData ( 2388): NPCanDataRcvEvent::NPCanDataRcvEvent(PBYTE pbyBuf, PINT piBufSize)
D/CanBusData( 2388): onRcvCanDataEvent
D/CanBusData( 2388): onRcvCanDataEvent:newnewnewnew[12][16][0][40][3][0][24][0][0][0][0][0][0][0]
D/CanBusData( 2388): onRcvCanDataEvent value is 40,into switch 
D/CanBusData( 2388): CanBus_ABS_STATUS  INFO 
D/CanBusData( 2388): CanBusData::onABSInfoChange0 0 1
D/CanData ( 2380): NPCanDataComManager::getDataFromDevice()19
D/CanData ( 2380): SIZE OF DATA [14]
D/CanData ( 2380): NPCanDataHandler::onCanDataRcv
D/CanData ( 2380): NPCanDataRcvEvent::NPCanDataRcvEvent
D/CanData ( 2380): NPCanDataRcvEvent::Pack(PBYTE pbyBuf, PINT piBufSize)
D/CanData ( 2380): NPCanDataComManager::checkFrame(), END curPos:0
D/CanData ( 2388): NPCanDataRcvEvent::NPCanDataRcvEvent(PBYTE pbyBuf, PINT piBufSize)
D/CanBusData( 2388): onRcvCanDataEvent
D/CanBusData( 2388): onRcvCanDataEvent:newnewnewnew[12][16][0][107][4][0][0][0][0][0][0][0][0][0]
D/CanBusData( 2388): onRcvCanDataEvent value is 107,into switch 
D/CanBusData( 2388): CanBus_EPS_STATUS  INFO 
D/CanData ( 2380): NPCanDataComManager::getDataFromDevice()20
D/CanData ( 2380): SIZE OF DATA [14]
D/CanData ( 2380): NPCanDataHandler::onCanDataRcv
D/CanData ( 2380): NPCanDataRcvEvent::NPCanDataRcvEvent
D/CanData ( 2380): NPCanDataRcvEvent::Pack(PBYTE pbyBuf, PINT piBufSize)
D/CanData ( 2380): NPCanDataComManager::checkFrame(), END curPos:0
D/CanData ( 2388): NPCanDataRcvEvent::NPCanDataRcvEvent(PBYTE pbyBuf, PINT piBufSize)
D/CanBusData( 2388): onRcvCanDataEvent
D/CanBusData( 2388): onRcvCanDataEvent:newnewnewnew[12][16][0][107][4][32][0][0][0][0][0][0][0][0]
D/CanBusData( 2388): onRcvCanDataEvent value is 107,into switch 
D/CanBusData( 2388): CanBus_EPS_STATUS  INFO 
D/CanBusData( 2388): CanBusData::onEPSInfoChange 
D/CanBusData( 2388): CanBusData::NotifyToCallBack15,1,1
D/CanBusPlayer( 2388): CanBusPlayerService::CanDataCallBack
D/CanBusPlayer( 2388): CanBusPlayerService::notifyAllClient
D/CanBusPlayer( 2388): CanBusPlayerService::CanBusPlayer::notify pid is 2388 
D/CanBusData( 2388): CanBusData::mCallBack is null
D/CanData ( 2380): NPCanDataComManager::getDataFromDevice()21
D/CanData ( 2380): SIZE OF DATA [14]
D/CanData ( 2380): NPCanDataHandler::onCanDataRcv
D/CanData ( 2380): NPCanDataRcvEvent::NPCanDataRcvEvent
D/CanData ( 2380): NPCanDataRcvEvent::Pack(PBYTE pbyBuf, PINT piBufSize)
D/CanData ( 2380): NPCanDataComManager::checkFrame(), END curPos:0
D/CanData ( 2388): NPCanDataRcvEvent::NPCanDataRcvEvent(PBYTE pbyBuf, PINT piBufSize)
D/CanBusData( 2388): onRcvCanDataEvent
D/CanBusData( 2388): onRcvCanDataEvent:newnewnewnew[12][16][0][107][4][64][0][0][0][0][0][0][0][0]
D/CanBusData( 2388): onRcvCanDataEvent value is 107,into switch 
D/CanBusData( 2388): CanBus_EPS_STATUS  INFO 
D/CanBusData( 2388): CanBusData::onEPSInfoChange 
D/CanBusData( 2388): CanBusData::NotifyToCallBack15,1,2
D/CanBusPlayer( 2388): CanBusPlayerService::CanDataCallBack
D/CanBusPlayer( 2388): CanBusPlayerService::notifyAllClient
D/CanBusPlayer( 2388): CanBusPlayerService::CanBusPlayer::notify pid is 2388 
D/CanBusData( 2388): CanBusData::mCallBack is null
D/CanData ( 2380): NPCanDataComManager::getDataFromDevice()22
D/CanData ( 2380): SIZE OF DATA [14]
D/CanData ( 2380): NPCanDataHandler::onCanDataRcv
D/CanData ( 2380): NPCanDataRcvEvent::NPCanDataRcvEvent
D/CanData ( 2380): NPCanDataRcvEvent::Pack(PBYTE pbyBuf, PINT piBufSize)
D/CanData ( 2380): NPCanDataComManager::checkFrame(), END curPos:0
D/CanData ( 2388): NPCanDataRcvEvent::NPCanDataRcvEvent(PBYTE pbyBuf, PINT piBufSize)
D/CanBusData( 2388): onRcvCanDataEvent
D/CanBusData( 2388): onRcvCanDataEvent:newnewnewnew[12][16][0][107][4][96][0][0][0][0][0][0][0][0]
D/CanBusData( 2388): onRcvCanDataEvent value is 107,into switch 
D/CanBusData( 2388): CanBus_EPS_STATUS  INFO 
D/CanBusData( 2388): CanBusData::onEPSInfoChange 
D/CanBusData( 2388): CanBusData::NotifyToCallBack15,1,3
D/CanBusPlayer( 2388): CanBusPlayerService::CanDataCallBack
D/CanBusPlayer( 2388): CanBusPlayerService::notifyAllClient
D/CanBusPlayer( 2388): CanBusPlayerService::CanBusPlayer::notify pid is 2388 
D/CanBusData( 2388): CanBusData::mCallBack is null
D/CanData ( 2380): NPCanDataComManager::getDataFromDevice()23
D/CanData ( 2380): SIZE OF DATA [14]
D/CanData ( 2380): NPCanDataHandler::onCanDataRcv
D/CanData ( 2380): NPCanDataRcvEvent::NPCanDataRcvEvent
D/CanData ( 2380): NPCanDataRcvEvent::Pack(PBYTE pbyBuf, PINT piBufSize)
D/CanData ( 2380): NPCanDataComManager::checkFrame(), END curPos:0
D/CanData ( 2388): NPCanDataRcvEvent::NPCanDataRcvEvent(PBYTE pbyBuf, PINT piBufSize)
D/CanBusData( 2388): onRcvCanDataEvent
D/CanBusData( 2388): onRcvCanDataEvent:newnewnewnew[12][16][0][107][4][128][0][0][0][0][0][0][0][0]
D/CanBusData( 2388): onRcvCanDataEvent value is 107,into switch 
D/CanBusData( 2388): CanBus_EPS_STATUS  INFO 
D/CanBusData( 2388): CanBusData::onEPSInfoChange 
D/CanBusData( 2388): CanBusData::NotifyToCallBack15,1,4
D/CanBusPlayer( 2388): CanBusPlayerService::CanDataCallBack
D/CanBusPlayer( 2388): CanBusPlayerService::notifyAllClient
D/CanBusPlayer( 2388): CanBusPlayerService::CanBusPlayer::notify pid is 2388 
D/CanBusData( 2388): CanBusData::mCallBack is null
D/CanData ( 2380): NPCanDataComManager::getDataFromDevice()24
D/CanData ( 2380): SIZE OF DATA [14]
D/CanData ( 2380): NPCanDataHandler::onCanDataRcv
D/CanData ( 2380): NPCanDataRcvEvent::NPCanDataRcvEvent
D/CanData ( 2380): NPCanDataRcvEvent::Pack(PBYTE pbyBuf, PINT piBufSize)
D/CanData ( 2380): NPCanDataComManager::checkFrame(), END curPos:0
D/CanData ( 2388): NPCanDataRcvEvent::NPCanDataRcvEvent(PBYTE pbyBuf, PINT piBufSize)
D/CanBusData( 2388): onRcvCanDataEvent
D/CanBusData( 2388): onRcvCanDataEvent:newnewnewnew[12][16][2][169][7][0][0][0][0][0][0][0][0][0]
D/CanBusData( 2388): onRcvCanDataEvent value is 681,into switch 
D/CanBusData( 2388): CanBus_SCM_STATUS  INFO 
D/CanData ( 2380): NPCanDataComManager::getDataFromDevice()25
D/CanData ( 2380): SIZE OF DATA [14]
D/CanData ( 2380): NPCanDataHandler::onCanDataRcv
D/CanData ( 2380): NPCanDataRcvEvent::NPCanDataRcvEvent
D/CanData ( 2380): NPCanDataRcvEvent::Pack(PBYTE pbyBuf, PINT piBufSize)
D/CanData ( 2380): NPCanDataComManager::checkFrame(), END curPos:0
D/CanData ( 2388): NPCanDataRcvEvent::NPCanDataRcvEvent(PBYTE pbyBuf, PINT piBufSize)
D/CanBusData( 2388): onRcvCanDataEvent
D/CanBusData( 2388): onRcvCanDataEvent:newnewnewnew[12][16][2][169][7][64][0][0][0][0][0][0][0][0]
D/CanBusData( 2388): onRcvCanDataEvent value is 681,into switch 
D/CanBusData( 2388): CanBus_SCM_STATUS  INFO 
D/CanBusData( 2388): CanBusData::onSCMInfoChange
D/CanBusData( 2388): CanBusData::NotifyToCallBack16,2,1
D/CanBusPlayer( 2388): CanBusPlayerService::CanDataCallBack
D/CanBusPlayer( 2388): CanBusPlayerService::notifyAllClient
D/CanBusPlayer( 2388): CanBusPlayerService::CanBusPlayer::notify pid is 2388 
D/CanBusData( 2388): CanBusData::mCallBack is null
D/CanData ( 2380): NPCanDataComManager::getDataFromDevice()26
D/CanData ( 2380): SIZE OF DATA [14]
D/CanData ( 2380): NPCanDataHandler::onCanDataRcv
D/CanData ( 2380): NPCanDataRcvEvent::NPCanDataRcvEvent
D/CanData ( 2380): NPCanDataRcvEvent::Pack(PBYTE pbyBuf, PINT piBufSize)
D/CanData ( 2380): NPCanDataComManager::checkFrame(), END curPos:0
D/CanData ( 2388): NPCanDataRcvEvent::NPCanDataRcvEvent(PBYTE pbyBuf, PINT piBufSize)
D/CanBusData( 2388): onRcvCanDataEvent
D/CanBusData( 2388): onRcvCanDataEvent:newnewnewnew[12][16][2][169][7][0][0][0][4][0][0][0][0][0]
D/CanBusData( 2388): onRcvCanDataEvent value is 681,into switch 
D/CanBusData( 2388): CanBus_SCM_STATUS  INFO 
D/CanBusData( 2388): CanBusData::onSCMInfoChange
D/CanBusData( 2388): CanBusData::NotifyToCallBack16,2,0
D/CanBusPlayer( 2388): CanBusPlayerService::CanDataCallBack
D/CanBusPlayer( 2388): CanBusPlayerService::notifyAllClient
D/CanBusPlayer( 2388): CanBusPlayerService::CanBusPlayer::notify pid is 2388 
D/CanBusData( 2388): CanBusData::mCallBack is null
D/CanBusData( 2388): CanBusData::NotifyToCallBack16,16,1
D/CanBusPlayer( 2388): CanBusPlayerService::CanDataCallBack
D/CanBusPlayer( 2388): CanBusPlayerService::notifyAllClient
D/CanBusPlayer( 2388): CanBusPlayerService::CanBusPlayer::notify pid is 2388 
D/CanBusData( 2388): CanBusData::mCallBack is null
D/CanData ( 2380): NPCanDataComManager::getDataFromDevice()27
D/CanData ( 2380): SIZE OF DATA [14]
D/CanData ( 2380): NPCanDataHandler::onCanDataRcv
D/CanData ( 2380): NPCanDataRcvEvent::NPCanDataRcvEvent
D/CanData ( 2380): NPCanDataRcvEvent::Pack(PBYTE pbyBuf, PINT piBufSize)
D/CanData ( 2380): NPCanDataComManager::checkFrame(), END curPos:0
D/CanData ( 2388): NPCanDataRcvEvent::NPCanDataRcvEvent(PBYTE pbyBuf, PINT piBufSize)
D/CanBusData( 2388): onRcvCanDataEvent
D/CanBusData( 2388): onRcvCanDataEvent:newnewnewnew[12][16][2][169][7][0][0][0][0][0][2][0][0][0]
D/CanBusData( 2388): onRcvCanDataEvent value is 681,into switch 
D/CanBusData( 2388): CanBus_SCM_STATUS  INFO 
D/CanBusData( 2388): CanBusData::onSCMInfoChange
D/CanBusData( 2388): CanBusData::NotifyToCallBack16,16,0
D/CanBusPlayer( 2388): CanBusPlayerService::CanDataCallBack
D/CanBusPlayer( 2388): CanBusPlayerService::notifyAllClient
D/CanBusPlayer( 2388): CanBusPlayerService::CanBusPlayer::notify pid is 2388 
D/CanBusData( 2388): CanBusData::mCallBack is null
D/CanBusData( 2388): CanBusData::NotifyToCallBack16,22,1
D/CanBusPlayer( 2388): CanBusPlayerService::CanDataCallBack
D/CanBusPlayer( 2388): CanBusPlayerService::notifyAllClient
D/CanBusPlayer( 2388): CanBusPlayerService::CanBusPlayer::notify pid is 2388 
D/CanBusData( 2388): CanBusData::mCallBack is null
D/CanData ( 2380): NPCanDataComManager::getDataFromDevice()28
D/CanData ( 2380): SIZE OF DATA [14]
D/CanData ( 2380): NPCanDataHandler::onCanDataRcv
D/CanData ( 2380): NPCanDataRcvEvent::NPCanDataRcvEvent
D/CanData ( 2380): NPCanDataRcvEvent::Pack(PBYTE pbyBuf, PINT piBufSize)
D/CanData ( 2380): NPCanDataComManager::checkFrame(), END curPos:0
D/CanData ( 2388): NPCanDataRcvEvent::NPCanDataRcvEvent(PBYTE pbyBuf, PINT piBufSize)
D/CanBusData( 2388): onRcvCanDataEvent
D/CanBusData( 2388): onRcvCanDataEvent:newnewnewnew[12][16][2][169][7][0][0][0][0][0][1][0][0][0]
D/CanBusData( 2388): onRcvCanDataEvent value is 681,into switch 
D/CanBusData( 2388): CanBus_SCM_STATUS  INFO 
D/CanBusData( 2388): CanBusData::onSCMInfoChange
D/CanBusData( 2388): CanBusData::NotifyToCallBack16,22,0
D/CanBusPlayer( 2388): CanBusPlayerService::CanDataCallBack
D/CanBusPlayer( 2388): CanBusPlayerService::notifyAllClient
D/CanBusPlayer( 2388): CanBusPlayerService::CanBusPlayer::notify pid is 2388 
D/CanBusData( 2388): CanBusData::mCallBack is null
D/CanBusData( 2388): CanBusData::NotifyToCallBack16,23,1
D/CanBusPlayer( 2388): CanBusPlayerService::CanDataCallBack
D/CanBusPlayer( 2388): CanBusPlayerService::notifyAllClient
D/CanBusPlayer( 2388): CanBusPlayerService::CanBusPlayer::notify pid is 2388 
D/CanBusData( 2388): CanBusData::mCallBack is null
D/CanData ( 2380): NPCanDataComManager::getDataFromDevice()29
D/CanData ( 2380): SIZE OF DATA [14]
D/CanData ( 2380): NPCanDataHandler::onCanDataRcv
D/CanData ( 2380): NPCanDataRcvEvent::NPCanDataRcvEvent
D/CanData ( 2380): NPCanDataRcvEvent::Pack(PBYTE pbyBuf, PINT piBufSize)
D/CanData ( 2380): NPCanDataComManager::checkFrame(), END curPos:0
D/CanData ( 2388): NPCanDataRcvEvent::NPCanDataRcvEvent(PBYTE pbyBuf, PINT piBufSize)
D/CanBusData( 2388): onRcvCanDataEvent
D/CanBusData( 2388): onRcvCanDataEvent:newnewnewnew[12][16][6][96][3][0][0][0][0][0][0][0][0][0]
D/CanBusData( 2388): onRcvCanDataEvent value is 1632,into switch 
D/CanBusData( 2388): CanBus_SNR_STATUS  INFO 
D/CanData ( 2380): NPCanDataComManager::getDataFromDevice()30
D/CanData ( 2380): SIZE OF DATA [14]
D/CanData ( 2380): NPCanDataHandler::onCanDataRcv
D/CanData ( 2380): NPCanDataRcvEvent::NPCanDataRcvEvent
D/CanData ( 2380): NPCanDataRcvEvent::Pack(PBYTE pbyBuf, PINT piBufSize)
D/CanData ( 2380): NPCanDataComManager::checkFrame(), END curPos:0
D/CanData ( 2388): NPCanDataRcvEvent::NPCanDataRcvEvent(PBYTE pbyBuf, PINT piBufSize)
D/CanBusData( 2388): onRcvCanDataEvent
D/CanBusData( 2388): onRcvCanDataEvent:newnewnewnew[12][16][6][96][3][2][0][0][0][0][0][0][0][0]
D/CanBusData( 2388): onRcvCanDataEvent value is 1632,into switch 
D/CanBusData( 2388): CanBus_SNR_STATUS  INFO 
D/CanBusData( 2388): CanBusData::onSNRInfoChange
D/CanBusData( 2388): CanBusData::NotifyToCallBack19,1,1
D/CanBusPlayer( 2388): CanBusPlayerService::CanDataCallBack
D/CanBusPlayer( 2388): CanBusPlayerService::notifyAllClient
D/CanBusPlayer( 2388): CanBusPlayerService::CanBusPlayer::notify pid is 2388 
D/CanBusData( 2388): CanBusData::mCallBack is null
D/CanBusData( 2388): CanBusData::NotifyToCallBack19,2,0
D/CanBusPlayer( 2388): CanBusPlayerService::CanDataCallBack
D/CanBusPlayer( 2388): CanBusPlayerService::notifyAllClient
D/CanBusPlayer( 2388): CanBusPlayerService::CanBusPlayer::notify pid is 2388 
D/CanBusData( 2388): CanBusData::mCallBack is null
D/CanBusData( 2388): CanBusData::NotifyToCallBack19,3,0
D/CanBusPlayer( 2388): CanBusPlayerService::CanDataCallBack
D/CanBusPlayer( 2388): CanBusPlayerService::notifyAllClient
D/CanBusPlayer( 2388): CanBusPlayerService::CanBusPlayer::notify pid is 2388 
D/CanBusData( 2388): CanBusData::mCallBack is null
D/CanData ( 2380): NPCanDataComManager::getDataFromDevice()31
D/CanData ( 2380): SIZE OF DATA [14]
D/CanData ( 2380): NPCanDataHandler::onCanDataRcv
D/CanData ( 2380): NPCanDataRcvEvent::NPCanDataRcvEvent
D/CanData ( 2380): NPCanDataRcvEvent::Pack(PBYTE pbyBuf, PINT piBufSize)
D/CanData ( 2380): NPCanDataComManager::checkFrame(), END curPos:0
D/CanData ( 2388): NPCanDataRcvEvent::NPCanDataRcvEvent(PBYTE pbyBuf, PINT piBufSize)
D/CanBusData( 2388): onRcvCanDataEvent
D/CanBusData( 2388): onRcvCanDataEvent:newnewnewnew[12][16][6][96][3][1][0][0][0][0][0][0][0][0]
D/CanBusData( 2388): onRcvCanDataEvent value is 1632,into switch 
D/CanBusData( 2388): CanBus_SNR_STATUS  INFO 
D/CanBusData( 2388): CanBusData::onSNRInfoChange
D/CanBusData( 2388): CanBusData::NotifyToCallBack19,1,0
D/CanBusPlayer( 2388): CanBusPlayerService::CanDataCallBack
D/CanBusPlayer( 2388): CanBusPlayerService::notifyAllClient
D/CanBusPlayer( 2388): CanBusPlayerService::CanBusPlayer::notify pid is 2388 
D/CanBusData( 2388): CanBusData::mCallBack is null
D/CanBusData( 2388): CanBusData::NotifyToCallBack19,2,1
D/CanBusPlayer( 2388): CanBusPlayerService::CanDataCallBack
D/CanBusPlayer( 2388): CanBusPlayerService::notifyAllClient
D/CanBusPlayer( 2388): CanBusPlayerService::CanBusPlayer::notify pid is 2388 
D/CanBusData( 2388): CanBusData::mCallBack is null
D/CanData ( 2380): NPCanDataComManager::getDataFromDevice()32
D/CanData ( 2380): SIZE OF DATA [14]
D/CanData ( 2380): NPCanDataHandler::onCanDataRcv
D/CanData ( 2380): NPCanDataRcvEvent::NPCanDataRcvEvent
D/CanData ( 2380): NPCanDataRcvEvent::Pack(PBYTE pbyBuf, PINT piBufSize)
D/CanData ( 2380): NPCanDataComManager::checkFrame(), END curPos:0
D/CanData ( 2388): NPCanDataRcvEvent::NPCanDataRcvEvent(PBYTE pbyBuf, PINT piBufSize)
D/CanBusData( 2388): onRcvCanDataEvent
D/CanBusData( 2388): onRcvCanDataEvent:newnewnewnew[12][16][6][96][3][0][16][0][0][0][0][0][0][0]
D/CanBusData( 2388): onRcvCanDataEvent value is 1632,into switch 
D/CanBusData( 2388): CanBus_SNR_STATUS  INFO 
D/CanBusData( 2388): CanBusData::onSNRInfoChange
D/CanBusData( 2388): CanBusData::NotifyToCallBack19,2,0
D/CanBusPlayer( 2388): CanBusPlayerService::CanDataCallBack
D/CanBusPlayer( 2388): CanBusPlayerService::notifyAllClient
D/CanBusPlayer( 2388): CanBusPlayerService::CanBusPlayer::notify pid is 2388 
D/CanBusData( 2388): CanBusData::mCallBack is null
D/CanBusData( 2388): CanBusData::NotifyToCallBack19,3,1
D/CanBusPlayer( 2388): CanBusPlayerService::CanDataCallBack
D/CanBusPlayer( 2388): CanBusPlayerService::notifyAllClient
D/CanBusPlayer( 2388): CanBusPlayerService::CanBusPlayer::notify pid is 2388 
D/CanBusData( 2388): CanBusData::mCallBack is null
D/CanBusData( 2388): CanBusData::NotifyToCallBack19,4,0
D/CanBusPlayer( 2388): CanBusPlayerService::CanDataCallBack
D/CanBusPlayer( 2388): CanBusPlayerService::notifyAllClient
D/CanBusPlayer( 2388): CanBusPlayerService::CanBusPlayer::notify pid is 2388 
D/CanBusData( 2388): CanBusData::mCallBack is null
D/CanData ( 2380): NPCanDataComManager::getDataFromDevice()33
D/CanData ( 2380): SIZE OF DATA [14]
D/CanData ( 2380): NPCanDataHandler::onCanDataRcv
D/CanData ( 2380): NPCanDataRcvEvent::NPCanDataRcvEvent
D/CanData ( 2380): NPCanDataRcvEvent::Pack(PBYTE pbyBuf, PINT piBufSize)
D/CanData ( 2380): NPCanDataComManager::checkFrame(), END curPos:0
D/CanData ( 2388): NPCanDataRcvEvent::NPCanDataRcvEvent(PBYTE pbyBuf, PINT piBufSize)
D/CanBusData( 2388): onRcvCanDataEvent
D/CanBusData( 2388): onRcvCanDataEvent:newnewnewnew[12][16][6][96][3][0][32][0][0][0][0][0][0][0]
D/CanBusData( 2388): onRcvCanDataEvent value is 1632,into switch 
D/CanBusData( 2388): CanBus_SNR_STATUS  INFO 
D/CanBusData( 2388): CanBusData::onSNRInfoChange
D/CanBusData( 2388): CanBusData::NotifyToCallBack19,3,2
D/CanBusPlayer( 2388): CanBusPlayerService::CanDataCallBack
D/CanBusPlayer( 2388): CanBusPlayerService::notifyAllClient
D/CanBusPlayer( 2388): CanBusPlayerService::CanBusPlayer::notify pid is 2388 
D/CanBusData( 2388): CanBusData::mCallBack is null
D/CanBusData( 2388): CanBusData::NotifyToCallBack19,4,0
D/CanBusPlayer( 2388): CanBusPlayerService::CanDataCallBack
D/CanBusPlayer( 2388): CanBusPlayerService::notifyAllClient
D/CanBusPlayer( 2388): CanBusPlayerService::CanBusPlayer::notify pid is 2388 
D/CanBusData( 2388): CanBusData::mCallBack is null
D/CanData ( 2380): NPCanDataComManager::getDataFromDevice()34
D/CanData ( 2380): SIZE OF DATA [14]
D/CanData ( 2380): NPCanDataHandler::onCanDataRcv
D/CanData ( 2380): NPCanDataRcvEvent::NPCanDataRcvEvent
D/CanData ( 2380): NPCanDataRcvEvent::Pack(PBYTE pbyBuf, PINT piBufSize)
D/CanData ( 2380): NPCanDataComManager::checkFrame(), END curPos:0
D/CanData ( 2388): NPCanDataRcvEvent::NPCanDataRcvEvent(PBYTE pbyBuf, PINT piBufSize)
D/CanBusData( 2388): onRcvCanDataEvent
D/CanBusData( 2388): onRcvCanDataEvent:newnewnewnew[12][16][6][96][3][0][48][0][0][0][0][0][0][0]
D/CanBusData( 2388): onRcvCanDataEvent value is 1632,into switch 
D/CanBusData( 2388): CanBus_SNR_STATUS  INFO 
D/CanBusData( 2388): CanBusData::onSNRInfoChange
D/CanBusData( 2388): CanBusData::NotifyToCallBack19,3,3
D/CanBusPlayer( 2388): CanBusPlayerService::CanDataCallBack
D/CanBusPlayer( 2388): CanBusPlayerService::notifyAllClient
D/CanBusPlayer( 2388): CanBusPlayerService::CanBusPlayer::notify pid is 2388 
D/CanBusData( 2388): CanBusData::mCallBack is null
D/CanBusData( 2388): CanBusData::NotifyToCallBack19,4,0
D/CanBusPlayer( 2388): CanBusPlayerService::CanDataCallBack
D/CanBusPlayer( 2388): CanBusPlayerService::notifyAllClient
D/CanBusPlayer( 2388): CanBusPlayerService::CanBusPlayer::notify pid is 2388 
D/CanBusData( 2388): CanBusData::mCallBack is null
D/CanData ( 2380): NPCanDataComManager::getDataFromDevice()35
D/CanData ( 2380): SIZE OF DATA [14]
D/CanData ( 2380): NPCanDataHandler::onCanDataRcv
D/CanData ( 2380): NPCanDataRcvEvent::NPCanDataRcvEvent
D/CanData ( 2380): NPCanDataRcvEvent::Pack(PBYTE pbyBuf, PINT piBufSize)
D/CanData ( 2380): NPCanDataComManager::checkFrame(), END curPos:0
D/CanData ( 2388): NPCanDataRcvEvent::NPCanDataRcvEvent(PBYTE pbyBuf, PINT piBufSize)
D/CanBusData( 2388): onRcvCanDataEvent
D/CanBusData( 2388): onRcvCanDataEvent:newnewnewnew[12][16][6][96][3][0][192][0][0][0][0][0][0][0]
D/CanBusData( 2388): onRcvCanDataEvent value is 1632,into switch 
D/CanBusData( 2388): CanBus_SNR_STATUS  INFO 
D/CanBusData( 2388): CanBusData::onSNRInfoChange
D/CanBusData( 2388): CanBusData::NotifyToCallBack19,3,12
D/CanBusPlayer( 2388): CanBusPlayerService::CanDataCallBack
D/CanBusPlayer( 2388): CanBusPlayerService::notifyAllClient
D/CanBusPlayer( 2388): CanBusPlayerService::CanBusPlayer::notify pid is 2388 
D/CanBusData( 2388): CanBusData::mCallBack is null
D/CanBusData( 2388): CanBusData::NotifyToCallBack19,4,0
D/CanBusPlayer( 2388): CanBusPlayerService::CanDataCallBack
D/CanBusPlayer( 2388): CanBusPlayerService::notifyAllClient
D/CanBusPlayer( 2388): CanBusPlayerService::CanBusPlayer::notify pid is 2388 
D/CanBusData( 2388): CanBusData::mCallBack is null
D/CanData ( 2380): NPCanDataComManager::getDataFromDevice()36
D/CanData ( 2380): SIZE OF DATA [14]
D/CanData ( 2380): NPCanDataHandler::onCanDataRcv
D/CanData ( 2380): NPCanDataRcvEvent::NPCanDataRcvEvent
D/CanData ( 2380): NPCanDataRcvEvent::Pack(PBYTE pbyBuf, PINT piBufSize)
D/CanData ( 2380): NPCanDataComManager::checkFrame(), END curPos:0
D/CanData ( 2388): NPCanDataRcvEvent::NPCanDataRcvEvent(PBYTE pbyBuf, PINT piBufSize)
D/CanBusData( 2388): onRcvCanDataEvent
D/CanBusData( 2388): onRcvCanDataEvent:newnewnewnew[12][16][6][96][3][0][208][0][0][0][0][0][0][0]
D/CanBusData( 2388): onRcvCanDataEvent value is 1632,into switch 
D/CanBusData( 2388): CanBus_SNR_STATUS  INFO 
D/CanBusData( 2388): CanBusData::onSNRInfoChange
D/CanBusData( 2388): CanBusData::NotifyToCallBack19,3,13
D/CanBusPlayer( 2388): CanBusPlayerService::CanDataCallBack
D/CanBusPlayer( 2388): CanBusPlayerService::notifyAllClient
D/CanBusPlayer( 2388): CanBusPlayerService::CanBusPlayer::notify pid is 2388 
D/CanBusData( 2388): CanBusData::mCallBack is null
D/CanBusData( 2388): CanBusData::NotifyToCallBack19,4,0
D/CanBusPlayer( 2388): CanBusPlayerService::CanDataCallBack
D/CanBusPlayer( 2388): CanBusPlayerService::notifyAllClient
D/CanBusPlayer( 2388): CanBusPlayerService::CanBusPlayer::notify pid is 2388 
D/CanBusData( 2388): CanBusData::mCallBack is null
D/CanData ( 2380): NPCanDataComManager::getDataFromDevice()37
D/CanData ( 2380): SIZE OF DATA [14]
D/CanData ( 2380): NPCanDataHandler::onCanDataRcv
D/CanData ( 2380): NPCanDataRcvEvent::NPCanDataRcvEvent
D/CanData ( 2380): NPCanDataRcvEvent::Pack(PBYTE pbyBuf, PINT piBufSize)
D/CanData ( 2380): NPCanDataComManager::checkFrame(), END curPos:0
D/CanData ( 2388): NPCanDataRcvEvent::NPCanDataRcvEvent(PBYTE pbyBuf, PINT piBufSize)
D/CanBusData( 2388): onRcvCanDataEvent
D/CanBusData( 2388): onRcvCanDataEvent:newnewnewnew[12][16][6][96][3][0][224][0][0][0][0][0][0][0]
D/CanBusData( 2388): onRcvCanDataEvent value is 1632,into switch 
D/CanBusData( 2388): CanBus_SNR_STATUS  INFO 
D/CanBusData( 2388): CanBusData::onSNRInfoChange
D/CanBusData( 2388): CanBusData::NotifyToCallBack19,3,14
D/CanBusPlayer( 2388): CanBusPlayerService::CanDataCallBack
D/CanBusPlayer( 2388): CanBusPlayerService::notifyAllClient
D/CanBusPlayer( 2388): CanBusPlayerService::CanBusPlayer::notify pid is 2388 
D/CanBusData( 2388): CanBusData::mCallBack is null
D/CanBusData( 2388): CanBusData::NotifyToCallBack19,4,0
D/CanBusPlayer( 2388): CanBusPlayerService::CanDataCallBack
D/CanBusPlayer( 2388): CanBusPlayerService::notifyAllClient
D/CanBusPlayer( 2388): CanBusPlayerService::CanBusPlayer::notify pid is 2388 
D/CanBusData( 2388): CanBusData::mCallBack is null
D/CanData ( 2380): NPCanDataComManager::getDataFromDevice()38
D/CanData ( 2380): SIZE OF DATA [14]
D/CanData ( 2380): NPCanDataHandler::onCanDataRcv
D/CanData ( 2380): NPCanDataRcvEvent::NPCanDataRcvEvent
D/CanData ( 2380): NPCanDataRcvEvent::Pack(PBYTE pbyBuf, PINT piBufSize)
D/CanData ( 2380): NPCanDataComManager::checkFrame(), END curPos:0
D/CanData ( 2388): NPCanDataRcvEvent::NPCanDataRcvEvent(PBYTE pbyBuf, PINT piBufSize)
D/CanBusData( 2388): onRcvCanDataEvent
D/CanBusData( 2388): onRcvCanDataEvent:newnewnewnew[12][16][6][96][3][0][240][0][0][0][0][0][0][0]
D/CanBusData( 2388): onRcvCanDataEvent value is 1632,into switch 
D/CanBusData( 2388): CanBus_SNR_STATUS  INFO 
D/CanBusData( 2388): CanBusData::onSNRInfoChange
D/CanBusData( 2388): CanBusData::NotifyToCallBack19,3,15
D/CanBusPlayer( 2388): CanBusPlayerService::CanDataCallBack
D/CanBusPlayer( 2388): CanBusPlayerService::notifyAllClient
D/CanBusPlayer( 2388): CanBusPlayerService::CanBusPlayer::notify pid is 2388 
D/CanBusData( 2388): CanBusData::mCallBack is null
D/CanBusData( 2388): CanBusData::NotifyToCallBack19,4,0
D/CanBusPlayer( 2388): CanBusPlayerService::CanDataCallBack
D/CanBusPlayer( 2388): CanBusPlayerService::notifyAllClient
D/CanBusPlayer( 2388): CanBusPlayerService::CanBusPlayer::notify pid is 2388 
D/CanBusData( 2388): CanBusData::mCallBack is null
D/CanData ( 2380): NPCanDataComManager::getDataFromDevice()39
D/CanData ( 2380): SIZE OF DATA [14]
D/CanData ( 2380): NPCanDataHandler::onCanDataRcv
D/CanData ( 2380): NPCanDataRcvEvent::NPCanDataRcvEvent
D/CanData ( 2380): NPCanDataRcvEvent::Pack(PBYTE pbyBuf, PINT piBufSize)
D/CanData ( 2380): NPCanDataComManager::checkFrame(), END curPos:0
D/CanData ( 2388): NPCanDataRcvEvent::NPCanDataRcvEvent(PBYTE pbyBuf, PINT piBufSize)
D/CanBusData( 2388): onRcvCanDataEvent
D/CanBusData( 2388): onRcvCanDataEvent:newnewnewnew[12][16][6][96][3][0][1][0][0][0][0][0][0][0]
D/CanBusData( 2388): onRcvCanDataEvent value is 1632,into switch 
D/CanBusData( 2388): CanBus_SNR_STATUS  INFO 
D/CanBusData( 2388): CanBusData::onSNRInfoChange
D/CanBusData( 2388): CanBusData::NotifyToCallBack19,4,1
D/CanBusPlayer( 2388): CanBusPlayerService::CanDataCallBack
D/CanBusPlayer( 2388): CanBusPlayerService::notifyAllClient
D/CanBusPlayer( 2388): CanBusPlayerService::CanBusPlayer::notify pid is 2388 
D/CanBusData( 2388): CanBusData::mCallBack is null
D/CanData ( 2380): NPCanDataComManager::getDataFromDevice()40
D/CanData ( 2380): SIZE OF DATA [14]
D/CanData ( 2380): NPCanDataHandler::onCanDataRcv
D/CanData ( 2380): NPCanDataRcvEvent::NPCanDataRcvEvent
D/CanData ( 2380): NPCanDataRcvEvent::Pack(PBYTE pbyBuf, PINT piBufSize)
D/CanData ( 2380): NPCanDataComManager::checkFrame(), END curPos:0
D/CanData ( 2388): NPCanDataRcvEvent::NPCanDataRcvEvent(PBYTE pbyBuf, PINT piBufSize)
D/CanBusData( 2388): onRcvCanDataEvent
D/CanBusData( 2388): onRcvCanDataEvent:newnewnewnew[12][16][6][96][3][0][2][0][0][0][0][0][0][0]
D/CanBusData( 2388): onRcvCanDataEvent value is 1632,into switch 
D/CanBusData( 2388): CanBus_SNR_STATUS  INFO 
D/CanBusData( 2388): CanBusData::onSNRInfoChange
D/CanBusData( 2388): CanBusData::NotifyToCallBack19,3,0
D/CanBusPlayer( 2388): CanBusPlayerService::CanDataCallBack
D/CanBusPlayer( 2388): CanBusPlayerService::notifyAllClient
D/CanBusPlayer( 2388): CanBusPlayerService::CanBusPlayer::notify pid is 2388 
D/CanBusData( 2388): CanBusData::mCallBack is null
D/CanBusData( 2388): CanBusData::NotifyToCallBack19,4,2
D/CanBusPlayer( 2388): CanBusPlayerService::CanDataCallBack
D/CanBusPlayer( 2388): CanBusPlayerService::notifyAllClient
D/CanBusPlayer( 2388): CanBusPlayerService::CanBusPlayer::notify pid is 2388 
D/CanBusData( 2388): CanBusData::mCallBack is null
D/CanData ( 2380): NPCanDataComManager::getDataFromDevice()41
D/CanData ( 2380): SIZE OF DATA [14]
D/CanData ( 2380): NPCanDataHandler::onCanDataRcv
D/CanData ( 2380): NPCanDataRcvEvent::NPCanDataRcvEvent
D/CanData ( 2380): NPCanDataRcvEvent::Pack(PBYTE pbyBuf, PINT piBufSize)
D/CanData ( 2380): NPCanDataComManager::checkFrame(), END curPos:0
D/CanData ( 2388): NPCanDataRcvEvent::NPCanDataRcvEvent(PBYTE pbyBuf, PINT piBufSize)
D/CanBusData( 2388): onRcvCanDataEvent
D/CanBusData( 2388): onRcvCanDataEvent:newnewnewnew[12][16][6][96][3][0][3][0][0][0][0][0][0][0]
D/CanBusData( 2388): onRcvCanDataEvent value is 1632,into switch 
D/CanBusData( 2388): CanBus_SNR_STATUS  INFO 
D/CanBusData( 2388): CanBusData::onSNRInfoChange
D/CanBusData( 2388): CanBusData::NotifyToCallBack19,3,0
D/CanBusPlayer( 2388): CanBusPlayerService::CanDataCallBack
D/CanBusPlayer( 2388): CanBusPlayerService::notifyAllClient
D/CanBusPlayer( 2388): CanBusPlayerService::CanBusPlayer::notify pid is 2388 
D/CanBusData( 2388): CanBusData::mCallBack is null
D/CanBusData( 2388): CanBusData::NotifyToCallBack19,4,3
D/CanBusPlayer( 2388): CanBusPlayerService::CanDataCallBack
D/CanBusPlayer( 2388): CanBusPlayerService::notifyAllClient
D/CanBusPlayer( 2388): CanBusPlayerService::CanBusPlayer::notify pid is 2388 
D/CanBusData( 2388): CanBusData::mCallBack is null
D/CanData ( 2380): NPCanDataComManager::getDataFromDevice()42
D/CanData ( 2380): SIZE OF DATA [14]
D/CanData ( 2380): NPCanDataHandler::onCanDataRcv
D/CanData ( 2380): NPCanDataRcvEvent::NPCanDataRcvEvent
D/CanData ( 2380): NPCanDataRcvEvent::Pack(PBYTE pbyBuf, PINT piBufSize)
D/CanData ( 2380): NPCanDataComManager::checkFrame(), END curPos:0
D/CanData ( 2388): NPCanDataRcvEvent::NPCanDataRcvEvent(PBYTE pbyBuf, PINT piBufSize)
D/CanBusData( 2388): onRcvCanDataEvent
D/CanBusData( 2388): onRcvCanDataEvent:newnewnewnew[12][16][6][96][3][0][12][0][0][0][0][0][0][0]
D/CanBusData( 2388): onRcvCanDataEvent value is 1632,into switch 
D/CanBusData( 2388): CanBus_SNR_STATUS  INFO 
D/CanBusData( 2388): CanBusData::onSNRInfoChange
D/CanBusData( 2388): CanBusData::NotifyToCallBack19,3,0
D/CanBusPlayer( 2388): CanBusPlayerService::CanDataCallBack
D/CanBusPlayer( 2388): CanBusPlayerService::notifyAllClient
D/CanBusPlayer( 2388): CanBusPlayerService::CanBusPlayer::notify pid is 2388 
D/CanBusData( 2388): CanBusData::mCallBack is null
D/CanBusData( 2388): CanBusData::NotifyToCallBack19,4,12
D/CanBusPlayer( 2388): CanBusPlayerService::CanDataCallBack
D/CanBusPlayer( 2388): CanBusPlayerService::notifyAllClient
D/CanBusPlayer( 2388): CanBusPlayerService::CanBusPlayer::notify pid is 2388 
D/CanBusData( 2388): CanBusData::mCallBack is null
D/CanData ( 2380): NPCanDataComManager::getDataFromDevice()43
D/CanData ( 2380): SIZE OF DATA [14]
D/CanData ( 2380): NPCanDataHandler::onCanDataRcv
D/CanData ( 2380): NPCanDataRcvEvent::NPCanDataRcvEvent
D/CanData ( 2380): NPCanDataRcvEvent::Pack(PBYTE pbyBuf, PINT piBufSize)
D/CanData ( 2380): NPCanDataComManager::checkFrame(), END curPos:0
D/CanData ( 2388): NPCanDataRcvEvent::NPCanDataRcvEvent(PBYTE pbyBuf, PINT piBufSize)
D/CanBusData( 2388): onRcvCanDataEvent
D/CanBusData( 2388): onRcvCanDataEvent:newnewnewnew[12][16][6][96][3][0][13][0][0][0][0][0][0][0]
D/CanBusData( 2388): onRcvCanDataEvent value is 1632,into switch 
D/CanBusData( 2388): CanBus_SNR_STATUS  INFO 
D/CanBusData( 2388): CanBusData::onSNRInfoChange
D/CanBusData( 2388): CanBusData::NotifyToCallBack19,3,0
D/CanBusPlayer( 2388): CanBusPlayerService::CanDataCallBack
D/CanBusPlayer( 2388): CanBusPlayerService::notifyAllClient
D/CanBusPlayer( 2388): CanBusPlayerService::CanBusPlayer::notify pid is 2388 
D/CanBusData( 2388): CanBusData::mCallBack is null
D/CanBusData( 2388): CanBusData::NotifyToCallBack19,4,13
D/CanBusPlayer( 2388): CanBusPlayerService::CanDataCallBack
D/CanBusPlayer( 2388): CanBusPlayerService::notifyAllClient
D/CanBusPlayer( 2388): CanBusPlayerService::CanBusPlayer::notify pid is 2388 
D/CanBusData( 2388): CanBusData::mCallBack is null
D/CanData ( 2380): NPCanDataComManager::getDataFromDevice()44
D/CanData ( 2380): SIZE OF DATA [14]
D/CanData ( 2380): NPCanDataHandler::onCanDataRcv
D/CanData ( 2380): NPCanDataRcvEvent::NPCanDataRcvEvent
D/CanData ( 2380): NPCanDataRcvEvent::Pack(PBYTE pbyBuf, PINT piBufSize)
D/CanData ( 2380): NPCanDataComManager::checkFrame(), END curPos:0
D/CanData ( 2388): NPCanDataRcvEvent::NPCanDataRcvEvent(PBYTE pbyBuf, PINT piBufSize)
D/CanBusData( 2388): onRcvCanDataEvent
D/CanBusData( 2388): onRcvCanDataEvent:newnewnewnew[12][16][6][96][3][0][14][0][0][0][0][0][0][0]
D/CanBusData( 2388): onRcvCanDataEvent value is 1632,into switch 
D/CanBusData( 2388): CanBus_SNR_STATUS  INFO 
D/CanBusData( 2388): CanBusData::onSNRInfoChange
D/CanBusData( 2388): CanBusData::NotifyToCallBack19,3,0
D/CanBusPlayer( 2388): CanBusPlayerService::CanDataCallBack
D/CanBusPlayer( 2388): CanBusPlayerService::notifyAllClient
D/CanBusPlayer( 2388): CanBusPlayerService::CanBusPlayer::notify pid is 2388 
D/CanBusData( 2388): CanBusData::mCallBack is null
D/CanBusData( 2388): CanBusData::NotifyToCallBack19,4,14
D/CanBusPlayer( 2388): CanBusPlayerService::CanDataCallBack
D/CanBusPlayer( 2388): CanBusPlayerService::notifyAllClient
D/CanBusPlayer( 2388): CanBusPlayerService::CanBusPlayer::notify pid is 2388 
D/CanBusData( 2388): CanBusData::mCallBack is null
D/CanData ( 2380): NPCanDataComManager::getDataFromDevice()45
D/CanData ( 2380): SIZE OF DATA [14]
D/CanData ( 2380): NPCanDataHandler::onCanDataRcv
D/CanData ( 2380): NPCanDataRcvEvent::NPCanDataRcvEvent
D/CanData ( 2380): NPCanDataRcvEvent::Pack(PBYTE pbyBuf, PINT piBufSize)
D/CanData ( 2380): NPCanDataComManager::checkFrame(), END curPos:0
D/CanData ( 2388): NPCanDataRcvEvent::NPCanDataRcvEvent(PBYTE pbyBuf, PINT piBufSize)
D/CanBusData( 2388): onRcvCanDataEvent
D/CanBusData( 2388): onRcvCanDataEvent:newnewnewnew[12][16][6][96][3][0][15][0][0][0][0][0][0][0]
D/CanBusData( 2388): onRcvCanDataEvent value is 1632,into switch 
D/CanBusData( 2388): CanBus_SNR_STATUS  INFO 
D/CanBusData( 2388): CanBusData::onSNRInfoChange
D/CanBusData( 2388): CanBusData::NotifyToCallBack19,3,0
D/CanBusPlayer( 2388): CanBusPlayerService::CanDataCallBack
D/CanBusPlayer( 2388): CanBusPlayerService::notifyAllClient
D/CanBusPlayer( 2388): CanBusPlayerService::CanBusPlayer::notify pid is 2388 
D/CanBusData( 2388): CanBusData::mCallBack is null
