D/CanBusPlayer( 2388): CanBusPlayerService::notifyAllClient
D/CanBusPlayer( 2388): CanBusPlayerService::CanBusPlayer::notify pid is 2388 
D/CanBusData( 2388): CanBusData::mCallBack is null
D/CanData ( 2380): NPCanDataComManager::getDataFromDevice()92
D/CanData ( 2380): SIZE OF DATA [14]
D/CanData ( 2380): NPCanDataHandler::onCanDataRcv
D/CanData ( 2380): NPCanDataRcvEvent::NPCanDataRcvEvent
D/CanData ( 2380): NPCanDataRcvEvent::Pack(PBYTE pbyBuf, PINT piBufSize)
D/CanData ( 2380): NPCanDataComManager::checkFrame(), END curPos:0
D/CanData ( 2388): NPCanDataRcvEvent::NPCanDataRcvEvent(PBYTE pbyBuf, PINT piBufSize)
D/CanBusData( 2388): onRcvCanDataEvent
D/CanBusData( 2388): onRcvCanDataEvent:newnewnewnew[12][16][6][48][8][0][0][0][0][80][0][0][0][0]
D/CanBusData( 2388): onRcvCanDataEvent value is 1584,into switch 
D/CanBusData( 2388): CanBus_BDY_STATUS  INFO 
D/CanBusData( 2388): CanBusData::onBDYInfoChange
D/CanBusData( 2388): CanBusData::NotifyToCallBack26,19,10
D/CanBusPlayer( 2388): CanBusPlayerService::CanDataCallBack
D/CanBusPlayer( 2388): CanBusPlayerService::notifyAllClient
D/CanBusPlayer( 2388): CanBusPlayerService::CanBusPlayer::notify pid is 2388 
D/CanBusData( 2388): CanBusData::mCallBack is null
D/CanData ( 2380): NPCanDataComManager::getDataFromDevice()93
D/CanData ( 2380): SIZE OF DATA [14]
D/CanData ( 2380): NPCanDataHandler::onCanDataRcv
D/CanData ( 2380): NPCanDataRcvEvent::NPCanDataRcvEvent
D/CanData ( 2380): NPCanDataRcvEvent::Pack(PBYTE pbyBuf, PINT piBufSize)
D/CanData ( 2380): NPCanDataComManager::checkFrame(), END curPos:0
D/CanData ( 2388): NPCanDataRcvEvent::NPCanDataRcvEvent(PBYTE pbyBuf, PINT piBufSize)
D/CanBusData( 2388): onRcvCanDataEvent
D/CanBusData( 2388): onRcvCanDataEvent:newnewnewnew[12][16][6][48][8][0][0][0][0][88][0][0][0][0]
D/CanBusData( 2388): onRcvCanDataEvent value is 1584,into switch 
D/CanBusData( 2388): CanBus_BDY_STATUS  INFO 
D/CanBusData( 2388): CanBusData::onBDYInfoChange
D/CanBusData( 2388): CanBusData::NotifyToCallBack26,19,11
D/CanBusPlayer( 2388): CanBusPlayerService::CanDataCallBack
D/CanBusPlayer( 2388): CanBusPlayerService::notifyAllClient
D/CanBusPlayer( 2388): CanBusPlayerService::CanBusPlayer::notify pid is 2388 
D/CanBusData( 2388): CanBusData::mCallBack is null
D/CanData ( 2380): NPCanDataComManager::getDataFromDevice()94
D/CanData ( 2380): SIZE OF DATA [14]
D/CanData ( 2380): NPCanDataHandler::onCanDataRcv
D/CanData ( 2380): NPCanDataRcvEvent::NPCanDataRcvEvent
D/CanData ( 2380): NPCanDataRcvEvent::Pack(PBYTE pbyBuf, PINT piBufSize)
D/CanData ( 2380): NPCanDataComManager::checkFrame(), END curPos:0
D/CanData ( 2388): NPCanDataRcvEvent::NPCanDataRcvEvent(PBYTE pbyBuf, PINT piBufSize)
D/CanBusData( 2388): onRcvCanDataEvent
D/CanBusData( 2388): onRcvCanDataEvent:newnewnewnew[12][16][6][48][8][0][0][0][0][96][0][0][0][0]
D/CanBusData( 2388): onRcvCanDataEvent value is 1584,into switch 
D/CanBusData( 2388): CanBus_BDY_STATUS  INFO 
D/CanBusData( 2388): CanBusData::onBDYInfoChange
D/CanBusData( 2388): CanBusData::NotifyToCallBack26,19,12
D/CanBusPlayer( 2388): CanBusPlayerService::CanDataCallBack
D/CanBusPlayer( 2388): CanBusPlayerService::notifyAllClient
D/CanBusPlayer( 2388): CanBusPlayerService::CanBusPlayer::notify pid is 2388 
D/CanBusData( 2388): CanBusData::mCallBack is null
D/CanData ( 2380): NPCanDataComManager::getDataFromDevice()95
D/CanData ( 2380): SIZE OF DATA [14]
D/CanData ( 2380): NPCanDataHandler::onCanDataRcv
D/CanData ( 2380): NPCanDataRcvEvent::NPCanDataRcvEvent
D/CanData ( 2380): NPCanDataRcvEvent::Pack(PBYTE pbyBuf, PINT piBufSize)
D/CanData ( 2380): NPCanDataComManager::checkFrame(), END curPos:0
D/CanData ( 2388): NPCanDataRcvEvent::NPCanDataRcvEvent(PBYTE pbyBuf, PINT piBufSize)
D/CanBusData( 2388): onRcvCanDataEvent
D/CanBusData( 2388): onRcvCanDataEvent:newnewnewnew[12][16][6][48][8][0][0][0][0][104][0][0][0][0]
D/CanBusData( 2388): onRcvCanDataEvent value is 1584,into switch 
D/CanBusData( 2388): CanBus_BDY_STATUS  INFO 
D/CanBusData( 2388): CanBusData::onBDYInfoChange
D/CanBusData( 2388): CanBusData::NotifyToCallBack26,19,13
D/CanBusPlayer( 2388): CanBusPlayerService::CanDataCallBack
D/CanBusPlayer( 2388): CanBusPlayerService::notifyAllClient
D/CanBusPlayer( 2388): CanBusPlayerService::CanBusPlayer::notify pid is 2388 
D/CanBusData( 2388): CanBusData::mCallBack is null
D/CanData ( 2380): NPCanDataComManager::getDataFromDevice()96
D/CanData ( 2380): SIZE OF DATA [14]
D/CanData ( 2380): NPCanDataHandler::onCanDataRcv
D/CanData ( 2380): NPCanDataRcvEvent::NPCanDataRcvEvent
D/CanData ( 2380): NPCanDataRcvEvent::Pack(PBYTE pbyBuf, PINT piBufSize)
D/CanData ( 2380): NPCanDataComManager::checkFrame(), END curPos:0
D/CanData ( 2388): NPCanDataRcvEvent::NPCanDataRcvEvent(PBYTE pbyBuf, PINT piBufSize)
D/CanBusData( 2388): onRcvCanDataEvent
D/CanBusData( 2388): onRcvCanDataEvent:newnewnewnew[12][16][6][48][8][0][0][0][0][120][0][0][0][0]
D/CanBusData( 2388): onRcvCanDataEvent value is 1584,into switch 
D/CanBusData( 2388): CanBus_BDY_STATUS  INFO 
D/CanBusData( 2388): CanBusData::onBDYInfoChange
D/CanBusData( 2388): CanBusData::NotifyToCallBack26,19,15
D/CanBusPlayer( 2388): CanBusPlayerService::CanDataCallBack
D/CanBusPlayer( 2388): CanBusPlayerService::notifyAllClient
D/CanBusPlayer( 2388): CanBusPlayerService::CanBusPlayer::notify pid is 2388 
D/CanBusData( 2388): CanBusData::mCallBack is null
D/CanData ( 2380): NPCanDataComManager::getDataFromDevice()97
D/CanData ( 2380): SIZE OF DATA [14]
D/CanData ( 2380): NPCanDataHandler::onCanDataRcv
D/CanData ( 2380): NPCanDataRcvEvent::NPCanDataRcvEvent
D/CanData ( 2380): NPCanDataRcvEvent::Pack(PBYTE pbyBuf, PINT piBufSize)
D/CanData ( 2380): NPCanDataComManager::checkFrame(), END curPos:0
D/CanData ( 2388): NPCanDataRcvEvent::NPCanDataRcvEvent(PBYTE pbyBuf, PINT piBufSize)
D/CanBusData( 2388): onRcvCanDataEvent
D/CanBusData( 2388): onRcvCanDataEvent:newnewnewnew[12][16][6][48][8][0][0][0][0][1][0][0][0][0]
D/CanBusData( 2388): onRcvCanDataEvent value is 1584,into switch 
D/CanBusData( 2388): CanBus_BDY_STATUS  INFO 
D/CanBusData( 2388): CanBusData::onBDYInfoChange
D/CanBusData( 2388): CanBusData::NotifyToCallBack26,19,0
D/CanBusPlayer( 2388): CanBusPlayerService::CanDataCallBack
D/CanBusPlayer( 2388): CanBusPlayerService::notifyAllClient
D/CanBusPlayer( 2388): CanBusPlayerService::CanBusPlayer::notify pid is 2388 
D/CanBusData( 2388): CanBusData::mCallBack is null
D/CanBusData( 2388): CanBusData::NotifyToCallBack26,20,1
D/CanBusPlayer( 2388): CanBusPlayerService::CanDataCallBack
D/CanBusPlayer( 2388): CanBusPlayerService::notifyAllClient
D/CanBusPlayer( 2388): CanBusPlayerService::CanBusPlayer::notify pid is 2388 
D/CanBusData( 2388): CanBusData::mCallBack is null
D/CanData ( 2380): NPCanDataComManager::getDataFromDevice()98
D/CanData ( 2380): SIZE OF DATA [14]
D/CanData ( 2380): NPCanDataHandler::onCanDataRcv
D/CanData ( 2380): NPCanDataRcvEvent::NPCanDataRcvEvent
D/CanData ( 2380): NPCanDataRcvEvent::Pack(PBYTE pbyBuf, PINT piBufSize)
D/CanData ( 2380): NPCanDataComManager::checkFrame(), END curPos:0
D/CanData ( 2388): NPCanDataRcvEvent::NPCanDataRcvEvent(PBYTE pbyBuf, PINT piBufSize)
D/CanBusData( 2388): onRcvCanDataEvent
D/CanBusData( 2388): onRcvCanDataEvent:newnewnewnew[12][16][6][48][8][0][0][0][0][0][8][0][0][0]
D/CanBusData( 2388): onRcvCanDataEvent value is 1584,into switch 
D/CanBusData( 2388): CanBus_BDY_STATUS  INFO 
D/CanBusData( 2388): CanBusData::onBDYInfoChange
D/CanBusData( 2388): CanBusData::NotifyToCallBack26,20,0
D/CanBusPlayer( 2388): CanBusPlayerService::CanDataCallBack
D/CanBusPlayer( 2388): CanBusPlayerService::notifyAllClient
D/CanBusPlayer( 2388): CanBusPlayerService::CanBusPlayer::notify pid is 2388 
D/CanBusData( 2388): CanBusData::mCallBack is null
D/CanBusData( 2388): CanBusData::NotifyToCallBack26,24,1
D/CanBusPlayer( 2388): CanBusPlayerService::CanDataCallBack
D/CanBusPlayer( 2388): CanBusPlayerService::notifyAllClient
D/CanBusPlayer( 2388): CanBusPlayerService::CanBusPlayer::notify pid is 2388 
D/CanBusData( 2388): CanBusData::mCallBack is null
D/CanData ( 2380): NPCanDataComManager::getDataFromDevice()99
D/CanData ( 2380): SIZE OF DATA [14]
D/CanData ( 2380): NPCanDataHandler::onCanDataRcv
D/CanData ( 2380): NPCanDataRcvEvent::NPCanDataRcvEvent
D/CanData ( 2380): NPCanDataRcvEvent::Pack(PBYTE pbyBuf, PINT piBufSize)
D/CanData ( 2380): NPCanDataComManager::checkFrame(), END curPos:0
D/CanData ( 2388): NPCanDataRcvEvent::NPCanDataRcvEvent(PBYTE pbyBuf, PINT piBufSize)
D/CanBusData( 2388): onRcvCanDataEvent
D/CanBusData( 2388): onRcvCanDataEvent:newnewnewnew[12][16][6][48][8][128][0][0][0][0][0][0][0][0]
D/CanBusData( 2388): onRcvCanDataEvent value is 1584,into switch 
D/CanBusData( 2388): CanBus_BDY_STATUS  INFO 
D/CanBusData( 2388): CanBusData::onBDYInfoChange
D/CanBusData( 2388): CanBusData::NotifyToCallBack26,24,0
D/CanBusPlayer( 2388): CanBusPlayerService::CanDataCallBack
D/CanBusPlayer( 2388): CanBusPlayerService::notifyAllClient
D/CanBusPlayer( 2388): CanBusPlayerService::CanBusPlayer::notify pid is 2388 
D/CanBusData( 2388): CanBusData::mCallBack is null
D/CanData ( 2380): NPCanDataComManager::getDataFromDevice()100
D/CanData ( 2380): SIZE OF DATA [14]
D/CanData ( 2380): NPCanDataHandler::onCanDataRcv
D/CanData ( 2380): NPCanDataRcvEvent::NPCanDataRcvEvent
D/CanData ( 2380): NPCanDataRcvEvent::Pack(PBYTE pbyBuf, PINT piBufSize)
D/CanData ( 2380): NPCanDataComManager::checkFrame(), END curPos:0
D/CanData ( 2388): NPCanDataRcvEvent::NPCanDataRcvEvent(PBYTE pbyBuf, PINT piBufSize)
D/CanBusData( 2388): onRcvCanDataEvent
D/CanBusData( 2388): onRcvCanDataEvent:newnewnewnew[12][16][6][48][8][64][0][0][0][0][0][0][0][0]
D/CanBusData( 2388): onRcvCanDataEvent value is 1584,into switch 
D/CanBusData( 2388): CanBus_BDY_STATUS  INFO 
D/CanBusData( 2388): CanBusData::onBDYInfoChange
D/CanBusData( 2388): CanBusData::NotifyToCallBack26,1,1
D/CanBusPlayer( 2388): CanBusPlayerService::CanDataCallBack
D/CanBusPlayer( 2388): CanBusPlayerService::notifyAllClient
D/CanBusPlayer( 2388): CanBusPlayerService::CanBusPlayer::notify pid is 2388 
D/CanBusData( 2388): CanBusData::mCallBack is null
D/CanData ( 2380): NPCanDataComManager::getDataFromDevice()101
D/CanData ( 2380): SIZE OF DATA [14]
D/CanData ( 2380): NPCanDataHandler::onCanDataRcv
D/CanData ( 2380): NPCanDataRcvEvent::NPCanDataRcvEvent
D/CanData ( 2380): NPCanDataRcvEvent::Pack(PBYTE pbyBuf, PINT piBufSize)
D/CanData ( 2380): NPCanDataComManager::checkFrame(), END curPos:0
D/CanData ( 2388): NPCanDataRcvEvent::NPCanDataRcvEvent(PBYTE pbyBuf, PINT piBufSize)
D/CanBusData( 2388): onRcvCanDataEvent
D/CanBusData( 2388): onRcvCanDataEvent:newnewnewnew[12][16][6][48][8][32][0][0][0][0][0][0][0][0]
D/CanBusData( 2388): onRcvCanDataEvent value is 1584,into switch 
D/CanBusData( 2388): CanBus_BDY_STATUS  INFO 
D/CanBusData( 2388): CanBusData::onBDYInfoChange
D/CanBusData( 2388): CanBusData::NotifyToCallBack26,1,0
D/CanBusPlayer( 2388): CanBusPlayerService::CanDataCallBack
D/CanBusPlayer( 2388): CanBusPlayerService::notifyAllClient
D/CanBusPlayer( 2388): CanBusPlayerService::CanBusPlayer::notify pid is 2388 
D/CanBusData( 2388): CanBusData::mCallBack is null
D/CanBusData( 2388): CanBusData::NotifyToCallBack26,2,1
D/CanBusPlayer( 2388): CanBusPlayerService::CanDataCallBack
D/CanBusPlayer( 2388): CanBusPlayerService::notifyAllClient
D/CanBusPlayer( 2388): CanBusPlayerService::CanBusPlayer::notify pid is 2388 
D/CanBusData( 2388): CanBusData::mCallBack is null
D/CanData ( 2380): NPCanDataComManager::getDataFromDevice()102
D/CanData ( 2380): SIZE OF DATA [14]
D/CanData ( 2380): NPCanDataHandler::onCanDataRcv
D/CanData ( 2380): NPCanDataRcvEvent::NPCanDataRcvEvent
D/CanData ( 2380): NPCanDataRcvEvent::Pack(PBYTE pbyBuf, PINT piBufSize)
D/CanData ( 2380): NPCanDataComManager::checkFrame(), END curPos:0
D/CanData ( 2388): NPCanDataRcvEvent::NPCanDataRcvEvent(PBYTE pbyBuf, PINT piBufSize)
D/CanBusData( 2388): onRcvCanDataEvent
D/CanBusData( 2388): onRcvCanDataEvent:newnewnewnew[12][16][0][37][8][2][184][0][0][0][0][0][0][3]
D/CanBusData( 2388): onRcvCanDataEvent value is 37,into switch 
D/CanBusData( 2388): CanBus_STR_STATUS  INFO 
D/CanBusData( 2388): CanBus_STR_STATUS tmptmp:[0][0][0][0][2][184][0][0]
D/CanBusData( 2388): CanBus_STR_STATUS m_STRm_STR:[0][0][0][0][2][184][0][0]
D/CanBusData( 2388): CanBusData::onSTRInfoChange
D/CanBusData( 2388): CanBusData::NotifyToCallBack7,4,696
D/CanBusPlayer( 2388): CanBusPlayerService::CanDataCallBack
D/CanBusPlayer( 2388): CanBusPlayerService::notifyAllClient
D/CanBusPlayer( 2388): CanBusPlayerService::CanBusPlayer::notify pid is 2388 
D/CanBusData( 2388): CanBusData::mCallBack is null

Thermal sensor with ratio = 185

