D/CanBusData( 2388): CanBusData::NotifyToCallBack19,4,15
D/CanBusPlayer( 2388): CanBusPlayerService::CanDataCallBack
D/CanBusPlayer( 2388): CanBusPlayerService::notifyAllClient
D/CanBusPlayer( 2388): CanBusPlayerService::CanBusPlayer::notify pid is 2388 
D/CanBusData( 2388): CanBusData::mCallBack is null
D/CanData ( 2380): NPCanDataComManager::getDataFromDevice()46
D/CanData ( 2380): SIZE OF DATA [14]
D/CanData ( 2380): NPCanDataHandler::onCanDataRcv
D/CanData ( 2380): NPCanDataRcvEvent::NPCanDataRcvEvent
D/CanData ( 2380): NPCanDataRcvEvent::Pack(PBYTE pbyBuf, PINT piBufSize)
D/CanData ( 2380): NPCanDataComManager::checkFrame(), END curPos:0
D/CanData ( 2388): NPCanDataRcvEvent::NPCanDataRcvEvent(PBYTE pbyBuf, PINT piBufSize)
D/CanBusData( 2388): onRcvCanDataEvent
D/CanBusData( 2388): onRcvCanDataEvent:newnewnewnew[12][16][3][115][3][0][0][0][0][0][0][0][0][0]
D/CanBusData( 2388): onRcvCanDataEvent value is 883,into switch 
D/CanBusData( 2388): CanBus_CGWM_STATUS  INFO 
D/CanData ( 2380): NPCanDataComManager::getDataFromDevice()47
D/CanData ( 2380): SIZE OF DATA [14]
D/CanData ( 2380): NPCanDataHandler::onCanDataRcv
D/CanData ( 2380): NPCanDataRcvEvent::NPCanDataRcvEvent
D/CanData ( 2380): NPCanDataRcvEvent::Pack(PBYTE pbyBuf, PINT piBufSize)
D/CanData ( 2380): NPCanDataComManager::checkFrame(), END curPos:0
D/CanData ( 2388): NPCanDataRcvEvent::NPCanDataRcvEvent(PBYTE pbyBuf, PINT piBufSize)
D/CanBusData( 2388): onRcvCanDataEvent
D/CanBusData( 2388): onRcvCanDataEvent:newnewnewnew[12][16][3][115][3][16][0][0][0][0][0][0][0][0]
D/CanBusData( 2388): onRcvCanDataEvent value is 883,into switch 
D/CanBusData( 2388): CanBus_CGWM_STATUS  INFO 
D/CanBusData( 2388): CanBusData::onCGWMInfoChange 
D/CanBusData( 2388): CanBusData::NotifyToCallBack21,1,1
D/CanBusPlayer( 2388): CanBusPlayerService::CanDataCallBack
D/CanBusPlayer( 2388): CanBusPlayerService::notifyAllClient
D/CanBusPlayer( 2388): CanBusPlayerService::CanBusPlayer::notify pid is 2388 
D/CanBusData( 2388): CanBusData::mCallBack is null
D/CanData ( 2380): NPCanDataComManager::getDataFromDevice()48
D/CanData ( 2380): SIZE OF DATA [14]
D/CanData ( 2380): NPCanDataHandler::onCanDataRcv
D/CanData ( 2380): NPCanDataRcvEvent::NPCanDataRcvEvent
D/CanData ( 2380): NPCanDataRcvEvent::Pack(PBYTE pbyBuf, PINT piBufSize)
D/CanData ( 2380): NPCanDataComManager::checkFrame(), END curPos:0
D/CanData ( 2388): NPCanDataRcvEvent::NPCanDataRcvEvent(PBYTE pbyBuf, PINT piBufSize)
D/CanBusData( 2388): onRcvCanDataEvent
D/CanBusData( 2388): onRcvCanDataEvent:newnewnewnew[12][16][3][115][3][32][0][0][0][0][0][0][0][0]
D/CanBusData( 2388): onRcvCanDataEvent value is 883,into switch 
D/CanBusData( 2388): CanBus_CGWM_STATUS  INFO 
D/CanBusData( 2388): CanBusData::onCGWMInfoChange 
D/CanBusData( 2388): CanBusData::NotifyToCallBack21,1,2
D/CanBusPlayer( 2388): CanBusPlayerService::CanDataCallBack
D/CanBusPlayer( 2388): CanBusPlayerService::notifyAllClient
D/CanBusPlayer( 2388): CanBusPlayerService::CanBusPlayer::notify pid is 2388 
D/CanBusData( 2388): CanBusData::mCallBack is null
D/CanData ( 2380): NPCanDataComManager::getDataFromDevice()49
D/CanData ( 2380): SIZE OF DATA [14]
D/CanData ( 2380): NPCanDataHandler::onCanDataRcv
D/CanData ( 2380): NPCanDataRcvEvent::NPCanDataRcvEvent
D/CanData ( 2380): NPCanDataRcvEvent::Pack(PBYTE pbyBuf, PINT piBufSize)
D/CanData ( 2380): NPCanDataComManager::checkFrame(), END curPos:0
D/CanData ( 2388): NPCanDataRcvEvent::NPCanDataRcvEvent(PBYTE pbyBuf, PINT piBufSize)
D/CanBusData( 2388): onRcvCanDataEvent
D/CanBusData( 2388): onRcvCanDataEvent:newnewnewnew[12][16][3][115][3][48][0][0][0][0][0][0][0][0]
D/CanBusData( 2388): onRcvCanDataEvent value is 883,into switch 
D/CanBusData( 2388): CanBus_CGWM_STATUS  INFO 
D/CanBusData( 2388): CanBusData::onCGWMInfoChange 
D/CanBusData( 2388): CanBusData::NotifyToCallBack21,1,3
D/CanBusPlayer( 2388): CanBusPlayerService::CanDataCallBack
D/CanBusPlayer( 2388): CanBusPlayerService::notifyAllClient
D/CanBusPlayer( 2388): CanBusPlayerService::CanBusPlayer::notify pid is 2388 
D/CanBusData( 2388): CanBusData::mCallBack is null
D/CanData ( 2380): NPCanDataComManager::getDataFromDevice()50
D/CanData ( 2380): SIZE OF DATA [14]
D/CanData ( 2380): NPCanDataHandler::onCanDataRcv
D/CanData ( 2380): NPCanDataRcvEvent::NPCanDataRcvEvent
D/CanData ( 2380): NPCanDataRcvEvent::Pack(PBYTE pbyBuf, PINT piBufSize)
D/CanData ( 2380): NPCanDataComManager::checkFrame(), END curPos:0
D/CanData ( 2388): NPCanDataRcvEvent::NPCanDataRcvEvent(PBYTE pbyBuf, PINT piBufSize)
D/CanBusData( 2388): onRcvCanDataEvent
D/CanBusData( 2388): onRcvCanDataEvent:newnewnewnew[12][16][3][115][3][1][0][0][0][0][0][0][0][0]
D/CanBusData( 2388): onRcvCanDataEvent value is 883,into switch 
D/CanBusData( 2388): CanBus_CGWM_STATUS  INFO 
D/CanBusData( 2388): CanBusData::onCGWMInfoChange 
D/CanBusData( 2388): CanBusData::NotifyToCallBack21,1,0
D/CanBusPlayer( 2388): CanBusPlayerService::CanDataCallBack
D/CanBusPlayer( 2388): CanBusPlayerService::notifyAllClient
D/CanBusPlayer( 2388): CanBusPlayerService::CanBusPlayer::notify pid is 2388 
D/CanBusData( 2388): CanBusData::mCallBack is null
D/CanBusData( 2388): CanBusData::NotifyToCallBack21,2,1
D/CanBusPlayer( 2388): CanBusPlayerService::CanDataCallBack
D/CanBusPlayer( 2388): CanBusPlayerService::notifyAllClient
D/CanBusPlayer( 2388): CanBusPlayerService::CanBusPlayer::notify pid is 2388 
D/CanBusData( 2388): CanBusData::mCallBack is null
D/CanData ( 2380): NPCanDataComManager::getDataFromDevice()51
D/CanData ( 2380): SIZE OF DATA [14]
D/CanData ( 2380): NPCanDataHandler::onCanDataRcv
D/CanData ( 2380): NPCanDataRcvEvent::NPCanDataRcvEvent
D/CanData ( 2380): NPCanDataRcvEvent::Pack(PBYTE pbyBuf, PINT piBufSize)
D/CanData ( 2380): NPCanDataComManager::checkFrame(), END curPos:0
D/CanData ( 2388): NPCanDataRcvEvent::NPCanDataRcvEvent(PBYTE pbyBuf, PINT piBufSize)
D/CanBusData( 2388): onRcvCanDataEvent
D/CanBusData( 2388): onRcvCanDataEvent:newnewnewnew[12][16][3][115][3][2][0][0][0][0][0][0][0][0]
D/CanBusData( 2388): onRcvCanDataEvent value is 883,into switch 
D/CanBusData( 2388): CanBus_CGWM_STATUS  INFO 
D/CanBusData( 2388): CanBusData::onCGWMInfoChange 
D/CanBusData( 2388): CanBusData::NotifyToCallBack21,2,2
D/CanBusPlayer( 2388): CanBusPlayerService::CanDataCallBack
D/CanBusPlayer( 2388): CanBusPlayerService::notifyAllClient
D/CanBusPlayer( 2388): CanBusPlayerService::CanBusPlayer::notify pid is 2388 
D/CanBusData( 2388): CanBusData::mCallBack is null
D/CanData ( 2380): NPCanDataComManager::getDataFromDevice()52
D/CanData ( 2380): SIZE OF DATA [14]
D/CanData ( 2380): NPCanDataHandler::onCanDataRcv
D/CanData ( 2380): NPCanDataRcvEvent::NPCanDataRcvEvent
D/CanData ( 2380): NPCanDataRcvEvent::Pack(PBYTE pbyBuf, PINT piBufSize)
D/CanData ( 2380): NPCanDataComManager::checkFrame(), END curPos:0
D/CanData ( 2388): NPCanDataRcvEvent::NPCanDataRcvEvent(PBYTE pbyBuf, PINT piBufSize)
D/CanBusData( 2388): onRcvCanDataEvent
D/CanBusData( 2388): onRcvCanDataEvent:newnewnewnew[12][16][3][115][3][3][0][0][0][0][0][0][0][0]
D/CanBusData( 2388): onRcvCanDataEvent value is 883,into switch 
D/CanBusData( 2388): CanBus_CGWM_STATUS  INFO 
D/CanBusData( 2388): CanBusData::onCGWMInfoChange 
D/CanBusData( 2388): CanBusData::NotifyToCallBack21,2,3
D/CanBusPlayer( 2388): CanBusPlayerService::CanDataCallBack
D/CanBusPlayer( 2388): CanBusPlayerService::notifyAllClient
D/CanBusPlayer( 2388): CanBusPlayerService::CanBusPlayer::notify pid is 2388 
D/CanBusData( 2388): CanBusData::mCallBack is null
D/CanData ( 2380): NPCanDataComManager::getDataFromDevice()53
D/CanData ( 2380): SIZE OF DATA [14]
D/CanData ( 2380): NPCanDataHandler::onCanDataRcv
D/CanData ( 2380): NPCanDataRcvEvent::NPCanDataRcvEvent
D/CanData ( 2380): NPCanDataRcvEvent::Pack(PBYTE pbyBuf, PINT piBufSize)
D/CanData ( 2380): NPCanDataComManager::checkFrame(), END curPos:0
D/CanData ( 2388): NPCanDataRcvEvent::NPCanDataRcvEvent(PBYTE pbyBuf, PINT piBufSize)
D/CanBusData( 2388): onRcvCanDataEvent
D/CanBusData( 2388): onRcvCanDataEvent:newnewnewnew[12][16][3][115][3][4][0][0][0][0][0][0][0][0]
D/CanBusData( 2388): onRcvCanDataEvent value is 883,into switch 
D/CanBusData( 2388): CanBus_CGWM_STATUS  INFO 
D/CanBusData( 2388): CanBusData::onCGWMInfoChange 
D/CanBusData( 2388): CanBusData::NotifyToCallBack21,2,4
D/CanBusPlayer( 2388): CanBusPlayerService::CanDataCallBack
D/CanBusPlayer( 2388): CanBusPlayerService::notifyAllClient
D/CanBusPlayer( 2388): CanBusPlayerService::CanBusPlayer::notify pid is 2388 
D/CanBusData( 2388): CanBusData::mCallBack is null
D/CanData ( 2380): NPCanDataComManager::getDataFromDevice()54
D/CanData ( 2380): SIZE OF DATA [14]
D/CanData ( 2380): NPCanDataHandler::onCanDataRcv
D/CanData ( 2380): NPCanDataRcvEvent::NPCanDataRcvEvent
D/CanData ( 2380): NPCanDataRcvEvent::Pack(PBYTE pbyBuf, PINT piBufSize)
D/CanData ( 2380): NPCanDataComManager::checkFrame(), END curPos:0
D/CanData ( 2388): NPCanDataRcvEvent::NPCanDataRcvEvent(PBYTE pbyBuf, PINT piBufSize)
D/CanBusData( 2388): onRcvCanDataEvent
D/CanBusData( 2388): onRcvCanDataEvent:newnewnewnew[12][16][3][115][3][5][0][0][0][0][0][0][0][0]
D/CanBusData( 2388): onRcvCanDataEvent value is 883,into switch 
D/CanBusData( 2388): CanBus_CGWM_STATUS  INFO 
D/CanBusData( 2388): CanBusData::onCGWMInfoChange 
D/CanBusData( 2388): CanBusData::NotifyToCallBack21,2,5
D/CanBusPlayer( 2388): CanBusPlayerService::CanDataCallBack
D/CanBusPlayer( 2388): CanBusPlayerService::notifyAllClient
D/CanBusPlayer( 2388): CanBusPlayerService::CanBusPlayer::notify pid is 2388 
D/CanBusData( 2388): CanBusData::mCallBack is null
D/CanData ( 2380): NPCanDataComManager::getDataFromDevice()55
D/CanData ( 2380): SIZE OF DATA [14]
D/CanData ( 2380): NPCanDataHandler::onCanDataRcv
D/CanData ( 2380): NPCanDataRcvEvent::NPCanDataRcvEvent
D/CanData ( 2380): NPCanDataRcvEvent::Pack(PBYTE pbyBuf, PINT piBufSize)
D/CanData ( 2380): NPCanDataComManager::checkFrame(), END curPos:0
D/CanData ( 2388): NPCanDataRcvEvent::NPCanDataRcvEvent(PBYTE pbyBuf, PINT piBufSize)
D/CanBusData( 2388): onRcvCanDataEvent
D/CanBusData( 2388): onRcvCanDataEvent:newnewnewnew[12][16][3][115][3][6][0][0][0][0][0][0][0][0]
D/CanBusData( 2388): onRcvCanDataEvent value is 883,into switch 
D/CanBusData( 2388): CanBus_CGWM_STATUS  INFO 
D/CanBusData( 2388): CanBusData::onCGWMInfoChange 
D/CanBusData( 2388): CanBusData::NotifyToCallBack21,2,6
D/CanBusPlayer( 2388): CanBusPlayerService::CanDataCallBack
D/CanBusPlayer( 2388): CanBusPlayerService::notifyAllClient
D/CanBusPlayer( 2388): CanBusPlayerService::CanBusPlayer::notify pid is 2388 
D/CanBusData( 2388): CanBusData::mCallBack is null
D/CanData ( 2380): NPCanDataComManager::getDataFromDevice()56
D/CanData ( 2380): SIZE OF DATA [14]
D/CanData ( 2380): NPCanDataHandler::onCanDataRcv
D/CanData ( 2380): NPCanDataRcvEvent::NPCanDataRcvEvent
D/CanData ( 2380): NPCanDataRcvEvent::Pack(PBYTE pbyBuf, PINT piBufSize)
D/CanData ( 2380): NPCanDataComManager::checkFrame(), END curPos:0
D/CanData ( 2388): NPCanDataRcvEvent::NPCanDataRcvEvent(PBYTE pbyBuf, PINT piBufSize)
D/CanBusData( 2388): onRcvCanDataEvent
D/CanBusData( 2388): onRcvCanDataEvent:newnewnewnew[12][16][3][115][3][7][0][0][0][0][0][0][0][0]
D/CanBusData( 2388): onRcvCanDataEvent value is 883,into switch 
D/CanBusData( 2388): CanBus_CGWM_STATUS  INFO 
D/CanBusData( 2388): CanBusData::onCGWMInfoChange 
D/CanBusData( 2388): CanBusData::NotifyToCallBack21,2,7
D/CanBusPlayer( 2388): CanBusPlayerService::CanDataCallBack
D/CanBusPlayer( 2388): CanBusPlayerService::notifyAllClient
D/CanBusPlayer( 2388): CanBusPlayerService::CanBusPlayer::notify pid is 2388 
D/CanBusData( 2388): CanBusData::mCallBack is null
D/CanData ( 2380): NPCanDataComManager::getDataFromDevice()57
D/CanData ( 2380): SIZE OF DATA [14]
D/CanData ( 2380): NPCanDataHandler::onCanDataRcv
D/CanData ( 2380): NPCanDataRcvEvent::NPCanDataRcvEvent
D/CanData ( 2380): NPCanDataRcvEvent::Pack(PBYTE pbyBuf, PINT piBufSize)
D/CanData ( 2380): NPCanDataComManager::checkFrame(), END curPos:0
D/CanData ( 2388): NPCanDataRcvEvent::NPCanDataRcvEvent(PBYTE pbyBuf, PINT piBufSize)
D/CanBusData( 2388): onRcvCanDataEvent
D/CanBusData( 2388): onRcvCanDataEvent:newnewnewnew[12][16][3][115][3][8][0][0][0][0][0][0][0][0]
D/CanBusData( 2388): onRcvCanDataEvent value is 883,into switch 
D/CanBusData( 2388): CanBus_CGWM_STATUS  INFO 
D/CanBusData( 2388): CanBusData::onCGWMInfoChange 
D/CanBusData( 2388): CanBusData::NotifyToCallBack21,2,8
D/CanBusPlayer( 2388): CanBusPlayerService::CanDataCallBack
D/CanBusPlayer( 2388): CanBusPlayerService::notifyAllClient
D/CanBusPlayer( 2388): CanBusPlayerService::CanBusPlayer::notify pid is 2388 
D/CanBusData( 2388): CanBusData::mCallBack is null
D/CanData ( 2380): NPCanDataComManager::getDataFromDevice()58
D/CanData ( 2380): SIZE OF DATA [14]
D/CanData ( 2380): NPCanDataHandler::onCanDataRcv
D/CanData ( 2380): NPCanDataRcvEvent::NPCanDataRcvEvent
D/CanData ( 2380): NPCanDataRcvEvent::Pack(PBYTE pbyBuf, PINT piBufSize)
D/CanData ( 2380): NPCanDataComManager::checkFrame(), END curPos:0
D/CanData ( 2388): NPCanDataRcvEvent::NPCanDataRcvEvent(PBYTE pbyBuf, PINT piBufSize)
D/CanBusData( 2388): onRcvCanDataEvent
D/CanBusData( 2388): onRcvCanDataEvent:newnewnewnew[12][16][3][115][3][9][0][0][0][0][0][0][0][0]
D/CanBusData( 2388): onRcvCanDataEvent value is 883,into switch 
D/CanBusData( 2388): CanBus_CGWM_STATUS  INFO 
D/CanBusData( 2388): CanBusData::onCGWMInfoChange 
D/CanBusData( 2388): CanBusData::NotifyToCallBack21,2,9
D/CanBusPlayer( 2388): CanBusPlayerService::CanDataCallBack
D/CanBusPlayer( 2388): CanBusPlayerService::notifyAllClient
D/CanBusPlayer( 2388): CanBusPlayerService::CanBusPlayer::notify pid is 2388 
D/CanBusData( 2388): CanBusData::mCallBack is null
D/CanData ( 2380): NPCanDataComManager::getDataFromDevice()59
D/CanData ( 2380): SIZE OF DATA [14]
D/CanData ( 2380): NPCanDataHandler::onCanDataRcv
D/CanData ( 2380): NPCanDataRcvEvent::NPCanDataRcvEvent
D/CanData ( 2380): NPCanDataRcvEvent::Pack(PBYTE pbyBuf, PINT piBufSize)
D/CanData ( 2380): NPCanDataComManager::checkFrame(), END curPos:0
D/CanData ( 2388): NPCanDataRcvEvent::NPCanDataRcvEvent(PBYTE pbyBuf, PINT piBufSize)
D/CanBusData( 2388): onRcvCanDataEvent
D/CanBusData( 2388): onRcvCanDataEvent:newnewnewnew[12][16][3][115][3][10][0][0][0][0][0][0][0][0]
D/CanBusData( 2388): onRcvCanDataEvent value is 883,into switch 
D/CanBusData( 2388): CanBus_CGWM_STATUS  INFO 
D/CanBusData( 2388): CanBusData::onCGWMInfoChange 
D/CanBusData( 2388): CanBusData::NotifyToCallBack21,2,10
D/CanBusPlayer( 2388): CanBusPlayerService::CanDataCallBack
D/CanBusPlayer( 2388): CanBusPlayerService::notifyAllClient
D/CanBusPlayer( 2388): CanBusPlayerService::CanBusPlayer::notify pid is 2388 
D/CanBusData( 2388): CanBusData::mCallBack is null
D/CanData ( 2380): NPCanDataComManager::getDataFromDevice()60
D/CanData ( 2380): SIZE OF DATA [14]
D/CanData ( 2380): NPCanDataHandler::onCanDataRcv
D/CanData ( 2380): NPCanDataRcvEvent::NPCanDataRcvEvent
D/CanData ( 2380): NPCanDataRcvEvent::Pack(PBYTE pbyBuf, PINT piBufSize)
D/CanData ( 2380): NPCanDataComManager::checkFrame(), END curPos:0
D/CanData ( 2388): NPCanDataRcvEvent::NPCanDataRcvEvent(PBYTE pbyBuf, PINT piBufSize)
D/CanBusData( 2388): onRcvCanDataEvent
D/CanBusData( 2388): onRcvCanDataEvent:newnewnewnew[12][16][3][115][3][11][0][0][0][0][0][0][0][0]
D/CanBusData( 2388): onRcvCanDataEvent value is 883,into switch 
D/CanBusData( 2388): CanBus_CGWM_STATUS  INFO 
D/CanBusData( 2388): CanBusData::onCGWMInfoChange 
D/CanBusData( 2388): CanBusData::NotifyToCallBack21,2,11
D/CanBusPlayer( 2388): CanBusPlayerService::CanDataCallBack
D/CanBusPlayer( 2388): CanBusPlayerService::notifyAllClient
D/CanBusPlayer( 2388): CanBusPlayerService::CanBusPlayer::notify pid is 2388 
D/CanBusData( 2388): CanBusData::mCallBack is null
D/CanData ( 2380): NPCanDataComManager::getDataFromDevice()61
D/CanData ( 2380): SIZE OF DATA [14]
D/CanData ( 2380): NPCanDataHandler::onCanDataRcv
D/CanData ( 2380): NPCanDataRcvEvent::NPCanDataRcvEvent
D/CanData ( 2380): NPCanDataRcvEvent::Pack(PBYTE pbyBuf, PINT piBufSize)
D/CanData ( 2380): NPCanDataComManager::checkFrame(), END curPos:0
D/CanData ( 2388): NPCanDataRcvEvent::NPCanDataRcvEvent(PBYTE pbyBuf, PINT piBufSize)
D/CanBusData( 2388): onRcvCanDataEvent
D/CanBusData( 2388): onRcvCanDataEvent:newnewnewnew[12][16][3][115][3][12][0][0][0][0][0][0][0][0]
D/CanBusData( 2388): onRcvCanDataEvent value is 883,into switch 
D/CanBusData( 2388): CanBus_CGWM_STATUS  INFO 
D/CanBusData( 2388): CanBusData::onCGWMInfoChange 
D/CanBusData( 2388): CanBusData::NotifyToCallBack21,2,12
D/CanBusPlayer( 2388): CanBusPlayerService::CanDataCallBack
D/CanBusPlayer( 2388): CanBusPlayerService::notifyAllClient
D/CanBusPlayer( 2388): CanBusPlayerService::CanBusPlayer::notify pid is 2388 
D/CanBusData( 2388): CanBusData::mCallBack is null
D/CanData ( 2380): NPCanDataComManager::getDataFromDevice()62
D/CanData ( 2380): SIZE OF DATA [14]
D/CanData ( 2380): NPCanDataHandler::onCanDataRcv
D/CanData ( 2380): NPCanDataRcvEvent::NPCanDataRcvEvent
D/CanData ( 2380): NPCanDataRcvEvent::Pack(PBYTE pbyBuf, PINT piBufSize)
D/CanData ( 2380): NPCanDataComManager::checkFrame(), END curPos:0
D/CanData ( 2388): NPCanDataRcvEvent::NPCanDataRcvEvent(PBYTE pbyBuf, PINT piBufSize)
D/CanBusData( 2388): onRcvCanDataEvent
D/CanBusData( 2388): onRcvCanDataEvent:newnewnewnew[12][16][3][115][3][13][0][0][0][0][0][0][0][0]
D/CanBusData( 2388): onRcvCanDataEvent value is 883,into switch 
D/CanBusData( 2388): CanBus_CGWM_STATUS  INFO 
D/CanBusData( 2388): CanBusData::onCGWMInfoChange 
D/CanBusData( 2388): CanBusData::NotifyToCallBack21,2,13
D/CanBusPlayer( 2388): CanBusPlayerService::CanDataCallBack
D/CanBusPlayer( 2388): CanBusPlayerService::notifyAllClient
D/CanBusPlayer( 2388): CanBusPlayerService::CanBusPlayer::notify pid is 2388 
D/CanBusData( 2388): CanBusData::mCallBack is null
D/CanData ( 2380): NPCanDataComManager::getDataFromDevice()63
D/CanData ( 2380): SIZE OF DATA [14]
D/CanData ( 2380): NPCanDataHandler::onCanDataRcv
D/CanData ( 2380): NPCanDataRcvEvent::NPCanDataRcvEvent
D/CanData ( 2380): NPCanDataRcvEvent::Pack(PBYTE pbyBuf, PINT piBufSize)
D/CanData ( 2380): NPCanDataComManager::checkFrame(), END curPos:0
D/CanData ( 2388): NPCanDataRcvEvent::NPCanDataRcvEvent(PBYTE pbyBuf, PINT piBufSize)
D/CanBusData( 2388): onRcvCanDataEvent
D/CanBusData( 2388): onRcvCanDataEvent:newnewnewnew[12][16][3][115][3][14][0][0][0][0][0][0][0][0]
D/CanBusData( 2388): onRcvCanDataEvent value is 883,into switch 
D/CanBusData( 2388): CanBus_CGWM_STATUS  INFO 
D/CanBusData( 2388): CanBusData::onCGWMInfoChange 
D/CanBusData( 2388): CanBusData::NotifyToCallBack21,2,14
D/CanBusPlayer( 2388): CanBusPlayerService::CanDataCallBack
D/CanBusPlayer( 2388): CanBusPlayerService::notifyAllClient
D/CanBusPlayer( 2388): CanBusPlayerService::CanBusPlayer::notify pid is 2388 
D/CanBusData( 2388): CanBusData::mCallBack is null
D/CanData ( 2380): NPCanDataComManager::getDataFromDevice()64
D/CanData ( 2380): SIZE OF DATA [14]
D/CanData ( 2380): NPCanDataHandler::onCanDataRcv
D/CanData ( 2380): NPCanDataRcvEvent::NPCanDataRcvEvent
D/CanData ( 2380): NPCanDataRcvEvent::Pack(PBYTE pbyBuf, PINT piBufSize)
D/CanData ( 2380): NPCanDataComManager::checkFrame(), END curPos:0
D/CanData ( 2388): NPCanDataRcvEvent::NPCanDataRcvEvent(PBYTE pbyBuf, PINT piBufSize)
D/CanBusData( 2388): onRcvCanDataEvent
D/CanBusData( 2388): onRcvCanDataEvent:newnewnewnew[12][16][3][115][3][15][0][0][0][0][0][0][0][0]
D/CanBusData( 2388): onRcvCanDataEvent value is 883,into switch 
D/CanBusData( 2388): CanBus_CGWM_STATUS  INFO 
D/CanBusData( 2388): CanBusData::onCGWMInfoChange 
D/CanBusData( 2388): CanBusData::NotifyToCallBack21,2,15
D/CanBusPlayer( 2388): CanBusPlayerService::CanDataCallBack
D/CanBusPlayer( 2388): CanBusPlayerService::notifyAllClient
D/CanBusPlayer( 2388): CanBusPlayerService::CanBusPlayer::notify pid is 2388 
D/CanBusData( 2388): CanBusData::mCallBack is null
D/CanData ( 2380): NPCanDataComManager::getDataFromDevice()65
D/CanData ( 2380): SIZE OF DATA [14]
D/CanData ( 2380): NPCanDataHandler::onCanDataRcv
D/CanData ( 2380): NPCanDataRcvEvent::NPCanDataRcvEvent
D/CanData ( 2380): NPCanDataRcvEvent::Pack(PBYTE pbyBuf, PINT piBufSize)
D/CanData ( 2380): NPCanDataComManager::checkFrame(), END curPos:0
D/CanData ( 2388): NPCanDataRcvEvent::NPCanDataRcvEvent(PBYTE pbyBuf, PINT piBufSize)
D/CanBusData( 2388): onRcvCanDataEvent
D/CanBusData( 2388): onRcvCanDataEvent:newnewnewnew[12][16][3][177][2][0][0][0][0][0][0][0][0][0]
D/CanBusData( 2388): onRcvCanDataEvent value is 945,into switch 
D/CanBusData( 2388): CanBus_ABG_STATUS INFO 
D/CanData ( 2380): NPCanDataComManager::getDataFromDevice()66
D/CanData ( 2380): SIZE OF DATA [14]
D/CanData ( 2380): NPCanDataHandler::onCanDataRcv
D/CanData ( 2380): NPCanDataRcvEvent::NPCanDataRcvEvent
D/CanData ( 2380): NPCanDataRcvEvent::Pack(PBYTE pbyBuf, PINT piBufSize)
D/CanData ( 2380): NPCanDataComManager::checkFrame(), END curPos:0
D/CanData ( 2388): NPCanDataRcvEvent::NPCanDataRcvEvent(PBYTE pbyBuf, PINT piBufSize)
D/CanBusData( 2388): onRcvCanDataEvent
D/CanBusData( 2388): onRcvCanDataEvent:newnewnewnew[12][16][3][177][2][4][0][0][0][0][0][0][0][0]
D/CanBusData( 2388): onRcvCanDataEvent value is 945,into switch 
D/CanBusData( 2388): CanBus_ABG_STATUS INFO 
D/CanBusData( 2388): CanBusData::onABGInfoChange 
D/CanBusData( 2388): CanBusData::NotifyToCallBack22,1,1
D/CanBusPlayer( 2388): CanBusPlayerService::CanDataCallBack
D/CanBusPlayer( 2388): CanBusPlayerService::notifyAllClient
D/CanBusPlayer( 2388): CanBusPlayerService::CanBusPlayer::notify pid is 2388 
D/CanBusData( 2388): CanBusData::mCallBack is null
D/CanData ( 2380): NPCanDataComManager::getDataFromDevice()67
D/CanData ( 2380): SIZE OF DATA [14]
D/CanData ( 2380): NPCanDataHandler::onCanDataRcv
D/CanData ( 2380): NPCanDataRcvEvent::NPCanDataRcvEvent
D/CanData ( 2380): NPCanDataRcvEvent::Pack(PBYTE pbyBuf, PINT piBufSize)
D/CanData ( 2380): NPCanDataComManager::checkFrame(), END curPos:0
D/CanData ( 2388): NPCanDataRcvEvent::NPCanDataRcvEvent(PBYTE pbyBuf, PINT piBufSize)
D/CanBusData( 2388): onRcvCanDataEvent
D/CanBusData( 2388): onRcvCanDataEvent:newnewnewnew[12][16][3][177][2][8][0][0][0][0][0][0][0][0]
D/CanBusData( 2388): onRcvCanDataEvent value is 945,into switch 
D/CanBusData( 2388): CanBus_ABG_STATUS INFO 
D/CanBusData( 2388): CanBusData::onABGInfoChange 
D/CanBusData( 2388): CanBusData::NotifyToCallBack22,1,2
D/CanBusPlayer( 2388): CanBusPlayerService::CanDataCallBack
D/CanBusPlayer( 2388): CanBusPlayerService::notifyAllClient
D/CanBusPlayer( 2388): CanBusPlayerService::CanBusPlayer::notify pid is 2388 
D/CanBusData( 2388): CanBusData::mCallBack is null
D/CanData ( 2380): NPCanDataComManager::getDataFromDevice()68
D/CanData ( 2380): SIZE OF DATA [14]
D/CanData ( 2380): NPCanDataHandler::onCanDataRcv
D/CanData ( 2380): NPCanDataRcvEvent::NPCanDataRcvEvent
D/CanData ( 2380): NPCanDataRcvEvent::Pack(PBYTE pbyBuf, PINT piBufSize)
D/CanData ( 2380): NPCanDataComManager::checkFrame(), END curPos:0
D/CanData ( 2388): NPCanDataRcvEvent::NPCanDataRcvEvent(PBYTE pbyBuf, PINT piBufSize)
D/CanBusData( 2388): onRcvCanDataEvent
D/CanBusData( 2388): onRcvCanDataEvent:newnewnewnew[12][16][3][177][2][12][0][0][0][0][0][0][0][0]
D/CanBusData( 2388): onRcvCanDataEvent value is 945,into switch 
D/CanBusData( 2388): CanBus_ABG_STATUS INFO 
D/CanBusData( 2388): CanBusData::onABGInfoChange 
D/CanBusData( 2388): CanBusData::NotifyToCallBack22,1,3
D/CanBusPlayer( 2388): CanBusPlayerService::CanDataCallBack
D/CanBusPlayer( 2388): CanBusPlayerService::notifyAllClient
D/CanBusPlayer( 2388): CanBusPlayerService::CanBusPlayer::notify pid is 2388 
D/CanBusData( 2388): CanBusData::mCallBack is null
D/CanData ( 2380): NPCanDataComManager::getDataFromDevice()69
D/CanData ( 2380): SIZE OF DATA [14]
D/CanData ( 2380): NPCanDataHandler::onCanDataRcv
D/CanData ( 2380): NPCanDataRcvEvent::NPCanDataRcvEvent
D/CanData ( 2380): NPCanDataRcvEvent::Pack(PBYTE pbyBuf, PINT piBufSize)
D/CanData ( 2380): NPCanDataComManager::checkFrame(), END curPos:0
D/CanData ( 2388): NPCanDataRcvEvent::NPCanDataRcvEvent(PBYTE pbyBuf, PINT piBufSize)
D/CanBusData( 2388): onRcvCanDataEvent
D/CanBusData( 2388): onRcvCanDataEvent:newnewnewnew[12][16][1][128][4][0][0][0][0][0][0][0][0][0]
D/CanBusData( 2388): onRcvCanDataEvent value is 384,into switch 
D/CanBusData( 2388): CanBus_MET_STATUS INFO 
D/CanData ( 2380): NPCanDataComManager::getDataFromDevice()70
D/CanData ( 2380): SIZE OF DATA [14]
D/CanData ( 2380): NPCanDataHandler::onCanDataRcv
D/CanData ( 2380): NPCanDataRcvEvent::NPCanDataRcvEvent
D/CanData ( 2380): NPCanDataRcvEvent::Pack(PBYTE pbyBuf, PINT piBufSize)
D/CanData ( 2380): NPCanDataComManager::checkFrame(), END curPos:0
D/CanData ( 2388): NPCanDataRcvEvent::NPCanDataRcvEvent(PBYTE pbyBuf, PINT piBufSize)
D/CanBusData( 2388): onRcvCanDataEvent
D/CanBusData( 2388): onRcvCanDataEvent:newnewnewnew[12][16][1][128][4][4][0][0][0][0][0][0][0][0]
D/CanBusData( 2388): onRcvCanDataEvent value is 384,into switch 
D/CanBusData( 2388): CanBus_MET_STATUS INFO 
D/CanBusData( 2388): CanBusData::onMETInfoChange
D/CanBusData( 2388): CanBusData::NotifyToCallBack23,1,1
D/CanBusPlayer( 2388): CanBusPlayerService::CanDataCallBack
D/CanBusPlayer( 2388): CanBusPlayerService::notifyAllClient
D/CanBusPlayer( 2388): CanBusPlayerService::CanBusPlayer::notify pid is 2388 
D/CanBusData( 2388): CanBusData::mCallBack is null
D/CanData ( 2380): NPCanDataComManager::getDataFromDevice()71
D/CanData ( 2380): SIZE OF DATA [14]
D/CanData ( 2380): NPCanDataHandler::onCanDataRcv
D/CanData ( 2380): NPCanDataRcvEvent::NPCanDataRcvEvent
D/CanData ( 2380): NPCanDataRcvEvent::Pack(PBYTE pbyBuf, PINT piBufSize)
D/CanData ( 2380): NPCanDataComManager::checkFrame(), END curPos:0
D/CanData ( 2388): NPCanDataRcvEvent::NPCanDataRcvEvent(PBYTE pbyBuf, PINT piBufSize)
D/CanBusData( 2388): onRcvCanDataEvent
D/CanBusData( 2388): onRcvCanDataEvent:newnewnewnew[12][16][1][128][4][2][0][0][0][0][0][0][0][0]
D/CanBusData( 2388): onRcvCanDataEvent value is 384,into switch 
D/CanBusData( 2388): CanBus_MET_STATUS INFO 
D/CanBusData( 2388): CanBusData::onMETInfoChange
D/CanBusData( 2388): CanBusData::NotifyToCallBack23,1,0
D/CanBusPlayer( 2388): CanBusPlayerService::CanDataCallBack
D/CanBusPlayer( 2388): CanBusPlayerService::notifyAllClient
D/CanBusPlayer( 2388): CanBusPlayerService::CanBusPlayer::notify pid is 2388 
D/CanBusData( 2388): CanBusData::mCallBack is null
D/CanBusData( 2388): CanBusData::NotifyToCallBack23,2,1
D/CanBusPlayer( 2388): CanBusPlayerService::CanDataCallBack
D/CanBusPlayer( 2388): CanBusPlayerService::notifyAllClient
D/CanBusPlayer( 2388): CanBusPlayerService::CanBusPlayer::notify pid is 2388 
D/CanBusData( 2388): CanBusData::mCallBack is null
D/CanData ( 2380): NPCanDataComManager::getDataFromDevice()72
D/CanData ( 2380): SIZE OF DATA [14]
D/CanData ( 2380): NPCanDataHandler::onCanDataRcv
D/CanData ( 2380): NPCanDataRcvEvent::NPCanDataRcvEvent
D/CanData ( 2380): NPCanDataRcvEvent::Pack(PBYTE pbyBuf, PINT piBufSize)
D/CanData ( 2380): NPCanDataComManager::checkFrame(), END curPos:0
D/CanData ( 2388): NPCanDataRcvEvent::NPCanDataRcvEvent(PBYTE pbyBuf, PINT piBufSize)
D/CanBusData( 2388): onRcvCanDataEvent
D/CanBusData( 2388): onRcvCanDataEvent:newnewnewnew[12][16][1][128][4][0][255][0][0][0][0][0][0][0]
D/CanBusData( 2388): onRcvCanDataEvent value is 384,into switch 
D/CanBusData( 2388): CanBus_MET_STATUS INFO 
D/CanBusData( 2388): CanBusData::onMETInfoChange
D/CanBusData( 2388): CanBusData::NotifyToCallBack23,2,0
D/CanBusPlayer( 2388): CanBusPlayerService::CanDataCallBack
D/CanBusPlayer( 2388): CanBusPlayerService::notifyAllClient
D/CanBusPlayer( 2388): CanBusPlayerService::CanBusPlayer::notify pid is 2388 
D/CanBusData( 2388): CanBusData::mCallBack is null
D/CanBusData( 2388): CanBusData::NotifyToCallBack23,4,255
D/CanBusPlayer( 2388): CanBusPlayerService::CanDataCallBack
D/CanBusPlayer( 2388): CanBusPlayerService::notifyAllClient
D/CanBusPlayer( 2388): CanBusPlayerService::CanBusPlayer::notify pid is 2388 
D/CanBusData( 2388): CanBusData::mCallBack is null
D/CanData ( 2380): NPCanDataComManager::getDataFromDevice()73
D/CanData ( 2380): SIZE OF DATA [14]
D/CanData ( 2380): NPCanDataHandler::onCanDataRcv
D/CanData ( 2380): NPCanDataRcvEvent::NPCanDataRcvEvent
D/CanData ( 2380): NPCanDataRcvEvent::Pack(PBYTE pbyBuf, PINT piBufSize)
D/CanData ( 2380): NPCanDataComManager::checkFrame(), END curPos:0
D/CanData ( 2388): NPCanDataRcvEvent::NPCanDataRcvEvent(PBYTE pbyBuf, PINT piBufSize)
D/CanBusData( 2388): onRcvCanDataEvent
D/CanBusData( 2388): onRcvCanDataEvent:newnewnewnew[12][16][0][128][5][0][0][0][0][0][0][0][0][0]
D/CanBusData( 2388): onRcvCanDataEvent value is 128,into switch 
D/CanBusData( 2388): CanBus_MET_SP_STATUS INFO 
D/CanBusData( 2388): CanBusData::onMETSPInfoChange
D/CanData ( 2380): NPCanDataComManager::getDataFromDevice()74
D/CanData ( 2380): SIZE OF DATA [14]
D/CanData ( 2380): NPCanDataHandler::onCanDataRcv
D/CanData ( 2380): NPCanDataRcvEvent::NPCanDataRcvEvent
D/CanData ( 2380): NPCanDataRcvEvent::Pack(PBYTE pbyBuf, PINT piBufSize)
D/CanData ( 2380): NPCanDataComManager::checkFrame(), END curPos:0
D/CanData ( 2388): NPCanDataRcvEvent::NPCanDataRcvEvent(PBYTE pbyBuf, PINT piBufSize)
D/CanBusData( 2388): onRcvCanDataEvent
D/CanBusData( 2388): onRcvCanDataEvent:newnewnewnew[12][16][6][48][8][0][0][0][0][0][0][0][0][0]
D/CanBusData( 2388): onRcvCanDataEvent value is 1584,into switch 
D/CanBusData( 2388): CanBus_BDY_STATUS  INFO 
D/CanData ( 2380): NPCanDataComManager::getDataFromDevice()75
D/CanData ( 2380): SIZE OF DATA [14]
D/CanData ( 2380): NPCanDataHandler::onCanDataRcv
D/CanData ( 2380): NPCanDataRcvEvent::NPCanDataRcvEvent
D/CanData ( 2380): NPCanDataRcvEvent::Pack(PBYTE pbyBuf, PINT piBufSize)
D/CanData ( 2380): NPCanDataComManager::checkFrame(), END curPos:0
D/CanData ( 2388): NPCanDataRcvEvent::NPCanDataRcvEvent(PBYTE pbyBuf, PINT piBufSize)
D/CanBusData( 2388): onRcvCanDataEvent
D/CanBusData( 2388): onRcvCanDataEvent:newnewnewnew[12][16][6][48][8][64][0][0][0][0][0][0][0][0]
D/CanBusData( 2388): onRcvCanDataEvent value is 1584,into switch 
D/CanBusData( 2388): CanBus_BDY_STATUS  INFO 
D/CanBusData( 2388): CanBusData::onBDYInfoChange
D/CanBusData( 2388): CanBusData::NotifyToCallBack26,1,1
D/CanBusPlayer( 2388): CanBusPlayerService::CanDataCallBack
D/CanBusPlayer( 2388): CanBusPlayerService::notifyAllClient
D/CanBusPlayer( 2388): CanBusPlayerService::CanBusPlayer::notify pid is 2388 
D/CanBusData( 2388): CanBusData::mCallBack is null
D/CanData ( 2380): NPCanDataComManager::getDataFromDevice()76
D/CanData ( 2380): SIZE OF DATA [14]
D/CanData ( 2380): NPCanDataHandler::onCanDataRcv
D/CanData ( 2380): NPCanDataRcvEvent::NPCanDataRcvEvent
D/CanData ( 2380): NPCanDataRcvEvent::Pack(PBYTE pbyBuf, PINT piBufSize)
D/CanData ( 2380): NPCanDataComManager::checkFrame(), END curPos:0
D/CanData ( 2388): NPCanDataRcvEvent::NPCanDataRcvEvent(PBYTE pbyBuf, PINT piBufSize)
D/CanBusData( 2388): onRcvCanDataEvent
D/CanBusData( 2388): onRcvCanDataEvent:newnewnewnew[12][16][6][48][8][32][0][0][0][0][0][0][0][0]
D/CanBusData( 2388): onRcvCanDataEvent value is 1584,into switch 
D/CanBusData( 2388): CanBus_BDY_STATUS  INFO 
D/CanBusData( 2388): CanBusData::onBDYInfoChange
D/CanBusData( 2388): CanBusData::NotifyToCallBack26,1,0
D/CanBusPlayer( 2388): CanBusPlayerService::CanDataCallBack
D/CanBusPlayer( 2388): CanBusPlayerService::notifyAllClient
D/CanBusPlayer( 2388): CanBusPlayerService::CanBusPlayer::notify pid is 2388 
D/CanBusData( 2388): CanBusData::mCallBack is null
D/CanBusData( 2388): CanBusData::NotifyToCallBack26,2,1
D/CanBusPlayer( 2388): CanBusPlayerService::CanDataCallBack
D/CanBusPlayer( 2388): CanBusPlayerService::notifyAllClient
D/CanBusPlayer( 2388): CanBusPlayerService::CanBusPlayer::notify pid is 2388 
D/CanBusData( 2388): CanBusData::mCallBack is null
D/CanData ( 2380): NPCanDataComManager::getDataFromDevice()77
D/CanData ( 2380): SIZE OF DATA [14]
D/CanData ( 2380): NPCanDataHandler::onCanDataRcv
D/CanData ( 2380): NPCanDataRcvEvent::NPCanDataRcvEvent
D/CanData ( 2380): NPCanDataRcvEvent::Pack(PBYTE pbyBuf, PINT piBufSize)
D/CanData ( 2380): NPCanDataComManager::checkFrame(), END curPos:0
D/CanData ( 2388): NPCanDataRcvEvent::NPCanDataRcvEvent(PBYTE pbyBuf, PINT piBufSize)
D/CanBusData( 2388): onRcvCanDataEvent
D/CanBusData( 2388): onRcvCanDataEvent:newnewnewnew[12][16][6][48][8][16][0][0][0][0][0][0][0][0]
D/CanBusData( 2388): onRcvCanDataEvent value is 1584,into switch 
D/CanBusData( 2388): CanBus_BDY_STATUS  INFO 
D/CanBusData( 2388): CanBusData::onBDYInfoChange
D/CanBusData( 2388): CanBusData::NotifyToCallBack26,2,0
D/CanBusPlayer( 2388): CanBusPlayerService::CanDataCallBack
D/CanBusPlayer( 2388): CanBusPlayerService::notifyAllClient
D/CanBusPlayer( 2388): CanBusPlayerService::CanBusPlayer::notify pid is 2388 
D/CanBusData( 2388): CanBusData::mCallBack is null
D/CanBusData( 2388): CanBusData::NotifyToCallBack26,3,1
D/CanBusPlayer( 2388): CanBusPlayerService::CanDataCallBack
D/CanBusPlayer( 2388): CanBusPlayerService::notifyAllClient
D/CanBusPlayer( 2388): CanBusPlayerService::CanBusPlayer::notify pid is 2388 
D/CanBusData( 2388): CanBusData::mCallBack is null
D/CanData ( 2380): NPCanDataComManager::getDataFromDevice()78
D/CanData ( 2380): SIZE OF DATA [14]
D/CanData ( 2380): NPCanDataHandler::onCanDataRcv
D/CanData ( 2380): NPCanDataRcvEvent::NPCanDataRcvEvent
D/CanData ( 2380): NPCanDataRcvEvent::Pack(PBYTE pbyBuf, PINT piBufSize)
D/CanData ( 2380): NPCanDataComManager::checkFrame(), END curPos:0
D/CanData ( 2388): NPCanDataRcvEvent::NPCanDataRcvEvent(PBYTE pbyBuf, PINT piBufSize)
D/CanBusData( 2388): onRcvCanDataEvent
D/CanBusData( 2388): onRcvCanDataEvent:newnewnewnew[12][16][6][48][8][8][0][0][0][0][0][0][0][0]
D/CanBusData( 2388): onRcvCanDataEvent value is 1584,into switch 
D/CanBusData( 2388): CanBus_BDY_STATUS  INFO 
D/CanBusData( 2388): CanBusData::onBDYInfoChange
D/CanBusData( 2388): CanBusData::NotifyToCallBack26,3,0
D/CanBusPlayer( 2388): CanBusPlayerService::CanDataCallBack
D/CanBusPlayer( 2388): CanBusPlayerService::notifyAllClient
D/CanBusPlayer( 2388): CanBusPlayerService::CanBusPlayer::notify pid is 2388 
D/CanBusData( 2388): CanBusData::mCallBack is null
D/CanBusData( 2388): CanBusData::NotifyToCallBack26,4,0
D/CanBusPlayer( 2388): CanBusPlayerService::CanDataCallBack
D/CanBusPlayer( 2388): CanBusPlayerService::notifyAllClient
D/CanBusPlayer( 2388): CanBusPlayerService::CanBusPlayer::notify pid is 2388 
D/CanBusData( 2388): CanBusData::mCallBack is null
D/CanData ( 2380): NPCanDataComManager::getDataFromDevice()79
D/CanData ( 2380): SIZE OF DATA [14]
D/CanData ( 2380): NPCanDataHandler::onCanDataRcv
D/CanData ( 2380): NPCanDataRcvEvent::NPCanDataRcvEvent
D/CanData ( 2380): NPCanDataRcvEvent::Pack(PBYTE pbyBuf, PINT piBufSize)
D/CanData ( 2380): NPCanDataComManager::checkFrame(), END curPos:0
D/CanData ( 2388): NPCanDataRcvEvent::NPCanDataRcvEvent(PBYTE pbyBuf, PINT piBufSize)
D/CanBusData( 2388): onRcvCanDataEvent
D/CanBusData( 2388): onRcvCanDataEvent:newnewnewnew[12][16][6][48][8][0][16][0][0][0][0][0][0][0]
D/CanBusData( 2388): onRcvCanDataEvent value is 1584,into switch 
D/CanBusData( 2388): CanBus_BDY_STATUS  INFO 
D/CanBusData( 2388): CanBusData::onBDYInfoChange
D/CanBusData( 2388): CanBusData::NotifyToCallBack26,4,0
D/CanBusPlayer( 2388): CanBusPlayerService::CanDataCallBack
D/CanBusPlayer( 2388): CanBusPlayerService::notifyAllClient
D/CanBusPlayer( 2388): CanBusPlayerService::CanBusPlayer::notify pid is 2388 
D/CanBusData( 2388): CanBusData::mCallBack is null
D/CanBusData( 2388): CanBusData::NotifyToCallBack26,8,1
D/CanBusPlayer( 2388): CanBusPlayerService::CanDataCallBack
D/CanBusPlayer( 2388): CanBusPlayerService::notifyAllClient
D/CanBusPlayer( 2388): CanBusPlayerService::CanBusPlayer::notify pid is 2388 
D/CanBusData( 2388): CanBusData::mCallBack is null
D/CanData ( 2380): NPCanDataComManager::getDataFromDevice()80
D/CanData ( 2380): SIZE OF DATA [14]
D/CanData ( 2380): NPCanDataHandler::onCanDataRcv
D/CanData ( 2380): NPCanDataRcvEvent::NPCanDataRcvEvent
D/CanData ( 2380): NPCanDataRcvEvent::Pack(PBYTE pbyBuf, PINT piBufSize)
D/CanData ( 2380): NPCanDataComManager::checkFrame(), END curPos:0
D/CanData ( 2388): NPCanDataRcvEvent::NPCanDataRcvEvent(PBYTE pbyBuf, PINT piBufSize)
D/CanBusData( 2388): onRcvCanDataEvent
D/CanBusData( 2388): onRcvCanDataEvent:newnewnewnew[12][16][6][48][8][0][4][0][0][0][0][0][0][0]
D/CanBusData( 2388): onRcvCanDataEvent value is 1584,into switch 
D/CanBusData( 2388): CanBus_BDY_STATUS  INFO 
D/CanBusData( 2388): CanBusData::onBDYInfoChange
D/CanBusData( 2388): CanBusData::NotifyToCallBack26,8,0
D/CanBusPlayer( 2388): CanBusPlayerService::CanDataCallBack
D/CanBusPlayer( 2388): CanBusPlayerService::notifyAllClient
D/CanBusPlayer( 2388): CanBusPlayerService::CanBusPlayer::notify pid is 2388 
D/CanBusData( 2388): CanBusData::mCallBack is null
D/CanBusData( 2388): CanBusData::NotifyToCallBack26,10,1
D/CanBusPlayer( 2388): CanBusPlayerService::CanDataCallBack
D/CanBusPlayer( 2388): CanBusPlayerService::notifyAllClient
D/CanBusPlayer( 2388): CanBusPlayerService::CanBusPlayer::notify pid is 2388 
D/CanBusData( 2388): CanBusData::mCallBack is null
D/CanData ( 2380): NPCanDataComManager::getDataFromDevice()81
D/CanData ( 2380): SIZE OF DATA [14]
D/CanData ( 2380): NPCanDataHandler::onCanDataRcv
D/CanData ( 2380): NPCanDataRcvEvent::NPCanDataRcvEvent
D/CanData ( 2380): NPCanDataRcvEvent::Pack(PBYTE pbyBuf, PINT piBufSize)
D/CanData ( 2380): NPCanDataComManager::checkFrame(), END curPos:0
D/CanData ( 2388): NPCanDataRcvEvent::NPCanDataRcvEvent(PBYTE pbyBuf, PINT piBufSize)
D/CanBusData( 2388): onRcvCanDataEvent
D/CanBusData( 2388): onRcvCanDataEvent:newnewnewnew[12][16][6][48][8][0][2][0][0][0][0][0][0][0]
D/CanBusData( 2388): onRcvCanDataEvent value is 1584,into switch 
D/CanBusData( 2388): CanBus_BDY_STATUS  INFO 
D/CanBusData( 2388): CanBusData::onBDYInfoChange
D/CanBusData( 2388): CanBusData::NotifyToCallBack26,10,0
D/CanBusPlayer( 2388): CanBusPlayerService::CanDataCallBack
D/CanBusPlayer( 2388): CanBusPlayerService::notifyAllClient
D/CanBusPlayer( 2388): CanBusPlayerService::CanBusPlayer::notify pid is 2388 
D/CanBusData( 2388): CanBusData::mCallBack is null
D/CanBusData( 2388): CanBusData::NotifyToCallBack26,11,1
D/CanBusPlayer( 2388): CanBusPlayerService::CanDataCallBack
D/CanBusPlayer( 2388): CanBusPlayerService::notifyAllClient
D/CanBusPlayer( 2388): CanBusPlayerService::CanBusPlayer::notify pid is 2388 
D/CanBusData( 2388): CanBusData::mCallBack is null
D/CanData ( 2380): NPCanDataComManager::getDataFromDevice()82
D/CanData ( 2380): SIZE OF DATA [14]
D/CanData ( 2380): NPCanDataHandler::onCanDataRcv
D/CanData ( 2380): NPCanDataRcvEvent::NPCanDataRcvEvent
D/CanData ( 2380): NPCanDataRcvEvent::Pack(PBYTE pbyBuf, PINT piBufSize)
D/CanData ( 2380): NPCanDataComManager::checkFrame(), END curPos:0
D/CanData ( 2388): NPCanDataRcvEvent::NPCanDataRcvEvent(PBYTE pbyBuf, PINT piBufSize)
D/CanBusData( 2388): onRcvCanDataEvent
D/CanBusData( 2388): onRcvCanDataEvent:newnewnewnew[12][16][6][48][8][0][0][128][0][0][0][0][0][0]
D/CanBusData( 2388): onRcvCanDataEvent value is 1584,into switch 
D/CanBusData( 2388): CanBus_BDY_STATUS  INFO 
D/CanBusData( 2388): CanBusData::onBDYInfoChange
D/CanBusData( 2388): CanBusData::NotifyToCallBack26,11,0
D/CanBusPlayer( 2388): CanBusPlayerService::CanDataCallBack
D/CanBusPlayer( 2388): CanBusPlayerService::notifyAllClient
D/CanBusPlayer( 2388): CanBusPlayerService::CanBusPlayer::notify pid is 2388 
D/CanBusData( 2388): CanBusData::mCallBack is null
D/CanBusData( 2388): CanBusData::NotifyToCallBack26,13,1
D/CanBusPlayer( 2388): CanBusPlayerService::CanDataCallBack
D/CanBusPlayer( 2388): CanBusPlayerService::notifyAllClient
D/CanBusPlayer( 2388): CanBusPlayerService::CanBusPlayer::notify pid is 2388 
D/CanBusData( 2388): CanBusData::mCallBack is null
D/CanData ( 2380): NPCanDataComManager::getDataFromDevice()83
D/CanData ( 2380): SIZE OF DATA [14]
D/CanData ( 2380): NPCanDataHandler::onCanDataRcv
D/CanData ( 2380): NPCanDataRcvEvent::NPCanDataRcvEvent
D/CanData ( 2380): NPCanDataRcvEvent::Pack(PBYTE pbyBuf, PINT piBufSize)
D/CanData ( 2380): NPCanDataComManager::checkFrame(), END curPos:0
D/CanData ( 2388): NPCanDataRcvEvent::NPCanDataRcvEvent(PBYTE pbyBuf, PINT piBufSize)
D/CanBusData( 2388): onRcvCanDataEvent
D/CanBusData( 2388): onRcvCanDataEvent:newnewnewnew[12][16][6][48][8][0][0][0][16][0][0][0][0][0]
D/CanBusData( 2388): onRcvCanDataEvent value is 1584,into switch 
D/CanBusData( 2388): CanBus_BDY_STATUS  INFO 
D/CanBusData( 2388): CanBusData::onBDYInfoChange
D/CanBusData( 2388): CanBusData::NotifyToCallBack26,13,0
D/CanBusPlayer( 2388): CanBusPlayerService::CanDataCallBack
D/CanBusPlayer( 2388): CanBusPlayerService::notifyAllClient
D/CanBusPlayer( 2388): CanBusPlayerService::CanBusPlayer::notify pid is 2388 
D/CanBusData( 2388): CanBusData::mCallBack is null
D/CanBusData( 2388): CanBusData::NotifyToCallBack26,17,1
D/CanBusPlayer( 2388): CanBusPlayerService::CanDataCallBack
D/CanBusPlayer( 2388): CanBusPlayerService::notifyAllClient
D/CanBusPlayer( 2388): CanBusPlayerService::CanBusPlayer::notify pid is 2388 
D/CanBusData( 2388): CanBusData::mCallBack is null
D/CanData ( 2380): NPCanDataComManager::getDataFromDevice()84
D/CanData ( 2380): SIZE OF DATA [14]
D/CanData ( 2380): NPCanDataHandler::onCanDataRcv
D/CanData ( 2380): NPCanDataRcvEvent::NPCanDataRcvEvent
D/CanData ( 2380): NPCanDataRcvEvent::Pack(PBYTE pbyBuf, PINT piBufSize)
D/CanData ( 2380): NPCanDataComManager::checkFrame(), END curPos:0
D/CanData ( 2388): NPCanDataRcvEvent::NPCanDataRcvEvent(PBYTE pbyBuf, PINT piBufSize)
D/CanBusData( 2388): onRcvCanDataEvent
D/CanBusData( 2388): onRcvCanDataEvent:newnewnewnew[12][16][6][48][8][0][0][0][32][0][0][0][0][0]
D/CanBusData( 2388): onRcvCanDataEvent value is 1584,into switch 
D/CanBusData( 2388): CanBus_BDY_STATUS  INFO 
D/CanBusData( 2388): CanBusData::onBDYInfoChange
D/CanBusData( 2388): CanBusData::NotifyToCallBack26,17,2
D/CanBusPlayer( 2388): CanBusPlayerService::CanDataCallBack
D/CanBusPlayer( 2388): CanBusPlayerService::notifyAllClient
D/CanBusPlayer( 2388): CanBusPlayerService::CanBusPlayer::notify pid is 2388 
D/CanBusData( 2388): CanBusData::mCallBack is null
D/CanData ( 2380): NPCanDataComManager::getDataFromDevice()85
D/CanData ( 2380): SIZE OF DATA [14]
D/CanData ( 2380): NPCanDataHandler::onCanDataRcv
D/CanData ( 2380): NPCanDataRcvEvent::NPCanDataRcvEvent
D/CanData ( 2380): NPCanDataRcvEvent::Pack(PBYTE pbyBuf, PINT piBufSize)
D/CanData ( 2380): NPCanDataComManager::checkFrame(), END curPos:0
D/CanData ( 2388): NPCanDataRcvEvent::NPCanDataRcvEvent(PBYTE pbyBuf, PINT piBufSize)
D/CanBusData( 2388): onRcvCanDataEvent
D/CanBusData( 2388): onRcvCanDataEvent:newnewnewnew[12][16][6][48][8][0][0][0][48][0][0][0][0][0]
D/CanBusData( 2388): onRcvCanDataEvent value is 1584,into switch 
D/CanBusData( 2388): CanBus_BDY_STATUS  INFO 
D/CanBusData( 2388): CanBusData::onBDYInfoChange
D/CanBusData( 2388): CanBusData::NotifyToCallBack26,17,3
D/CanBusPlayer( 2388): CanBusPlayerService::CanDataCallBack
D/CanBusPlayer( 2388): CanBusPlayerService::notifyAllClient
D/CanBusPlayer( 2388): CanBusPlayerService::CanBusPlayer::notify pid is 2388 
D/CanBusData( 2388): CanBusData::mCallBack is null
D/CanData ( 2380): NPCanDataComManager::getDataFromDevice()86
D/CanData ( 2380): SIZE OF DATA [14]
D/CanData ( 2380): NPCanDataHandler::onCanDataRcv
D/CanData ( 2380): NPCanDataRcvEvent::NPCanDataRcvEvent
D/CanData ( 2380): NPCanDataRcvEvent::Pack(PBYTE pbyBuf, PINT piBufSize)
D/CanData ( 2380): NPCanDataComManager::checkFrame(), END curPos:0
D/CanData ( 2388): NPCanDataRcvEvent::NPCanDataRcvEvent(PBYTE pbyBuf, PINT piBufSize)
D/CanBusData( 2388): onRcvCanDataEvent
D/CanBusData( 2388): onRcvCanDataEvent:newnewnewnew[12][16][6][48][8][0][0][0][8][0][0][0][0][0]
D/CanBusData( 2388): onRcvCanDataEvent value is 1584,into switch 
D/CanBusData( 2388): CanBus_BDY_STATUS  INFO 
D/CanBusData( 2388): CanBusData::onBDYInfoChange
D/CanBusData( 2388): CanBusData::NotifyToCallBack26,17,0
D/CanBusPlayer( 2388): CanBusPlayerService::CanDataCallBack
D/CanBusPlayer( 2388): CanBusPlayerService::notifyAllClient
D/CanBusPlayer( 2388): CanBusPlayerService::CanBusPlayer::notify pid is 2388 
D/CanBusData( 2388): CanBusData::mCallBack is null
D/CanBusData( 2388): CanBusData::NotifyToCallBack26,18,1
D/CanBusPlayer( 2388): CanBusPlayerService::CanDataCallBack
D/CanBusPlayer( 2388): CanBusPlayerService::notifyAllClient
D/CanBusPlayer( 2388): CanBusPlayerService::CanBusPlayer::notify pid is 2388 
D/CanBusData( 2388): CanBusData::mCallBack is null
D/CanData ( 2380): NPCanDataComManager::getDataFromDevice()87
D/CanData ( 2380): SIZE OF DATA [14]
D/CanData ( 2380): NPCanDataHandler::onCanDataRcv
D/CanData ( 2380): NPCanDataRcvEvent::NPCanDataRcvEvent
D/CanData ( 2380): NPCanDataRcvEvent::Pack(PBYTE pbyBuf, PINT piBufSize)
D/CanData ( 2380): NPCanDataComManager::checkFrame(), END curPos:0
D/CanData ( 2388): NPCanDataRcvEvent::NPCanDataRcvEvent(PBYTE pbyBuf, PINT piBufSize)
D/CanBusData( 2388): onRcvCanDataEvent
D/CanBusData( 2388): onRcvCanDataEvent:newnewnewnew[12][16][6][48][8][0][0][0][0][8][0][0][0][0]
D/CanBusData( 2388): onRcvCanDataEvent value is 1584,into switch 
D/CanBusData( 2388): CanBus_BDY_STATUS  INFO 
D/CanBusData( 2388): CanBusData::onBDYInfoChange
D/CanBusData( 2388): CanBusData::NotifyToCallBack26,18,0
D/CanBusPlayer( 2388): CanBusPlayerService::CanDataCallBack
D/CanBusPlayer( 2388): CanBusPlayerService::notifyAllClient
D/CanBusPlayer( 2388): CanBusPlayerService::CanBusPlayer::notify pid is 2388 
D/CanBusData( 2388): CanBusData::mCallBack is null
D/CanBusData( 2388): CanBusData::NotifyToCallBack26,19,1
D/CanBusPlayer( 2388): CanBusPlayerService::CanDataCallBack
D/CanBusPlayer( 2388): CanBusPlayerService::notifyAllClient
D/CanBusPlayer( 2388): CanBusPlayerService::CanBusPlayer::notify pid is 2388 
D/CanBusData( 2388): CanBusData::mCallBack is null
D/CanData ( 2380): NPCanDataComManager::getDataFromDevice()88
D/CanData ( 2380): SIZE OF DATA [14]
D/CanData ( 2380): NPCanDataHandler::onCanDataRcv
D/CanData ( 2380): NPCanDataRcvEvent::NPCanDataRcvEvent
D/CanData ( 2380): NPCanDataRcvEvent::Pack(PBYTE pbyBuf, PINT piBufSize)
D/CanData ( 2380): NPCanDataComManager::checkFrame(), END curPos:0
D/CanData ( 2388): NPCanDataRcvEvent::NPCanDataRcvEvent(PBYTE pbyBuf, PINT piBufSize)
D/CanBusData( 2388): onRcvCanDataEvent
D/CanBusData( 2388): onRcvCanDataEvent:newnewnewnew[12][16][6][48][8][0][0][0][0][16][0][0][0][0]
D/CanBusData( 2388): onRcvCanDataEvent value is 1584,into switch 
D/CanBusData( 2388): CanBus_BDY_STATUS  INFO 
D/CanBusData( 2388): CanBusData::onBDYInfoChange
D/CanBusData( 2388): CanBusData::NotifyToCallBack26,19,2
D/CanBusPlayer( 2388): CanBusPlayerService::CanDataCallBack
D/CanBusPlayer( 2388): CanBusPlayerService::notifyAllClient
D/CanBusPlayer( 2388): CanBusPlayerService::CanBusPlayer::notify pid is 2388 
D/CanBusData( 2388): CanBusData::mCallBack is null
D/CanData ( 2380): NPCanDataComManager::getDataFromDevice()89
D/CanData ( 2380): SIZE OF DATA [14]
D/CanData ( 2380): NPCanDataHandler::onCanDataRcv
D/CanData ( 2380): NPCanDataRcvEvent::NPCanDataRcvEvent
D/CanData ( 2380): NPCanDataRcvEvent::Pack(PBYTE pbyBuf, PINT piBufSize)
D/CanData ( 2380): NPCanDataComManager::checkFrame(), END curPos:0
D/CanData ( 2388): NPCanDataRcvEvent::NPCanDataRcvEvent(PBYTE pbyBuf, PINT piBufSize)
D/CanBusData( 2388): onRcvCanDataEvent
D/CanBusData( 2388): onRcvCanDataEvent:newnewnewnew[12][16][6][48][8][0][0][0][0][32][0][0][0][0]
D/CanBusData( 2388): onRcvCanDataEvent value is 1584,into switch 
D/CanBusData( 2388): CanBus_BDY_STATUS  INFO 
D/CanBusData( 2388): CanBusData::onBDYInfoChange
D/CanBusData( 2388): CanBusData::NotifyToCallBack26,19,4
D/CanBusPlayer( 2388): CanBusPlayerService::CanDataCallBack
D/CanBusPlayer( 2388): CanBusPlayerService::notifyAllClient
D/CanBusPlayer( 2388): CanBusPlayerService::CanBusPlayer::notify pid is 2388 
D/CanBusData( 2388): CanBusData::mCallBack is null
D/CanData ( 2380): NPCanDataComManager::getDataFromDevice()90
D/CanData ( 2380): SIZE OF DATA [14]
D/CanData ( 2380): NPCanDataHandler::onCanDataRcv
D/CanData ( 2380): NPCanDataRcvEvent::NPCanDataRcvEvent
D/CanData ( 2380): NPCanDataRcvEvent::Pack(PBYTE pbyBuf, PINT piBufSize)
D/CanData ( 2380): NPCanDataComManager::checkFrame(), END curPos:0
D/CanData ( 2388): NPCanDataRcvEvent::NPCanDataRcvEvent(PBYTE pbyBuf, PINT piBufSize)
D/CanBusData( 2388): onRcvCanDataEvent
D/CanBusData( 2388): onRcvCanDataEvent:newnewnewnew[12][16][6][48][8][0][0][0][0][48][0][0][0][0]
D/CanBusData( 2388): onRcvCanDataEvent value is 1584,into switch 
D/CanBusData( 2388): CanBus_BDY_STATUS  INFO 
D/CanBusData( 2388): CanBusData::onBDYInfoChange
D/CanBusData( 2388): CanBusData::NotifyToCallBack26,19,6
D/CanBusPlayer( 2388): CanBusPlayerService::CanDataCallBack
D/CanBusPlayer( 2388): CanBusPlayerService::notifyAllClient
D/CanBusPlayer( 2388): CanBusPlayerService::CanBusPlayer::notify pid is 2388 
D/CanBusData( 2388): CanBusData::mCallBack is null
D/CanData ( 2380): NPCanDataComManager::getDataFromDevice()91
D/CanData ( 2380): SIZE OF DATA [14]
D/CanData ( 2380): NPCanDataHandler::onCanDataRcv
D/CanData ( 2380): NPCanDataRcvEvent::NPCanDataRcvEvent
D/CanData ( 2380): NPCanDataRcvEvent::Pack(PBYTE pbyBuf, PINT piBufSize)
D/CanData ( 2380): NPCanDataComManager::checkFrame(), END curPos:0
D/CanData ( 2388): NPCanDataRcvEvent::NPCanDataRcvEvent(PBYTE pbyBuf, PINT piBufSize)
D/CanBusData( 2388): onRcvCanDataEvent
D/CanBusData( 2388): onRcvCanDataEvent:newnewnewnew[12][16][6][48][8][0][0][0][0][64][0][0][0][0]
D/CanBusData( 2388): onRcvCanDataEvent value is 1584,into switch 
D/CanBusData( 2388): CanBus_BDY_STATUS  INFO 
D/CanBusData( 2388): CanBusData::onBDYInfoChange
D/CanBusData( 2388): CanBusData::NotifyToCallBack26,19,8
D/CanBusPlayer( 2388): CanBusPlayerService::CanDataCallBack
